Prosjekt/dftest.csv
"UPC","DESCRIP","BRAND","STORE","WEEK","MOVE","SALES","PRICE","SALE","PROFIT","name","city","zip","lat","long","age9","age60","ethnic","educ","nocar","income","incsigma","hsizeavg","hsize1","hsize2","hsize34","hsize567","hh3plus","hh4plus","hhsingle","hhlarge","workwom","sinhouse","density","hval150","hval200","hvalmean","single","retired","unemp","wrkch5","wrkch17","nwrkch5","nwrkch17","wrkch","nwrkch","wrkwch","wrkwnch","telephn","mortgage","nwhite","poverty","shpcons","shphurr","shpavid","shpkstr","shpunft","shpbird","shopindx","shpindx"
1470002020,"SALERNO GRAHAM CRACK","SALERNO",71,34,10,21.1,2.11,"B",26.73,"DOMINICKS   71","NORTH RIVERSIDE",60546,418456,878058,0.111723683774471,0.268070876598358,0.0748280063271523,0.15958808362484,0.153432175517082,10.4048385620117,24154.4921875,2.30708408355713,0.338495343923569,0.323887974023819,0.262602955102921,0.0750137269496918,0.337616682052612,0.189236685633659,0.338495343923569,0.0750137269496918,0.303101748228073,0.546188175678253,0.000507021031808108,0.163882434368134,0.0733770355582237,120.298156738281,0.267061322927475,0.23249027132988,0.179617762565613,0.0340114757418633,0.0845070406794548,0.0524778291583061,0.0463223792612553,0.118518516421318,0.0988002121448517,0.0336985737085342,0.272069454193115,0.979461848735809,0.443118870258331,0.10079163312912,0.0733743384480476,0.111818984150887,0.0977592244744301,0.17992091178894,0.268782943487167,0.245166957378387,0.096550963819027,0.697799980640411,0.697799980640411
1470002020,"SALERNO GRAHAM CRACK","SALERNO",71,35,5,11.15,2.23,"",30.67,"DOMINICKS   71","NORTH RIVERSIDE",60546,418456,878058,0.111723683774471,0.268070876598358,0.0748280063271523,0.15958808362484,0.153432175517082,10.4048385620117,24154.4921875,2.30708408355713,0.338495343923569,0.323887974023819,0.262602955102921,0.0750137269496918,0.337616682052612,0.189236685633659,0.338495343923569,0.0750137269496918,0.303101748228073,0.546188175678253,0.000507021031808108,0.163882434368134,0.0733770355582237,120.298156738281,0.267061322927475,0.23249027132988,0.179617762565613,0.0340114757418633,0.0845070406794548,0.0524778291583061,0.0463223792612553,0.118518516421318,0.0988002121448517,0.0336985737085342,0.272069454193115,0.979461848735809,0.443118870258331,0.10079163312912,0.0733743384480476,0.111818984150887,0.0977592244744301,0.17992091178894,0.268782943487167,0.245166957378387,0.096550963819027,0.697799980640411,0.697799980640411
1470002020,"SALERNO GRAHAM CRACK","SALERNO",71,36,3,6.69,2.23,"",30.67,"DOMINICKS   71","NORTH RIVERSIDE",60546,418456,878058,0.111723683774471,0.268070876598358,0.0748280063271523,0.15958808362484,0.153432175517082,10.4048385620117,24154.4921875,2.30708408355713,0.338495343923569,0.323887974023819,0.262602955102921,0.0750137269496918,0.337616682052612,0.189236685633659,0.338495343923569,0.0750137269496918,0.303101748228073,0.546188175678253,0.000507021031808108,0.163882434368134,0.0733770355582237,120.298156738281,0.267061322927475,0.23249027132988,0.179617762565613,0.0340114757418633,0.0845070406794548,0.0524778291583061,0.0463223792612553,0.118518516421318,0.0988002121448517,0.0336985737085342,0.272069454193115,0.979461848735809,0.443118870258331,0.10079163312912,0.0733743384480476,0.111818984150887,0.0977592244744301,0.17992091178894,0.268782943487167,0.245166957378387,0.096550963819027,0.697799980640411,0.697799980640411
1470002020,"SALERNO GRAHAM CRACK","SALERNO",71,37,6,13.38,2.23,"",30.67,"DOMINICKS   71","NORTH RIVERSIDE",60546,418456,878058,0.111723683774471,0.268070876598358,0.0748280063271523,0.15958808362484,0.153432175517082,10.4048385620117,24154.4921875,2.30708408355713,0.338495343923569,0.323887974023819,0.262602955102921,0.0750137269496918,0.337616682052612,0.189236685633659,0.338495343923569,0.0750137269496918,0.303101748228073,0.546188175678253,0.000507021031808108,0.163882434368134,0.0733770355582237,120.298156738281,0.267061322927475,0.23249027132988,0.179617762565613,0.0340114757418633,0.0845070406794548,0.0524778291583061,0.0463223792612553,0.118518516421318,0.0988002121448517,0.0336985737085342,0.272069454193115,0.979461848735809,0.443118870258331,0.10079163312912,0.0733743384480476,0.111818984150887,0.0977592244744301,0.17992091178894,0.268782943487167,0.245166957378387,0.096550963819027,0.697799980640411,0.697799980640411
1470002020,"SALERNO GRAHAM CRACK","SALERNO",71,38,10,22.3,2.23,"",30.67,"DOMINICKS   71","NORTH RIVERSIDE",60546,418456,878058,0.111723683774471,0.268070876598358,0.0748280063271523,0.15958808362484,0.153432175517082,10.4048385620117,24154.4921875,2.30708408355713,0.338495343923569,0.323887974023819,0.262602955102921,0.0750137269496918,0.337616682052612,0.189236685633659,0.338495343923569,0.0750137269496918,0.303101748228073,0.546188175678253,0.000507021031808108,0.163882434368134,0.0733770355582237,120.298156738281,0.267061322927475,0.23249027132988,0.179617762565613,0.0340114757418633,0.0845070406794548,0.0524778291583061,0.0463223792612553,0.118518516421318,0.0988002121448517,0.0336985737085342,0.272069454193115,0.979461848735809,0.443118870258331,0.10079163312912,0.0733743384480476,0.111818984150887,0.0977592244744301,0.17992091178894,0.268782943487167,0.245166957378387,0.096550963819027,0.697799980640411,0.697799980640411
1470002020,"SALERNO GRAHAM CRACK","SALERNO",71,39,3,6.69,2.23,"",30.67,"DOMINICKS   71","NORTH RIVERSIDE",60546,418456,878058,0.111723683774471,0.268070876598358,0.0748280063271523,0.15958808362484,0.153432175517082,10.4048385620117,24154.4921875,2.30708408355713,0.338495343923569,0.323887974023819,0.262602955102921,0.0750137269496918,0.337616682052612,0.189236685633659,0.338495343923569,0.0750137269496918,0.303101748228073,0.546188175678253,0.000507021031808108,0.163882434368134,0.0733770355582237,120.298156738281,0.267061322927475,0.23249027132988,0.179617762565613,0.0340114757418633,0.0845070406794548,0.0524778291583061,0.0463223792612553,0.118518516421318,0.0988002121448517,0.0336985737085342,0.272069454193115,0.979461848735809,0.443118870258331,0.10079163312912,0.0733743384480476,0.111818984150887,0.0977592244744301,0.17992091178894,0.268782943487167,0.245166957378387,0.096550963819027,0.697799980640411,0.697799980640411
1470002020,"SALERNO GRAHAM CRACK","SALERNO",71,40,7,15.61,2.23,"",30.67,"DOMINICKS   71","NORTH RIVERSIDE",60546,418456,878058,0.111723683774471,0.268070876598358,0.0748280063271523,0.15958808362484,0.153432175517082,10.4048385620117,24154.4921875,2.30708408355713,0.338495343923569,0.323887974023819,0.262602955102921,0.0750137269496918,0.337616682052612,0.189236685633659,0.338495343923569,0.0750137269496918,0.303101748228073,0.546188175678253,0.000507021031808108,0.163882434368134,0.0733770355582237,120.298156738281,0.267061322927475,0.23249027132988,0.179617762565613,0.0340114757418633,0.0845070406794548,0.0524778291583061,0.0463223792612553,0.118518516421318,0.0988002121448517,0.0336985737085342,0.272069454193115,0.979461848735809,0.443118870258331,0.10079163312912,0.0733743384480476,0.111818984150887,0.0977592244744301,0.17992091178894,0.268782943487167,0.245166957378387,0.096550963819027,0.697799980640411,0.697799980640411
1470002020,"SALERNO GRAHAM CRACK","SALERNO",71,41,17,33.83,1.99,"B",22.31,"DOMINICKS   71","NORTH RIVERSIDE",60546,418456,878058,0.111723683774471,0.268070876598358,0.0748280063271523,0.15958808362484,0.153432175517082,10.4048385620117,24154.4921875,2.30708408355713,0.338495343923569,0.323887974023819,0.262602955102921,0.0750137269496918,0.337616682052612,0.189236685633659,0.338495343923569,0.0750137269496918,0.303101748228073,0.546188175678253,0.000507021031808108,0.163882434368134,0.0733770355582237,120.298156738281,0.267061322927475,0.23249027132988,0.179617762565613,0.0340114757418633,0.0845070406794548,0.0524778291583061,0.0463223792612553,0.118518516421318,0.0988002121448517,0.0336985737085342,0.272069454193115,0.979461848735809,0.443118870258331,0.10079163312912,0.0733743384480476,0.111818984150887,0.0977592244744301,0.17992091178894,0.268782943487167,0.245166957378387,0.096550963819027,0.697799980640411,0.697799980640411
1470002020,"SALERNO GRAHAM CRACK","SALERNO",71,42,10,22.3,2.23,"",30.67,"DOMINICKS   71","NORTH RIVERSIDE",60546,418456,878058,0.111723683774471,0.268070876598358,0.0748280063271523,0.15958808362484,0.153432175517082,10.4048385620117,24154.4921875,2.30708408355713,0.338495343923569,0.323887974023819,0.262602955102921,0.0750137269496918,0.337616682052612,0.189236685633659,0.338495343923569,0.0750137269496918,0.303101748228073,0.546188175678253,0.000507021031808108,0.163882434368134,0.0733770355582237,120.298156738281,0.267061322927475,0.23249027132988,0.179617762565613,0.0340114757418633,0.0845070406794548,0.0524778291583061,0.0463223792612553,0.118518516421318,0.0988002121448517,0.0336985737085342,0.272069454193115,0.979461848735809,0.443118870258331,0.10079163312912,0.0733743384480476,0.111818984150887,0.0977592244744301,0.17992091178894,0.268782943487167,0.245166957378387,0.096550963819027,0.697799980640411,0.697799980640411
1470002020,"SALERNO GRAHAM CRACK","SALERNO",71,43,7,15.61,2.23,"",30.67,"DOMINICKS   71","NORTH RIVERSIDE",60546,418456,878058,0.111723683774471,0.268070876598358,0.0748280063271523,0.15958808362484,0.153432175517082,10.4048385620117,24154.4921875,2.30708408355713,0.338495343923569,0.323887974023819,0.262602955102921,0.0750137269496918,0.337616682052612,0.189236685633659,0.338495343923569,0.0750137269496918,0.303101748228073,0.546188175678253,0.000507021031808108,0.163882434368134,0.0733770355582237,120.298156738281,0.267061322927475,0.23249027132988,0.179617762565613,0.0340114757418633,0.0845070406794548,0.0524778291583061,0.0463223792612553,0.118518516421318,0.0988002121448517,0.0336985737085342,0.272069454193115,0.979461848735809,0.443118870258331,0.10079163312912,0.0733743384480476,0.111818984150887,0.0977592244744301,0.17992091178894,0.268782943487167,0.245166957378387,0.096550963819027,0.697799980640411,0.697799980640411
1470002020,"SALERNO GRAHAM CRACK","SALERNO",71,44,5,11.15,2.23,"",30.67,"DOMINICKS   71","NORTH RIVERSIDE",60546,418456,878058,0.111723683774471,0.268070876598358,0.0748280063271523,0.15958808362484,0.153432175517082,10.4048385620117,24154.4921875,2.30708408355713,0.338495343923569,0.323887974023819,0.262602955102921,0.0750137269496918,0.337616682052612,0.189236685633659,0.338495343923569,0.0750137269496918,0.303101748228073,0.546188175678253,0.000507021031808108,0.163882434368134,0.0733770355582237,120.298156738281,0.267061322927475,0.23249027132988,0.179617762565613,0.0340114757418633,0.0845070406794548,0.0524778291583061,0.0463223792612553,0.118518516421318,0.0988002121448517,0.0336985737085342,0.272069454193115,0.979461848735809,0.443118870258331,0.10079163312912,0.0733743384480476,0.111818984150887,0.0977592244744301,0.17992091178894,0.268782943487167,0.245166957378387,0.096550963819027,0.697799980640411,0.697799980640411
1470002020,"SALERNO GRAHAM CRACK","SALERNO",71,45,2,4.46,2.23,"",30.67,"DOMINICKS   71","NORTH RIVERSIDE",60546,418456,878058,0.111723683774471,0.268070876598358,0.0748280063271523,0.15958808362484,0.153432175517082,10.4048385620117,24154.4921875,2.30708408355713,0.338495343923569,0.323887974023819,0.262602955102921,0.0750137269496918,0.337616682052612,0.189236685633659,0.338495343923569,0.0750137269496918,0.303101748228073,0.546188175678253,0.000507021031808108,0.163882434368134,0.0733770355582237,120.298156738281,0.267061322927475,0.23249027132988,0.179617762565613,0.0340114757418633,0.0845070406794548,0.0524778291583061,0.0463223792612553,0.118518516421318,0.0988002121448517,0.0336985737085342,0.272069454193115,0.979461848735809,0.443118870258331,0.10079163312912,0.0733743384480476,0.111818984150887,0.0977592244744301,0.17992091178894,0.268782943487167,0.245166957378387,0.096550963819027,0.697799980640411,0.697799980640411
1470002020,"SALERNO GRAHAM CRACK","SALERNO",71,46,8,17.84,2.23,"",30.67,"DOMINICKS   71","NORTH RIVERSIDE",60546,418456,878058,0.111723683774471,0.268070876598358,0.0748280063271523,0.15958808362484,0.153432175517082,10.4048385620117,24154.4921875,2.30708408355713,0.338495343923569,0.323887974023819,0.262602955102921,0.0750137269496918,0.337616682052612,0.189236685633659,0.338495343923569,0.0750137269496918,0.303101748228073,0.546188175678253,0.000507021031808108,0.163882434368134,0.0733770355582237,120.298156738281,0.267061322927475,0.23249027132988,0.179617762565613,0.0340114757418633,0.0845070406794548,0.0524778291583061,0.0463223792612553,0.118518516421318,0.0988002121448517,0.0336985737085342,0.272069454193115,0.979461848735809,0.443118870258331,0.10079163312912,0.0733743384480476,0.111818984150887,0.0977592244744301,0.17992091178894,0.268782943487167,0.245166957378387,0.096550963819027,0.697799980640411,0.697799980640411
1470002020,"SALERNO GRAHAM CRACK","SALERNO",71,47,11,24.53,2.23,"",30.67,"DOMINICKS   71","NORTH RIVERSIDE",60546,418456,878058,0.111723683774471,0.268070876598358,0.0748280063271523,0.15958808362484,0.153432175517082,10.4048385620117,24154.4921875,2.30708408355713,0.338495343923569,0.323887974023819,0.262602955102921,0.0750137269496918,0.337616682052612,0.189236685633659,0.338495343923569,0.0750137269496918,0.303101748228073,0.546188175678253,0.000507021031808108,0.163882434368134,0.0733770355582237,120.298156738281,0.267061322927475,0.23249027132988,0.179617762565613,0.0340114757418633,0.0845070406794548,0.0524778291583061,0.0463223792612553,0.118518516421318,0.0988002121448517,0.0336985737085342,0.272069454193115,0.979461848735809,0.443118870258331,0.10079163312912,0.0733743384480476,0.111818984150887,0.0977592244744301,0.17992091178894,0.268782943487167,0.245166957378387,0.096550963819027,0.697799980640411,0.697799980640411
1470002020,"SALERNO GRAHAM CRACK","SALERNO",71,48,9,20.07,2.23,"",30.67,"DOMINICKS   71","NORTH RIVERSIDE",60546,418456,878058,0.111723683774471,0.268070876598358,0.0748280063271523,0.15958808362484,0.153432175517082,10.4048385620117,24154.4921875,2.30708408355713,0.338495343923569,0.323887974023819,0.262602955102921,0.0750137269496918,0.337616682052612,0.189236685633659,0.338495343923569,0.0750137269496918,0.303101748228073,0.546188175678253,0.000507021031808108,0.163882434368134,0.0733770355582237,120.298156738281,0.267061322927475,0.23249027132988,0.179617762565613,0.0340114757418633,0.0845070406794548,0.0524778291583061,0.0463223792612553,0.118518516421318,0.0988002121448517,0.0336985737085342,0.272069454193115,0.979461848735809,0.443118870258331,0.10079163312912,0.0733743384480476,0.111818984150887,0.0977592244744301,0.17992091178894,0.268782943487167,0.245166957378387,0.096550963819027,0.697799980640411,0.697799980640411
1470002020,"SALERNO GRAHAM CRACK","SALERNO",71,49,16,35.68,2.23,"",30.67,"DOMINICKS   71","NORTH RIVERSIDE",60546,418456,878058,0.111723683774471,0.268070876598358,0.0748280063271523,0.15958808362484,0.153432175517082,10.4048385620117,24154.4921875,2.30708408355713,0.338495343923569,0.323887974023819,0.262602955102921,0.0750137269496918,0.337616682052612,0.189236685633659,0.338495343923569,0.0750137269496918,0.303101748228073,0.546188175678253,0.000507021031808108,0.163882434368134,0.0733770355582237,120.298156738281,0.267061322927475,0.23249027132988,0.179617762565613,0.0340114757418633,0.0845070406794548,0.0524778291583061,0.0463223792612553,0.118518516421318,0.0988002121448517,0.0336985737085342,0.272069454193115,0.979461848735809,0.443118870258331,0.10079163312912,0.0733743384480476,0.111818984150887,0.0977592244744301,0.17992091178894,0.268782943487167,0.245166957378387,0.096550963819027,0.697799980640411,0.697799980640411
1470002020,"SALERNO GRAHAM CRACK","SALERNO",71,50,11,22.33,2.03,"B",23.84,"DOMINICKS   71","NORTH RIVERSIDE",60546,418456,878058,0.111723683774471,0.268070876598358,0.0748280063271523,0.15958808362484,0.153432175517082,10.4048385620117,24154.4921875,2.30708408355713,0.338495343923569,0.323887974023819,0.262602955102921,0.0750137269496918,0.337616682052612,0.189236685633659,0.338495343923569,0.0750137269496918,0.303101748228073,0.546188175678253,0.000507021031808108,0.163882434368134,0.0733770355582237,120.298156738281,0.267061322927475,0.23249027132988,0.179617762565613,0.0340114757418633,0.0845070406794548,0.0524778291583061,0.0463223792612553,0.118518516421318,0.0988002121448517,0.0336985737085342,0.272069454193115,0.979461848735809,0.443118870258331,0.10079163312912,0.0733743384480476,0.111818984150887,0.0977592244744301,0.17992091178894,0.268782943487167,0.245166957378387,0.096550963819027,0.697799980640411,0.697799980640411
1470002020,"SALERNO GRAHAM CRACK","SALERNO",71,51,15,29.85,1.99,"B",22.31,"DOMINICKS   71","NORTH RIVERSIDE",60546,418456,878058,0.111723683774471,0.268070876598358,0.0748280063271523,0.15958808362484,0.153432175517082,10.4048385620117,24154.4921875,2.30708408355713,0.338495343923569,0.323887974023819,0.262602955102921,0.0750137269496918,0.337616682052612,0.189236685633659,0.338495343923569,0.0750137269496918,0.303101748228073,0.546188175678253,0.000507021031808108,0.163882434368134,0.0733770355582237,120.298156738281,0.267061322927475,0.23249027132988,0.179617762565613,0.0340114757418633,0.0845070406794548,0.0524778291583061,0.0463223792612553,0.118518516421318,0.0988002121448517,0.0336985737085342,0.272069454193115,0.979461848735809,0.443118870258331,0.10079163312912,0.0733743384480476,0.111818984150887,0.0977592244744301,0.17992091178894,0.268782943487167,0.245166957378387,0.096550963819027,0.697799980640411,0.697799980640411
