Prosjekt/dftest.csv
"UPC","DESCRIP","BRAND","STORE","WEEK","MOVE","SALES","PRICE","SALE","PROFIT","name","city","zip","lat","long","age9","age60","ethnic","educ","nocar","income","incsigma","hsizeavg","hsize1","hsize2","hsize34","hsize567","hh3plus","hh4plus","hhsingle","hhlarge","workwom","sinhouse","density","hval150","hval200","hvalmean","single","retired","unemp","wrkch5","wrkch17","nwrkch5","nwrkch17","wrkch","nwrkch","wrkwch","wrkwnch","telephn","mortgage","nwhite","poverty","shpcons","shphurr","shpavid","shpkstr","shpunft","shpbird","shopindx","shpindx"
1470002020,"SALERNO GRAHAM CRACK","SALERNO",71,52,5,11.15,2.23,"B",30.67,"DOMINICKS   71","NORTH RIVERSIDE",60546,418456,878058,0.111723683774471,0.268070876598358,0.0748280063271523,0.15958808362484,0.153432175517082,10.4048385620117,24154.4921875,2.30708408355713,0.338495343923569,0.323887974023819,0.262602955102921,0.0750137269496918,0.337616682052612,0.189236685633659,0.338495343923569,0.0750137269496918,0.303101748228073,0.546188175678253,0.000507021031808108,0.163882434368134,0.0733770355582237,120.298156738281,0.267061322927475,0.23249027132988,0.179617762565613,0.0340114757418633,0.0845070406794548,0.0524778291583061,0.0463223792612553,0.118518516421318,0.0988002121448517,0.0336985737085342,0.272069454193115,0.979461848735809,0.443118870258331,0.10079163312912,0.0733743384480476,0.111818984150887,0.0977592244744301,0.17992091178894,0.268782943487167,0.245166957378387,0.096550963819027,0.697799980640411,0.697799980640411
1470002020,"SALERNO GRAHAM CRACK","SALERNO",71,53,12,26.76,2.23,"",30.67,"DOMINICKS   71","NORTH RIVERSIDE",60546,418456,878058,0.111723683774471,0.268070876598358,0.0748280063271523,0.15958808362484,0.153432175517082,10.4048385620117,24154.4921875,2.30708408355713,0.338495343923569,0.323887974023819,0.262602955102921,0.0750137269496918,0.337616682052612,0.189236685633659,0.338495343923569,0.0750137269496918,0.303101748228073,0.546188175678253,0.000507021031808108,0.163882434368134,0.0733770355582237,120.298156738281,0.267061322927475,0.23249027132988,0.179617762565613,0.0340114757418633,0.0845070406794548,0.0524778291583061,0.0463223792612553,0.118518516421318,0.0988002121448517,0.0336985737085342,0.272069454193115,0.979461848735809,0.443118870258331,0.10079163312912,0.0733743384480476,0.111818984150887,0.0977592244744301,0.17992091178894,0.268782943487167,0.245166957378387,0.096550963819027,0.697799980640411,0.697799980640411
1470002020,"SALERNO GRAHAM CRACK","SALERNO",71,54,13,28.99,2.23,"",30.67,"DOMINICKS   71","NORTH RIVERSIDE",60546,418456,878058,0.111723683774471,0.268070876598358,0.0748280063271523,0.15958808362484,0.153432175517082,10.4048385620117,24154.4921875,2.30708408355713,0.338495343923569,0.323887974023819,0.262602955102921,0.0750137269496918,0.337616682052612,0.189236685633659,0.338495343923569,0.0750137269496918,0.303101748228073,0.546188175678253,0.000507021031808108,0.163882434368134,0.0733770355582237,120.298156738281,0.267061322927475,0.23249027132988,0.179617762565613,0.0340114757418633,0.0845070406794548,0.0524778291583061,0.0463223792612553,0.118518516421318,0.0988002121448517,0.0336985737085342,0.272069454193115,0.979461848735809,0.443118870258331,0.10079163312912,0.0733743384480476,0.111818984150887,0.0977592244744301,0.17992091178894,0.268782943487167,0.245166957378387,0.096550963819027,0.697799980640411,0.697799980640411
1470002020,"SALERNO GRAHAM CRACK","SALERNO",71,55,8,17.84,2.23,"",30.67,"DOMINICKS   71","NORTH RIVERSIDE",60546,418456,878058,0.111723683774471,0.268070876598358,0.0748280063271523,0.15958808362484,0.153432175517082,10.4048385620117,24154.4921875,2.30708408355713,0.338495343923569,0.323887974023819,0.262602955102921,0.0750137269496918,0.337616682052612,0.189236685633659,0.338495343923569,0.0750137269496918,0.303101748228073,0.546188175678253,0.000507021031808108,0.163882434368134,0.0733770355582237,120.298156738281,0.267061322927475,0.23249027132988,0.179617762565613,0.0340114757418633,0.0845070406794548,0.0524778291583061,0.0463223792612553,0.118518516421318,0.0988002121448517,0.0336985737085342,0.272069454193115,0.979461848735809,0.443118870258331,0.10079163312912,0.0733743384480476,0.111818984150887,0.0977592244744301,0.17992091178894,0.268782943487167,0.245166957378387,0.096550963819027,0.697799980640411,0.697799980640411
1470002020,"SALERNO GRAHAM CRACK","SALERNO",71,56,10,22.3,2.23,"",30.67,"DOMINICKS   71","NORTH RIVERSIDE",60546,418456,878058,0.111723683774471,0.268070876598358,0.0748280063271523,0.15958808362484,0.153432175517082,10.4048385620117,24154.4921875,2.30708408355713,0.338495343923569,0.323887974023819,0.262602955102921,0.0750137269496918,0.337616682052612,0.189236685633659,0.338495343923569,0.0750137269496918,0.303101748228073,0.546188175678253,0.000507021031808108,0.163882434368134,0.0733770355582237,120.298156738281,0.267061322927475,0.23249027132988,0.179617762565613,0.0340114757418633,0.0845070406794548,0.0524778291583061,0.0463223792612553,0.118518516421318,0.0988002121448517,0.0336985737085342,0.272069454193115,0.979461848735809,0.443118870258331,0.10079163312912,0.0733743384480476,0.111818984150887,0.0977592244744301,0.17992091178894,0.268782943487167,0.245166957378387,0.096550963819027,0.697799980640411,0.697799980640411
1470002020,"SALERNO GRAHAM CRACK","SALERNO",71,57,11,24.53,2.23,"",30.67,"DOMINICKS   71","NORTH RIVERSIDE",60546,418456,878058,0.111723683774471,0.268070876598358,0.0748280063271523,0.15958808362484,0.153432175517082,10.4048385620117,24154.4921875,2.30708408355713,0.338495343923569,0.323887974023819,0.262602955102921,0.0750137269496918,0.337616682052612,0.189236685633659,0.338495343923569,0.0750137269496918,0.303101748228073,0.546188175678253,0.000507021031808108,0.163882434368134,0.0733770355582237,120.298156738281,0.267061322927475,0.23249027132988,0.179617762565613,0.0340114757418633,0.0845070406794548,0.0524778291583061,0.0463223792612553,0.118518516421318,0.0988002121448517,0.0336985737085342,0.272069454193115,0.979461848735809,0.443118870258331,0.10079163312912,0.0733743384480476,0.111818984150887,0.0977592244744301,0.17992091178894,0.268782943487167,0.245166957378387,0.096550963819027,0.697799980640411,0.697799980640411
1470002020,"SALERNO GRAHAM CRACK","SALERNO",71,58,12,26.76,2.23,"",30.67,"DOMINICKS   71","NORTH RIVERSIDE",60546,418456,878058,0.111723683774471,0.268070876598358,0.0748280063271523,0.15958808362484,0.153432175517082,10.4048385620117,24154.4921875,2.30708408355713,0.338495343923569,0.323887974023819,0.262602955102921,0.0750137269496918,0.337616682052612,0.189236685633659,0.338495343923569,0.0750137269496918,0.303101748228073,0.546188175678253,0.000507021031808108,0.163882434368134,0.0733770355582237,120.298156738281,0.267061322927475,0.23249027132988,0.179617762565613,0.0340114757418633,0.0845070406794548,0.0524778291583061,0.0463223792612553,0.118518516421318,0.0988002121448517,0.0336985737085342,0.272069454193115,0.979461848735809,0.443118870258331,0.10079163312912,0.0733743384480476,0.111818984150887,0.0977592244744301,0.17992091178894,0.268782943487167,0.245166957378387,0.096550963819027,0.697799980640411,0.697799980640411
1470002020,"SALERNO GRAHAM CRACK","SALERNO",71,59,13,26.39,2.03,"B",23.84,"DOMINICKS   71","NORTH RIVERSIDE",60546,418456,878058,0.111723683774471,0.268070876598358,0.0748280063271523,0.15958808362484,0.153432175517082,10.4048385620117,24154.4921875,2.30708408355713,0.338495343923569,0.323887974023819,0.262602955102921,0.0750137269496918,0.337616682052612,0.189236685633659,0.338495343923569,0.0750137269496918,0.303101748228073,0.546188175678253,0.000507021031808108,0.163882434368134,0.0733770355582237,120.298156738281,0.267061322927475,0.23249027132988,0.179617762565613,0.0340114757418633,0.0845070406794548,0.0524778291583061,0.0463223792612553,0.118518516421318,0.0988002121448517,0.0336985737085342,0.272069454193115,0.979461848735809,0.443118870258331,0.10079163312912,0.0733743384480476,0.111818984150887,0.0977592244744301,0.17992091178894,0.268782943487167,0.245166957378387,0.096550963819027,0.697799980640411,0.697799980640411
1470002020,"SALERNO GRAHAM CRACK","SALERNO",71,60,20,39.8,1.99,"B",22.31,"DOMINICKS   71","NORTH RIVERSIDE",60546,418456,878058,0.111723683774471,0.268070876598358,0.0748280063271523,0.15958808362484,0.153432175517082,10.4048385620117,24154.4921875,2.30708408355713,0.338495343923569,0.323887974023819,0.262602955102921,0.0750137269496918,0.337616682052612,0.189236685633659,0.338495343923569,0.0750137269496918,0.303101748228073,0.546188175678253,0.000507021031808108,0.163882434368134,0.0733770355582237,120.298156738281,0.267061322927475,0.23249027132988,0.179617762565613,0.0340114757418633,0.0845070406794548,0.0524778291583061,0.0463223792612553,0.118518516421318,0.0988002121448517,0.0336985737085342,0.272069454193115,0.979461848735809,0.443118870258331,0.10079163312912,0.0733743384480476,0.111818984150887,0.0977592244744301,0.17992091178894,0.268782943487167,0.245166957378387,0.096550963819027,0.697799980640411,0.697799980640411
1470002020,"SALERNO GRAHAM CRACK","SALERNO",71,61,10,22.3,2.23,"",30.67,"DOMINICKS   71","NORTH RIVERSIDE",60546,418456,878058,0.111723683774471,0.268070876598358,0.0748280063271523,0.15958808362484,0.153432175517082,10.4048385620117,24154.4921875,2.30708408355713,0.338495343923569,0.323887974023819,0.262602955102921,0.0750137269496918,0.337616682052612,0.189236685633659,0.338495343923569,0.0750137269496918,0.303101748228073,0.546188175678253,0.000507021031808108,0.163882434368134,0.0733770355582237,120.298156738281,0.267061322927475,0.23249027132988,0.179617762565613,0.0340114757418633,0.0845070406794548,0.0524778291583061,0.0463223792612553,0.118518516421318,0.0988002121448517,0.0336985737085342,0.272069454193115,0.979461848735809,0.443118870258331,0.10079163312912,0.0733743384480476,0.111818984150887,0.0977592244744301,0.17992091178894,0.268782943487167,0.245166957378387,0.096550963819027,0.697799980640411,0.697799980640411
1470002020,"SALERNO GRAHAM CRACK","SALERNO",71,62,19,42.37,2.23,"",30.67,"DOMINICKS   71","NORTH RIVERSIDE",60546,418456,878058,0.111723683774471,0.268070876598358,0.0748280063271523,0.15958808362484,0.153432175517082,10.4048385620117,24154.4921875,2.30708408355713,0.338495343923569,0.323887974023819,0.262602955102921,0.0750137269496918,0.337616682052612,0.189236685633659,0.338495343923569,0.0750137269496918,0.303101748228073,0.546188175678253,0.000507021031808108,0.163882434368134,0.0733770355582237,120.298156738281,0.267061322927475,0.23249027132988,0.179617762565613,0.0340114757418633,0.0845070406794548,0.0524778291583061,0.0463223792612553,0.118518516421318,0.0988002121448517,0.0336985737085342,0.272069454193115,0.979461848735809,0.443118870258331,0.10079163312912,0.0733743384480476,0.111818984150887,0.0977592244744301,0.17992091178894,0.268782943487167,0.245166957378387,0.096550963819027,0.697799980640411,0.697799980640411
1470002020,"SALERNO GRAHAM CRACK","SALERNO",71,63,2,4.46,2.23,"",30.67,"DOMINICKS   71","NORTH RIVERSIDE",60546,418456,878058,0.111723683774471,0.268070876598358,0.0748280063271523,0.15958808362484,0.153432175517082,10.4048385620117,24154.4921875,2.30708408355713,0.338495343923569,0.323887974023819,0.262602955102921,0.0750137269496918,0.337616682052612,0.189236685633659,0.338495343923569,0.0750137269496918,0.303101748228073,0.546188175678253,0.000507021031808108,0.163882434368134,0.0733770355582237,120.298156738281,0.267061322927475,0.23249027132988,0.179617762565613,0.0340114757418633,0.0845070406794548,0.0524778291583061,0.0463223792612553,0.118518516421318,0.0988002121448517,0.0336985737085342,0.272069454193115,0.979461848735809,0.443118870258331,0.10079163312912,0.0733743384480476,0.111818984150887,0.0977592244744301,0.17992091178894,0.268782943487167,0.245166957378387,0.096550963819027,0.697799980640411,0.697799980640411
1470002020,"SALERNO GRAHAM CRACK","SALERNO",71,64,9,20.07,2.23,"",30.67,"DOMINICKS   71","NORTH RIVERSIDE",60546,418456,878058,0.111723683774471,0.268070876598358,0.0748280063271523,0.15958808362484,0.153432175517082,10.4048385620117,24154.4921875,2.30708408355713,0.338495343923569,0.323887974023819,0.262602955102921,0.0750137269496918,0.337616682052612,0.189236685633659,0.338495343923569,0.0750137269496918,0.303101748228073,0.546188175678253,0.000507021031808108,0.163882434368134,0.0733770355582237,120.298156738281,0.267061322927475,0.23249027132988,0.179617762565613,0.0340114757418633,0.0845070406794548,0.0524778291583061,0.0463223792612553,0.118518516421318,0.0988002121448517,0.0336985737085342,0.272069454193115,0.979461848735809,0.443118870258331,0.10079163312912,0.0733743384480476,0.111818984150887,0.0977592244744301,0.17992091178894,0.268782943487167,0.245166957378387,0.096550963819027,0.697799980640411,0.697799980640411
1470002020,"SALERNO GRAHAM CRACK","SALERNO",71,65,12,26.76,2.23,"",30.67,"DOMINICKS   71","NORTH RIVERSIDE",60546,418456,878058,0.111723683774471,0.268070876598358,0.0748280063271523,0.15958808362484,0.153432175517082,10.4048385620117,24154.4921875,2.30708408355713,0.338495343923569,0.323887974023819,0.262602955102921,0.0750137269496918,0.337616682052612,0.189236685633659,0.338495343923569,0.0750137269496918,0.303101748228073,0.546188175678253,0.000507021031808108,0.163882434368134,0.0733770355582237,120.298156738281,0.267061322927475,0.23249027132988,0.179617762565613,0.0340114757418633,0.0845070406794548,0.0524778291583061,0.0463223792612553,0.118518516421318,0.0988002121448517,0.0336985737085342,0.272069454193115,0.979461848735809,0.443118870258331,0.10079163312912,0.0733743384480476,0.111818984150887,0.0977592244744301,0.17992091178894,0.268782943487167,0.245166957378387,0.096550963819027,0.697799980640411,0.697799980640411
1470002020,"SALERNO GRAHAM CRACK","SALERNO",71,66,20,44.6,2.23,"",30.67,"DOMINICKS   71","NORTH RIVERSIDE",60546,418456,878058,0.111723683774471,0.268070876598358,0.0748280063271523,0.15958808362484,0.153432175517082,10.4048385620117,24154.4921875,2.30708408355713,0.338495343923569,0.323887974023819,0.262602955102921,0.0750137269496918,0.337616682052612,0.189236685633659,0.338495343923569,0.0750137269496918,0.303101748228073,0.546188175678253,0.000507021031808108,0.163882434368134,0.0733770355582237,120.298156738281,0.267061322927475,0.23249027132988,0.179617762565613,0.0340114757418633,0.0845070406794548,0.0524778291583061,0.0463223792612553,0.118518516421318,0.0988002121448517,0.0336985737085342,0.272069454193115,0.979461848735809,0.443118870258331,0.10079163312912,0.0733743384480476,0.111818984150887,0.0977592244744301,0.17992091178894,0.268782943487167,0.245166957378387,0.096550963819027,0.697799980640411,0.697799980640411
1470002020,"SALERNO GRAHAM CRACK","SALERNO",71,67,18,40.14,2.23,"",30.67,"DOMINICKS   71","NORTH RIVERSIDE",60546,418456,878058,0.111723683774471,0.268070876598358,0.0748280063271523,0.15958808362484,0.153432175517082,10.4048385620117,24154.4921875,2.30708408355713,0.338495343923569,0.323887974023819,0.262602955102921,0.0750137269496918,0.337616682052612,0.189236685633659,0.338495343923569,0.0750137269496918,0.303101748228073,0.546188175678253,0.000507021031808108,0.163882434368134,0.0733770355582237,120.298156738281,0.267061322927475,0.23249027132988,0.179617762565613,0.0340114757418633,0.0845070406794548,0.0524778291583061,0.0463223792612553,0.118518516421318,0.0988002121448517,0.0336985737085342,0.272069454193115,0.979461848735809,0.443118870258331,0.10079163312912,0.0733743384480476,0.111818984150887,0.0977592244744301,0.17992091178894,0.268782943487167,0.245166957378387,0.096550963819027,0.697799980640411,0.697799980640411
1470002020,"SALERNO GRAHAM CRACK","SALERNO",71,68,7,15.61,2.23,"",30.67,"DOMINICKS   71","NORTH RIVERSIDE",60546,418456,878058,0.111723683774471,0.268070876598358,0.0748280063271523,0.15958808362484,0.153432175517082,10.4048385620117,24154.4921875,2.30708408355713,0.338495343923569,0.323887974023819,0.262602955102921,0.0750137269496918,0.337616682052612,0.189236685633659,0.338495343923569,0.0750137269496918,0.303101748228073,0.546188175678253,0.000507021031808108,0.163882434368134,0.0733770355582237,120.298156738281,0.267061322927475,0.23249027132988,0.179617762565613,0.0340114757418633,0.0845070406794548,0.0524778291583061,0.0463223792612553,0.118518516421318,0.0988002121448517,0.0336985737085342,0.272069454193115,0.979461848735809,0.443118870258331,0.10079163312912,0.0733743384480476,0.111818984150887,0.0977592244744301,0.17992091178894,0.268782943487167,0.245166957378387,0.096550963819027,0.697799980640411,0.697799980640411
1470002020,"SALERNO GRAHAM CRACK","SALERNO",118,16,7,14.91,2.13,"",27.42,"DOMINICKS  118","MORTON GROVE",60053,420403,877706,0.103791818022728,0.289442390203476,0.0406691431999207,0.224725887179375,0.0817836821079254,10.632363319397,25706.873046875,2.52182173728943,0.23908919095993,0.365085393190384,0.305692613124847,0.09013282507658,0.395825415849686,0.227703988552094,0.23908919095993,0.09013282507658,0.354977458715439,0.597803831100464,0.000887732370756567,0.475752770900726,0.159746438264847,162.711563110352,0.220619276165962,0.184881597757339,0.140255004167557,0.0337337516248226,0.118479512631893,0.0485436879098415,0.0529866702854633,0.152213260531425,0.101530358195305,0.0332954376935959,0.299009263515472,0.995446801185608,0.649134278297424,0.178587362170219,0.0392789356410503,0.0643263757228851,0.143263757228851,0.166034162044525,0.211005687713623,0.336053133010864,0.0793168917298317,0.796408355236053,0.796408355236053
