Prosjekt/dftest.csv
"UPC","DESCRIP","BRAND","STORE","WEEK","MOVE","SALES","PRICE","SALE","PROFIT","name","city","zip","lat","long","age9","age60","ethnic","educ","nocar","income","incsigma","hsizeavg","hsize1","hsize2","hsize34","hsize567","hh3plus","hh4plus","hhsingle","hhlarge","workwom","sinhouse","density","hval150","hval200","hvalmean","single","retired","unemp","wrkch5","wrkch17","nwrkch5","nwrkch17","wrkch","nwrkch","wrkwch","wrkwnch","telephn","mortgage","nwhite","poverty","shpcons","shphurr","shpavid","shpkstr","shpunft","shpbird","shopindx","shpindx"
1470002020,"SALERNO GRAHAM CRACK","SALERNO",118,17,12,21.96,1.83,"",15.52,"DOMINICKS  118","MORTON GROVE",60053,420403,877706,0.103791818022728,0.289442390203476,0.0406691431999207,0.224725887179375,0.0817836821079254,10.632363319397,25706.873046875,2.52182173728943,0.23908919095993,0.365085393190384,0.305692613124847,0.09013282507658,0.395825415849686,0.227703988552094,0.23908919095993,0.09013282507658,0.354977458715439,0.597803831100464,0.000887732370756567,0.475752770900726,0.159746438264847,162.711563110352,0.220619276165962,0.184881597757339,0.140255004167557,0.0337337516248226,0.118479512631893,0.0485436879098415,0.0529866702854633,0.152213260531425,0.101530358195305,0.0332954376935959,0.299009263515472,0.995446801185608,0.649134278297424,0.178587362170219,0.0392789356410503,0.0643263757228851,0.143263757228851,0.166034162044525,0.211005687713623,0.336053133010864,0.0793168917298317,0.796408355236053,0.796408355236053
1470002020,"SALERNO GRAHAM CRACK","SALERNO",118,18,18,32.94,1.83,"B",15.52,"DOMINICKS  118","MORTON GROVE",60053,420403,877706,0.103791818022728,0.289442390203476,0.0406691431999207,0.224725887179375,0.0817836821079254,10.632363319397,25706.873046875,2.52182173728943,0.23908919095993,0.365085393190384,0.305692613124847,0.09013282507658,0.395825415849686,0.227703988552094,0.23908919095993,0.09013282507658,0.354977458715439,0.597803831100464,0.000887732370756567,0.475752770900726,0.159746438264847,162.711563110352,0.220619276165962,0.184881597757339,0.140255004167557,0.0337337516248226,0.118479512631893,0.0485436879098415,0.0529866702854633,0.152213260531425,0.101530358195305,0.0332954376935959,0.299009263515472,0.995446801185608,0.649134278297424,0.178587362170219,0.0392789356410503,0.0643263757228851,0.143263757228851,0.166034162044525,0.211005687713623,0.336053133010864,0.0793168917298317,0.796408355236053,0.796408355236053
1470002020,"SALERNO GRAHAM CRACK","SALERNO",118,19,20,36.6,1.83,"B",15.52,"DOMINICKS  118","MORTON GROVE",60053,420403,877706,0.103791818022728,0.289442390203476,0.0406691431999207,0.224725887179375,0.0817836821079254,10.632363319397,25706.873046875,2.52182173728943,0.23908919095993,0.365085393190384,0.305692613124847,0.09013282507658,0.395825415849686,0.227703988552094,0.23908919095993,0.09013282507658,0.354977458715439,0.597803831100464,0.000887732370756567,0.475752770900726,0.159746438264847,162.711563110352,0.220619276165962,0.184881597757339,0.140255004167557,0.0337337516248226,0.118479512631893,0.0485436879098415,0.0529866702854633,0.152213260531425,0.101530358195305,0.0332954376935959,0.299009263515472,0.995446801185608,0.649134278297424,0.178587362170219,0.0392789356410503,0.0643263757228851,0.143263757228851,0.166034162044525,0.211005687713623,0.336053133010864,0.0793168917298317,0.796408355236053,0.796408355236053
1470002020,"SALERNO GRAHAM CRACK","SALERNO",118,20,7,14.91,2.13,"",27.42,"DOMINICKS  118","MORTON GROVE",60053,420403,877706,0.103791818022728,0.289442390203476,0.0406691431999207,0.224725887179375,0.0817836821079254,10.632363319397,25706.873046875,2.52182173728943,0.23908919095993,0.365085393190384,0.305692613124847,0.09013282507658,0.395825415849686,0.227703988552094,0.23908919095993,0.09013282507658,0.354977458715439,0.597803831100464,0.000887732370756567,0.475752770900726,0.159746438264847,162.711563110352,0.220619276165962,0.184881597757339,0.140255004167557,0.0337337516248226,0.118479512631893,0.0485436879098415,0.0529866702854633,0.152213260531425,0.101530358195305,0.0332954376935959,0.299009263515472,0.995446801185608,0.649134278297424,0.178587362170219,0.0392789356410503,0.0643263757228851,0.143263757228851,0.166034162044525,0.211005687713623,0.336053133010864,0.0793168917298317,0.796408355236053,0.796408355236053
1470002020,"SALERNO GRAHAM CRACK","SALERNO",118,21,13,27.69,2.13,"",27.42,"DOMINICKS  118","MORTON GROVE",60053,420403,877706,0.103791818022728,0.289442390203476,0.0406691431999207,0.224725887179375,0.0817836821079254,10.632363319397,25706.873046875,2.52182173728943,0.23908919095993,0.365085393190384,0.305692613124847,0.09013282507658,0.395825415849686,0.227703988552094,0.23908919095993,0.09013282507658,0.354977458715439,0.597803831100464,0.000887732370756567,0.475752770900726,0.159746438264847,162.711563110352,0.220619276165962,0.184881597757339,0.140255004167557,0.0337337516248226,0.118479512631893,0.0485436879098415,0.0529866702854633,0.152213260531425,0.101530358195305,0.0332954376935959,0.299009263515472,0.995446801185608,0.649134278297424,0.178587362170219,0.0392789356410503,0.0643263757228851,0.143263757228851,0.166034162044525,0.211005687713623,0.336053133010864,0.0793168917298317,0.796408355236053,0.796408355236053
1470002020,"SALERNO GRAHAM CRACK","SALERNO",118,22,5,10.65,2.13,"",27.42,"DOMINICKS  118","MORTON GROVE",60053,420403,877706,0.103791818022728,0.289442390203476,0.0406691431999207,0.224725887179375,0.0817836821079254,10.632363319397,25706.873046875,2.52182173728943,0.23908919095993,0.365085393190384,0.305692613124847,0.09013282507658,0.395825415849686,0.227703988552094,0.23908919095993,0.09013282507658,0.354977458715439,0.597803831100464,0.000887732370756567,0.475752770900726,0.159746438264847,162.711563110352,0.220619276165962,0.184881597757339,0.140255004167557,0.0337337516248226,0.118479512631893,0.0485436879098415,0.0529866702854633,0.152213260531425,0.101530358195305,0.0332954376935959,0.299009263515472,0.995446801185608,0.649134278297424,0.178587362170219,0.0392789356410503,0.0643263757228851,0.143263757228851,0.166034162044525,0.211005687713623,0.336053133010864,0.0793168917298317,0.796408355236053,0.796408355236053
1470002020,"SALERNO GRAHAM CRACK","SALERNO",118,23,11,23.43,2.13,"",27.42,"DOMINICKS  118","MORTON GROVE",60053,420403,877706,0.103791818022728,0.289442390203476,0.0406691431999207,0.224725887179375,0.0817836821079254,10.632363319397,25706.873046875,2.52182173728943,0.23908919095993,0.365085393190384,0.305692613124847,0.09013282507658,0.395825415849686,0.227703988552094,0.23908919095993,0.09013282507658,0.354977458715439,0.597803831100464,0.000887732370756567,0.475752770900726,0.159746438264847,162.711563110352,0.220619276165962,0.184881597757339,0.140255004167557,0.0337337516248226,0.118479512631893,0.0485436879098415,0.0529866702854633,0.152213260531425,0.101530358195305,0.0332954376935959,0.299009263515472,0.995446801185608,0.649134278297424,0.178587362170219,0.0392789356410503,0.0643263757228851,0.143263757228851,0.166034162044525,0.211005687713623,0.336053133010864,0.0793168917298317,0.796408355236053,0.796408355236053
1470002020,"SALERNO GRAHAM CRACK","SALERNO",118,24,10,21.3,2.13,"",27.42,"DOMINICKS  118","MORTON GROVE",60053,420403,877706,0.103791818022728,0.289442390203476,0.0406691431999207,0.224725887179375,0.0817836821079254,10.632363319397,25706.873046875,2.52182173728943,0.23908919095993,0.365085393190384,0.305692613124847,0.09013282507658,0.395825415849686,0.227703988552094,0.23908919095993,0.09013282507658,0.354977458715439,0.597803831100464,0.000887732370756567,0.475752770900726,0.159746438264847,162.711563110352,0.220619276165962,0.184881597757339,0.140255004167557,0.0337337516248226,0.118479512631893,0.0485436879098415,0.0529866702854633,0.152213260531425,0.101530358195305,0.0332954376935959,0.299009263515472,0.995446801185608,0.649134278297424,0.178587362170219,0.0392789356410503,0.0643263757228851,0.143263757228851,0.166034162044525,0.211005687713623,0.336053133010864,0.0793168917298317,0.796408355236053,0.796408355236053
1470002020,"SALERNO GRAHAM CRACK","SALERNO",118,25,15,31.95,2.13,"",27.42,"DOMINICKS  118","MORTON GROVE",60053,420403,877706,0.103791818022728,0.289442390203476,0.0406691431999207,0.224725887179375,0.0817836821079254,10.632363319397,25706.873046875,2.52182173728943,0.23908919095993,0.365085393190384,0.305692613124847,0.09013282507658,0.395825415849686,0.227703988552094,0.23908919095993,0.09013282507658,0.354977458715439,0.597803831100464,0.000887732370756567,0.475752770900726,0.159746438264847,162.711563110352,0.220619276165962,0.184881597757339,0.140255004167557,0.0337337516248226,0.118479512631893,0.0485436879098415,0.0529866702854633,0.152213260531425,0.101530358195305,0.0332954376935959,0.299009263515472,0.995446801185608,0.649134278297424,0.178587362170219,0.0392789356410503,0.0643263757228851,0.143263757228851,0.166034162044525,0.211005687713623,0.336053133010864,0.0793168917298317,0.796408355236053,0.796408355236053
1470002020,"SALERNO GRAHAM CRACK","SALERNO",118,26,10,21.3,2.13,"",27.42,"DOMINICKS  118","MORTON GROVE",60053,420403,877706,0.103791818022728,0.289442390203476,0.0406691431999207,0.224725887179375,0.0817836821079254,10.632363319397,25706.873046875,2.52182173728943,0.23908919095993,0.365085393190384,0.305692613124847,0.09013282507658,0.395825415849686,0.227703988552094,0.23908919095993,0.09013282507658,0.354977458715439,0.597803831100464,0.000887732370756567,0.475752770900726,0.159746438264847,162.711563110352,0.220619276165962,0.184881597757339,0.140255004167557,0.0337337516248226,0.118479512631893,0.0485436879098415,0.0529866702854633,0.152213260531425,0.101530358195305,0.0332954376935959,0.299009263515472,0.995446801185608,0.649134278297424,0.178587362170219,0.0392789356410503,0.0643263757228851,0.143263757228851,0.166034162044525,0.211005687713623,0.336053133010864,0.0793168917298317,0.796408355236053,0.796408355236053
1470002020,"SALERNO GRAHAM CRACK","SALERNO",118,27,5,10.65,2.13,"",27.42,"DOMINICKS  118","MORTON GROVE",60053,420403,877706,0.103791818022728,0.289442390203476,0.0406691431999207,0.224725887179375,0.0817836821079254,10.632363319397,25706.873046875,2.52182173728943,0.23908919095993,0.365085393190384,0.305692613124847,0.09013282507658,0.395825415849686,0.227703988552094,0.23908919095993,0.09013282507658,0.354977458715439,0.597803831100464,0.000887732370756567,0.475752770900726,0.159746438264847,162.711563110352,0.220619276165962,0.184881597757339,0.140255004167557,0.0337337516248226,0.118479512631893,0.0485436879098415,0.0529866702854633,0.152213260531425,0.101530358195305,0.0332954376935959,0.299009263515472,0.995446801185608,0.649134278297424,0.178587362170219,0.0392789356410503,0.0643263757228851,0.143263757228851,0.166034162044525,0.211005687713623,0.336053133010864,0.0793168917298317,0.796408355236053,0.796408355236053
1470002020,"SALERNO GRAHAM CRACK","SALERNO",118,28,11,23.43,2.13,"",27.42,"DOMINICKS  118","MORTON GROVE",60053,420403,877706,0.103791818022728,0.289442390203476,0.0406691431999207,0.224725887179375,0.0817836821079254,10.632363319397,25706.873046875,2.52182173728943,0.23908919095993,0.365085393190384,0.305692613124847,0.09013282507658,0.395825415849686,0.227703988552094,0.23908919095993,0.09013282507658,0.354977458715439,0.597803831100464,0.000887732370756567,0.475752770900726,0.159746438264847,162.711563110352,0.220619276165962,0.184881597757339,0.140255004167557,0.0337337516248226,0.118479512631893,0.0485436879098415,0.0529866702854633,0.152213260531425,0.101530358195305,0.0332954376935959,0.299009263515472,0.995446801185608,0.649134278297424,0.178587362170219,0.0392789356410503,0.0643263757228851,0.143263757228851,0.166034162044525,0.211005687713623,0.336053133010864,0.0793168917298317,0.796408355236053,0.796408355236053
1470002020,"SALERNO GRAHAM CRACK","SALERNO",118,29,7,14.91,2.13,"",27.42,"DOMINICKS  118","MORTON GROVE",60053,420403,877706,0.103791818022728,0.289442390203476,0.0406691431999207,0.224725887179375,0.0817836821079254,10.632363319397,25706.873046875,2.52182173728943,0.23908919095993,0.365085393190384,0.305692613124847,0.09013282507658,0.395825415849686,0.227703988552094,0.23908919095993,0.09013282507658,0.354977458715439,0.597803831100464,0.000887732370756567,0.475752770900726,0.159746438264847,162.711563110352,0.220619276165962,0.184881597757339,0.140255004167557,0.0337337516248226,0.118479512631893,0.0485436879098415,0.0529866702854633,0.152213260531425,0.101530358195305,0.0332954376935959,0.299009263515472,0.995446801185608,0.649134278297424,0.178587362170219,0.0392789356410503,0.0643263757228851,0.143263757228851,0.166034162044525,0.211005687713623,0.336053133010864,0.0793168917298317,0.796408355236053,0.796408355236053
1470002020,"SALERNO GRAHAM CRACK","SALERNO",118,30,9,19.17,2.13,"",27.42,"DOMINICKS  118","MORTON GROVE",60053,420403,877706,0.103791818022728,0.289442390203476,0.0406691431999207,0.224725887179375,0.0817836821079254,10.632363319397,25706.873046875,2.52182173728943,0.23908919095993,0.365085393190384,0.305692613124847,0.09013282507658,0.395825415849686,0.227703988552094,0.23908919095993,0.09013282507658,0.354977458715439,0.597803831100464,0.000887732370756567,0.475752770900726,0.159746438264847,162.711563110352,0.220619276165962,0.184881597757339,0.140255004167557,0.0337337516248226,0.118479512631893,0.0485436879098415,0.0529866702854633,0.152213260531425,0.101530358195305,0.0332954376935959,0.299009263515472,0.995446801185608,0.649134278297424,0.178587362170219,0.0392789356410503,0.0643263757228851,0.143263757228851,0.166034162044525,0.211005687713623,0.336053133010864,0.0793168917298317,0.796408355236053,0.796408355236053
1470002020,"SALERNO GRAHAM CRACK","SALERNO",118,31,12,26.76,2.23,"",30.67,"DOMINICKS  118","MORTON GROVE",60053,420403,877706,0.103791818022728,0.289442390203476,0.0406691431999207,0.224725887179375,0.0817836821079254,10.632363319397,25706.873046875,2.52182173728943,0.23908919095993,0.365085393190384,0.305692613124847,0.09013282507658,0.395825415849686,0.227703988552094,0.23908919095993,0.09013282507658,0.354977458715439,0.597803831100464,0.000887732370756567,0.475752770900726,0.159746438264847,162.711563110352,0.220619276165962,0.184881597757339,0.140255004167557,0.0337337516248226,0.118479512631893,0.0485436879098415,0.0529866702854633,0.152213260531425,0.101530358195305,0.0332954376935959,0.299009263515472,0.995446801185608,0.649134278297424,0.178587362170219,0.0392789356410503,0.0643263757228851,0.143263757228851,0.166034162044525,0.211005687713623,0.336053133010864,0.0793168917298317,0.796408355236053,0.796408355236053
1470002020,"SALERNO GRAHAM CRACK","SALERNO",118,32,10,21.1,2.11,"B",26.73,"DOMINICKS  118","MORTON GROVE",60053,420403,877706,0.103791818022728,0.289442390203476,0.0406691431999207,0.224725887179375,0.0817836821079254,10.632363319397,25706.873046875,2.52182173728943,0.23908919095993,0.365085393190384,0.305692613124847,0.09013282507658,0.395825415849686,0.227703988552094,0.23908919095993,0.09013282507658,0.354977458715439,0.597803831100464,0.000887732370756567,0.475752770900726,0.159746438264847,162.711563110352,0.220619276165962,0.184881597757339,0.140255004167557,0.0337337516248226,0.118479512631893,0.0485436879098415,0.0529866702854633,0.152213260531425,0.101530358195305,0.0332954376935959,0.299009263515472,0.995446801185608,0.649134278297424,0.178587362170219,0.0392789356410503,0.0643263757228851,0.143263757228851,0.166034162044525,0.211005687713623,0.336053133010864,0.0793168917298317,0.796408355236053,0.796408355236053
1470002020,"SALERNO GRAHAM CRACK","SALERNO",118,36,27,60.21,2.23,"",30.67,"DOMINICKS  118","MORTON GROVE",60053,420403,877706,0.103791818022728,0.289442390203476,0.0406691431999207,0.224725887179375,0.0817836821079254,10.632363319397,25706.873046875,2.52182173728943,0.23908919095993,0.365085393190384,0.305692613124847,0.09013282507658,0.395825415849686,0.227703988552094,0.23908919095993,0.09013282507658,0.354977458715439,0.597803831100464,0.000887732370756567,0.475752770900726,0.159746438264847,162.711563110352,0.220619276165962,0.184881597757339,0.140255004167557,0.0337337516248226,0.118479512631893,0.0485436879098415,0.0529866702854633,0.152213260531425,0.101530358195305,0.0332954376935959,0.299009263515472,0.995446801185608,0.649134278297424,0.178587362170219,0.0392789356410503,0.0643263757228851,0.143263757228851,0.166034162044525,0.211005687713623,0.336053133010864,0.0793168917298317,0.796408355236053,0.796408355236053
1470002020,"SALERNO GRAHAM CRACK","SALERNO",118,37,9,20.07,2.23,"",30.67,"DOMINICKS  118","MORTON GROVE",60053,420403,877706,0.103791818022728,0.289442390203476,0.0406691431999207,0.224725887179375,0.0817836821079254,10.632363319397,25706.873046875,2.52182173728943,0.23908919095993,0.365085393190384,0.305692613124847,0.09013282507658,0.395825415849686,0.227703988552094,0.23908919095993,0.09013282507658,0.354977458715439,0.597803831100464,0.000887732370756567,0.475752770900726,0.159746438264847,162.711563110352,0.220619276165962,0.184881597757339,0.140255004167557,0.0337337516248226,0.118479512631893,0.0485436879098415,0.0529866702854633,0.152213260531425,0.101530358195305,0.0332954376935959,0.299009263515472,0.995446801185608,0.649134278297424,0.178587362170219,0.0392789356410503,0.0643263757228851,0.143263757228851,0.166034162044525,0.211005687713623,0.336053133010864,0.0793168917298317,0.796408355236053,0.796408355236053
