Prosjekt/dftest.csv
"UPC","DESCRIP","BRAND","STORE","WEEK","MOVE","SALES","PRICE","SALE","PROFIT","name","city","zip","lat","long","age9","age60","ethnic","educ","nocar","income","incsigma","hsizeavg","hsize1","hsize2","hsize34","hsize567","hh3plus","hh4plus","hhsingle","hhlarge","workwom","sinhouse","density","hval150","hval200","hvalmean","single","retired","unemp","wrkch5","wrkch17","nwrkch5","nwrkch17","wrkch","nwrkch","wrkwch","wrkwnch","telephn","mortgage","nwhite","poverty","shpcons","shphurr","shpavid","shpkstr","shpunft","shpbird","shopindx","shpindx"
1470002020,"SALERNO GRAHAM CRACK","SALERNO",118,38,11,24.53,2.23,"",30.67,"DOMINICKS  118","MORTON GROVE",60053,420403,877706,0.103791818022728,0.289442390203476,0.0406691431999207,0.224725887179375,0.0817836821079254,10.632363319397,25706.873046875,2.52182173728943,0.23908919095993,0.365085393190384,0.305692613124847,0.09013282507658,0.395825415849686,0.227703988552094,0.23908919095993,0.09013282507658,0.354977458715439,0.597803831100464,0.000887732370756567,0.475752770900726,0.159746438264847,162.711563110352,0.220619276165962,0.184881597757339,0.140255004167557,0.0337337516248226,0.118479512631893,0.0485436879098415,0.0529866702854633,0.152213260531425,0.101530358195305,0.0332954376935959,0.299009263515472,0.995446801185608,0.649134278297424,0.178587362170219,0.0392789356410503,0.0643263757228851,0.143263757228851,0.166034162044525,0.211005687713623,0.336053133010864,0.0793168917298317,0.796408355236053,0.796408355236053
1470002020,"SALERNO GRAHAM CRACK","SALERNO",118,39,9,20.07,2.23,"",30.67,"DOMINICKS  118","MORTON GROVE",60053,420403,877706,0.103791818022728,0.289442390203476,0.0406691431999207,0.224725887179375,0.0817836821079254,10.632363319397,25706.873046875,2.52182173728943,0.23908919095993,0.365085393190384,0.305692613124847,0.09013282507658,0.395825415849686,0.227703988552094,0.23908919095993,0.09013282507658,0.354977458715439,0.597803831100464,0.000887732370756567,0.475752770900726,0.159746438264847,162.711563110352,0.220619276165962,0.184881597757339,0.140255004167557,0.0337337516248226,0.118479512631893,0.0485436879098415,0.0529866702854633,0.152213260531425,0.101530358195305,0.0332954376935959,0.299009263515472,0.995446801185608,0.649134278297424,0.178587362170219,0.0392789356410503,0.0643263757228851,0.143263757228851,0.166034162044525,0.211005687713623,0.336053133010864,0.0793168917298317,0.796408355236053,0.796408355236053
1470002020,"SALERNO GRAHAM CRACK","SALERNO",118,40,7,15.61,2.23,"",30.67,"DOMINICKS  118","MORTON GROVE",60053,420403,877706,0.103791818022728,0.289442390203476,0.0406691431999207,0.224725887179375,0.0817836821079254,10.632363319397,25706.873046875,2.52182173728943,0.23908919095993,0.365085393190384,0.305692613124847,0.09013282507658,0.395825415849686,0.227703988552094,0.23908919095993,0.09013282507658,0.354977458715439,0.597803831100464,0.000887732370756567,0.475752770900726,0.159746438264847,162.711563110352,0.220619276165962,0.184881597757339,0.140255004167557,0.0337337516248226,0.118479512631893,0.0485436879098415,0.0529866702854633,0.152213260531425,0.101530358195305,0.0332954376935959,0.299009263515472,0.995446801185608,0.649134278297424,0.178587362170219,0.0392789356410503,0.0643263757228851,0.143263757228851,0.166034162044525,0.211005687713623,0.336053133010864,0.0793168917298317,0.796408355236053,0.796408355236053
1470002020,"SALERNO GRAHAM CRACK","SALERNO",118,41,16,31.84,1.99,"B",22.31,"DOMINICKS  118","MORTON GROVE",60053,420403,877706,0.103791818022728,0.289442390203476,0.0406691431999207,0.224725887179375,0.0817836821079254,10.632363319397,25706.873046875,2.52182173728943,0.23908919095993,0.365085393190384,0.305692613124847,0.09013282507658,0.395825415849686,0.227703988552094,0.23908919095993,0.09013282507658,0.354977458715439,0.597803831100464,0.000887732370756567,0.475752770900726,0.159746438264847,162.711563110352,0.220619276165962,0.184881597757339,0.140255004167557,0.0337337516248226,0.118479512631893,0.0485436879098415,0.0529866702854633,0.152213260531425,0.101530358195305,0.0332954376935959,0.299009263515472,0.995446801185608,0.649134278297424,0.178587362170219,0.0392789356410503,0.0643263757228851,0.143263757228851,0.166034162044525,0.211005687713623,0.336053133010864,0.0793168917298317,0.796408355236053,0.796408355236053
1470002020,"SALERNO GRAHAM CRACK","SALERNO",118,42,13,28.99,2.23,"",30.67,"DOMINICKS  118","MORTON GROVE",60053,420403,877706,0.103791818022728,0.289442390203476,0.0406691431999207,0.224725887179375,0.0817836821079254,10.632363319397,25706.873046875,2.52182173728943,0.23908919095993,0.365085393190384,0.305692613124847,0.09013282507658,0.395825415849686,0.227703988552094,0.23908919095993,0.09013282507658,0.354977458715439,0.597803831100464,0.000887732370756567,0.475752770900726,0.159746438264847,162.711563110352,0.220619276165962,0.184881597757339,0.140255004167557,0.0337337516248226,0.118479512631893,0.0485436879098415,0.0529866702854633,0.152213260531425,0.101530358195305,0.0332954376935959,0.299009263515472,0.995446801185608,0.649134278297424,0.178587362170219,0.0392789356410503,0.0643263757228851,0.143263757228851,0.166034162044525,0.211005687713623,0.336053133010864,0.0793168917298317,0.796408355236053,0.796408355236053
1470002020,"SALERNO GRAHAM CRACK","SALERNO",118,43,7,15.61,2.23,"",30.67,"DOMINICKS  118","MORTON GROVE",60053,420403,877706,0.103791818022728,0.289442390203476,0.0406691431999207,0.224725887179375,0.0817836821079254,10.632363319397,25706.873046875,2.52182173728943,0.23908919095993,0.365085393190384,0.305692613124847,0.09013282507658,0.395825415849686,0.227703988552094,0.23908919095993,0.09013282507658,0.354977458715439,0.597803831100464,0.000887732370756567,0.475752770900726,0.159746438264847,162.711563110352,0.220619276165962,0.184881597757339,0.140255004167557,0.0337337516248226,0.118479512631893,0.0485436879098415,0.0529866702854633,0.152213260531425,0.101530358195305,0.0332954376935959,0.299009263515472,0.995446801185608,0.649134278297424,0.178587362170219,0.0392789356410503,0.0643263757228851,0.143263757228851,0.166034162044525,0.211005687713623,0.336053133010864,0.0793168917298317,0.796408355236053,0.796408355236053
1470002020,"SALERNO GRAHAM CRACK","SALERNO",118,44,3,6.69,2.23,"",30.67,"DOMINICKS  118","MORTON GROVE",60053,420403,877706,0.103791818022728,0.289442390203476,0.0406691431999207,0.224725887179375,0.0817836821079254,10.632363319397,25706.873046875,2.52182173728943,0.23908919095993,0.365085393190384,0.305692613124847,0.09013282507658,0.395825415849686,0.227703988552094,0.23908919095993,0.09013282507658,0.354977458715439,0.597803831100464,0.000887732370756567,0.475752770900726,0.159746438264847,162.711563110352,0.220619276165962,0.184881597757339,0.140255004167557,0.0337337516248226,0.118479512631893,0.0485436879098415,0.0529866702854633,0.152213260531425,0.101530358195305,0.0332954376935959,0.299009263515472,0.995446801185608,0.649134278297424,0.178587362170219,0.0392789356410503,0.0643263757228851,0.143263757228851,0.166034162044525,0.211005687713623,0.336053133010864,0.0793168917298317,0.796408355236053,0.796408355236053
1470002020,"SALERNO GRAHAM CRACK","SALERNO",118,45,7,15.61,2.23,"",30.67,"DOMINICKS  118","MORTON GROVE",60053,420403,877706,0.103791818022728,0.289442390203476,0.0406691431999207,0.224725887179375,0.0817836821079254,10.632363319397,25706.873046875,2.52182173728943,0.23908919095993,0.365085393190384,0.305692613124847,0.09013282507658,0.395825415849686,0.227703988552094,0.23908919095993,0.09013282507658,0.354977458715439,0.597803831100464,0.000887732370756567,0.475752770900726,0.159746438264847,162.711563110352,0.220619276165962,0.184881597757339,0.140255004167557,0.0337337516248226,0.118479512631893,0.0485436879098415,0.0529866702854633,0.152213260531425,0.101530358195305,0.0332954376935959,0.299009263515472,0.995446801185608,0.649134278297424,0.178587362170219,0.0392789356410503,0.0643263757228851,0.143263757228851,0.166034162044525,0.211005687713623,0.336053133010864,0.0793168917298317,0.796408355236053,0.796408355236053
1470002020,"SALERNO GRAHAM CRACK","SALERNO",118,46,6,13.38,2.23,"",30.67,"DOMINICKS  118","MORTON GROVE",60053,420403,877706,0.103791818022728,0.289442390203476,0.0406691431999207,0.224725887179375,0.0817836821079254,10.632363319397,25706.873046875,2.52182173728943,0.23908919095993,0.365085393190384,0.305692613124847,0.09013282507658,0.395825415849686,0.227703988552094,0.23908919095993,0.09013282507658,0.354977458715439,0.597803831100464,0.000887732370756567,0.475752770900726,0.159746438264847,162.711563110352,0.220619276165962,0.184881597757339,0.140255004167557,0.0337337516248226,0.118479512631893,0.0485436879098415,0.0529866702854633,0.152213260531425,0.101530358195305,0.0332954376935959,0.299009263515472,0.995446801185608,0.649134278297424,0.178587362170219,0.0392789356410503,0.0643263757228851,0.143263757228851,0.166034162044525,0.211005687713623,0.336053133010864,0.0793168917298317,0.796408355236053,0.796408355236053
1470002020,"SALERNO GRAHAM CRACK","SALERNO",118,47,6,13.38,2.23,"",30.67,"DOMINICKS  118","MORTON GROVE",60053,420403,877706,0.103791818022728,0.289442390203476,0.0406691431999207,0.224725887179375,0.0817836821079254,10.632363319397,25706.873046875,2.52182173728943,0.23908919095993,0.365085393190384,0.305692613124847,0.09013282507658,0.395825415849686,0.227703988552094,0.23908919095993,0.09013282507658,0.354977458715439,0.597803831100464,0.000887732370756567,0.475752770900726,0.159746438264847,162.711563110352,0.220619276165962,0.184881597757339,0.140255004167557,0.0337337516248226,0.118479512631893,0.0485436879098415,0.0529866702854633,0.152213260531425,0.101530358195305,0.0332954376935959,0.299009263515472,0.995446801185608,0.649134278297424,0.178587362170219,0.0392789356410503,0.0643263757228851,0.143263757228851,0.166034162044525,0.211005687713623,0.336053133010864,0.0793168917298317,0.796408355236053,0.796408355236053
1470002020,"SALERNO GRAHAM CRACK","SALERNO",118,48,6,13.38,2.23,"",30.67,"DOMINICKS  118","MORTON GROVE",60053,420403,877706,0.103791818022728,0.289442390203476,0.0406691431999207,0.224725887179375,0.0817836821079254,10.632363319397,25706.873046875,2.52182173728943,0.23908919095993,0.365085393190384,0.305692613124847,0.09013282507658,0.395825415849686,0.227703988552094,0.23908919095993,0.09013282507658,0.354977458715439,0.597803831100464,0.000887732370756567,0.475752770900726,0.159746438264847,162.711563110352,0.220619276165962,0.184881597757339,0.140255004167557,0.0337337516248226,0.118479512631893,0.0485436879098415,0.0529866702854633,0.152213260531425,0.101530358195305,0.0332954376935959,0.299009263515472,0.995446801185608,0.649134278297424,0.178587362170219,0.0392789356410503,0.0643263757228851,0.143263757228851,0.166034162044525,0.211005687713623,0.336053133010864,0.0793168917298317,0.796408355236053,0.796408355236053
1470002020,"SALERNO GRAHAM CRACK","SALERNO",118,49,6,13.38,2.23,"",30.67,"DOMINICKS  118","MORTON GROVE",60053,420403,877706,0.103791818022728,0.289442390203476,0.0406691431999207,0.224725887179375,0.0817836821079254,10.632363319397,25706.873046875,2.52182173728943,0.23908919095993,0.365085393190384,0.305692613124847,0.09013282507658,0.395825415849686,0.227703988552094,0.23908919095993,0.09013282507658,0.354977458715439,0.597803831100464,0.000887732370756567,0.475752770900726,0.159746438264847,162.711563110352,0.220619276165962,0.184881597757339,0.140255004167557,0.0337337516248226,0.118479512631893,0.0485436879098415,0.0529866702854633,0.152213260531425,0.101530358195305,0.0332954376935959,0.299009263515472,0.995446801185608,0.649134278297424,0.178587362170219,0.0392789356410503,0.0643263757228851,0.143263757228851,0.166034162044525,0.211005687713623,0.336053133010864,0.0793168917298317,0.796408355236053,0.796408355236053
1470002020,"SALERNO GRAHAM CRACK","SALERNO",118,50,4,8.12,2.03,"B",23.84,"DOMINICKS  118","MORTON GROVE",60053,420403,877706,0.103791818022728,0.289442390203476,0.0406691431999207,0.224725887179375,0.0817836821079254,10.632363319397,25706.873046875,2.52182173728943,0.23908919095993,0.365085393190384,0.305692613124847,0.09013282507658,0.395825415849686,0.227703988552094,0.23908919095993,0.09013282507658,0.354977458715439,0.597803831100464,0.000887732370756567,0.475752770900726,0.159746438264847,162.711563110352,0.220619276165962,0.184881597757339,0.140255004167557,0.0337337516248226,0.118479512631893,0.0485436879098415,0.0529866702854633,0.152213260531425,0.101530358195305,0.0332954376935959,0.299009263515472,0.995446801185608,0.649134278297424,0.178587362170219,0.0392789356410503,0.0643263757228851,0.143263757228851,0.166034162044525,0.211005687713623,0.336053133010864,0.0793168917298317,0.796408355236053,0.796408355236053
1470002020,"SALERNO GRAHAM CRACK","SALERNO",118,51,10,19.9,1.99,"B",22.31,"DOMINICKS  118","MORTON GROVE",60053,420403,877706,0.103791818022728,0.289442390203476,0.0406691431999207,0.224725887179375,0.0817836821079254,10.632363319397,25706.873046875,2.52182173728943,0.23908919095993,0.365085393190384,0.305692613124847,0.09013282507658,0.395825415849686,0.227703988552094,0.23908919095993,0.09013282507658,0.354977458715439,0.597803831100464,0.000887732370756567,0.475752770900726,0.159746438264847,162.711563110352,0.220619276165962,0.184881597757339,0.140255004167557,0.0337337516248226,0.118479512631893,0.0485436879098415,0.0529866702854633,0.152213260531425,0.101530358195305,0.0332954376935959,0.299009263515472,0.995446801185608,0.649134278297424,0.178587362170219,0.0392789356410503,0.0643263757228851,0.143263757228851,0.166034162044525,0.211005687713623,0.336053133010864,0.0793168917298317,0.796408355236053,0.796408355236053
1470002020,"SALERNO GRAHAM CRACK","SALERNO",118,52,7,15.61,2.23,"B",30.67,"DOMINICKS  118","MORTON GROVE",60053,420403,877706,0.103791818022728,0.289442390203476,0.0406691431999207,0.224725887179375,0.0817836821079254,10.632363319397,25706.873046875,2.52182173728943,0.23908919095993,0.365085393190384,0.305692613124847,0.09013282507658,0.395825415849686,0.227703988552094,0.23908919095993,0.09013282507658,0.354977458715439,0.597803831100464,0.000887732370756567,0.475752770900726,0.159746438264847,162.711563110352,0.220619276165962,0.184881597757339,0.140255004167557,0.0337337516248226,0.118479512631893,0.0485436879098415,0.0529866702854633,0.152213260531425,0.101530358195305,0.0332954376935959,0.299009263515472,0.995446801185608,0.649134278297424,0.178587362170219,0.0392789356410503,0.0643263757228851,0.143263757228851,0.166034162044525,0.211005687713623,0.336053133010864,0.0793168917298317,0.796408355236053,0.796408355236053
1470002020,"SALERNO GRAHAM CRACK","SALERNO",118,53,8,17.84,2.23,"",30.67,"DOMINICKS  118","MORTON GROVE",60053,420403,877706,0.103791818022728,0.289442390203476,0.0406691431999207,0.224725887179375,0.0817836821079254,10.632363319397,25706.873046875,2.52182173728943,0.23908919095993,0.365085393190384,0.305692613124847,0.09013282507658,0.395825415849686,0.227703988552094,0.23908919095993,0.09013282507658,0.354977458715439,0.597803831100464,0.000887732370756567,0.475752770900726,0.159746438264847,162.711563110352,0.220619276165962,0.184881597757339,0.140255004167557,0.0337337516248226,0.118479512631893,0.0485436879098415,0.0529866702854633,0.152213260531425,0.101530358195305,0.0332954376935959,0.299009263515472,0.995446801185608,0.649134278297424,0.178587362170219,0.0392789356410503,0.0643263757228851,0.143263757228851,0.166034162044525,0.211005687713623,0.336053133010864,0.0793168917298317,0.796408355236053,0.796408355236053
1470002020,"SALERNO GRAHAM CRACK","SALERNO",118,54,6,13.38,2.23,"",30.67,"DOMINICKS  118","MORTON GROVE",60053,420403,877706,0.103791818022728,0.289442390203476,0.0406691431999207,0.224725887179375,0.0817836821079254,10.632363319397,25706.873046875,2.52182173728943,0.23908919095993,0.365085393190384,0.305692613124847,0.09013282507658,0.395825415849686,0.227703988552094,0.23908919095993,0.09013282507658,0.354977458715439,0.597803831100464,0.000887732370756567,0.475752770900726,0.159746438264847,162.711563110352,0.220619276165962,0.184881597757339,0.140255004167557,0.0337337516248226,0.118479512631893,0.0485436879098415,0.0529866702854633,0.152213260531425,0.101530358195305,0.0332954376935959,0.299009263515472,0.995446801185608,0.649134278297424,0.178587362170219,0.0392789356410503,0.0643263757228851,0.143263757228851,0.166034162044525,0.211005687713623,0.336053133010864,0.0793168917298317,0.796408355236053,0.796408355236053
1470002020,"SALERNO GRAHAM CRACK","SALERNO",118,55,6,13.38,2.23,"",30.67,"DOMINICKS  118","MORTON GROVE",60053,420403,877706,0.103791818022728,0.289442390203476,0.0406691431999207,0.224725887179375,0.0817836821079254,10.632363319397,25706.873046875,2.52182173728943,0.23908919095993,0.365085393190384,0.305692613124847,0.09013282507658,0.395825415849686,0.227703988552094,0.23908919095993,0.09013282507658,0.354977458715439,0.597803831100464,0.000887732370756567,0.475752770900726,0.159746438264847,162.711563110352,0.220619276165962,0.184881597757339,0.140255004167557,0.0337337516248226,0.118479512631893,0.0485436879098415,0.0529866702854633,0.152213260531425,0.101530358195305,0.0332954376935959,0.299009263515472,0.995446801185608,0.649134278297424,0.178587362170219,0.0392789356410503,0.0643263757228851,0.143263757228851,0.166034162044525,0.211005687713623,0.336053133010864,0.0793168917298317,0.796408355236053,0.796408355236053
