Prosjekt/dftest.csv
"UPC","DESCRIP","BRAND","STORE","WEEK","MOVE","SALES","PRICE","SALE","PROFIT","name","city","zip","lat","long","age9","age60","ethnic","educ","nocar","income","incsigma","hsizeavg","hsize1","hsize2","hsize34","hsize567","hh3plus","hh4plus","hhsingle","hhlarge","workwom","sinhouse","density","hval150","hval200","hvalmean","single","retired","unemp","wrkch5","wrkch17","nwrkch5","nwrkch17","wrkch","nwrkch","wrkwch","wrkwnch","telephn","mortgage","nwhite","poverty","shpcons","shphurr","shpavid","shpkstr","shpunft","shpbird","shopindx","shpindx"
1470002020,"SALERNO GRAHAM CRACK","SALERNO",118,56,3,6.69,2.23,"",30.67,"DOMINICKS  118","MORTON GROVE",60053,420403,877706,0.103791818022728,0.289442390203476,0.0406691431999207,0.224725887179375,0.0817836821079254,10.632363319397,25706.873046875,2.52182173728943,0.23908919095993,0.365085393190384,0.305692613124847,0.09013282507658,0.395825415849686,0.227703988552094,0.23908919095993,0.09013282507658,0.354977458715439,0.597803831100464,0.000887732370756567,0.475752770900726,0.159746438264847,162.711563110352,0.220619276165962,0.184881597757339,0.140255004167557,0.0337337516248226,0.118479512631893,0.0485436879098415,0.0529866702854633,0.152213260531425,0.101530358195305,0.0332954376935959,0.299009263515472,0.995446801185608,0.649134278297424,0.178587362170219,0.0392789356410503,0.0643263757228851,0.143263757228851,0.166034162044525,0.211005687713623,0.336053133010864,0.0793168917298317,0.796408355236053,0.796408355236053
1470002020,"SALERNO GRAHAM CRACK","SALERNO",118,57,7,15.61,2.23,"",30.67,"DOMINICKS  118","MORTON GROVE",60053,420403,877706,0.103791818022728,0.289442390203476,0.0406691431999207,0.224725887179375,0.0817836821079254,10.632363319397,25706.873046875,2.52182173728943,0.23908919095993,0.365085393190384,0.305692613124847,0.09013282507658,0.395825415849686,0.227703988552094,0.23908919095993,0.09013282507658,0.354977458715439,0.597803831100464,0.000887732370756567,0.475752770900726,0.159746438264847,162.711563110352,0.220619276165962,0.184881597757339,0.140255004167557,0.0337337516248226,0.118479512631893,0.0485436879098415,0.0529866702854633,0.152213260531425,0.101530358195305,0.0332954376935959,0.299009263515472,0.995446801185608,0.649134278297424,0.178587362170219,0.0392789356410503,0.0643263757228851,0.143263757228851,0.166034162044525,0.211005687713623,0.336053133010864,0.0793168917298317,0.796408355236053,0.796408355236053
1470002020,"SALERNO GRAHAM CRACK","SALERNO",118,58,5,11.15,2.23,"",30.67,"DOMINICKS  118","MORTON GROVE",60053,420403,877706,0.103791818022728,0.289442390203476,0.0406691431999207,0.224725887179375,0.0817836821079254,10.632363319397,25706.873046875,2.52182173728943,0.23908919095993,0.365085393190384,0.305692613124847,0.09013282507658,0.395825415849686,0.227703988552094,0.23908919095993,0.09013282507658,0.354977458715439,0.597803831100464,0.000887732370756567,0.475752770900726,0.159746438264847,162.711563110352,0.220619276165962,0.184881597757339,0.140255004167557,0.0337337516248226,0.118479512631893,0.0485436879098415,0.0529866702854633,0.152213260531425,0.101530358195305,0.0332954376935959,0.299009263515472,0.995446801185608,0.649134278297424,0.178587362170219,0.0392789356410503,0.0643263757228851,0.143263757228851,0.166034162044525,0.211005687713623,0.336053133010864,0.0793168917298317,0.796408355236053,0.796408355236053
1470002020,"SALERNO GRAHAM CRACK","SALERNO",118,59,9,18.27,2.03,"B",23.84,"DOMINICKS  118","MORTON GROVE",60053,420403,877706,0.103791818022728,0.289442390203476,0.0406691431999207,0.224725887179375,0.0817836821079254,10.632363319397,25706.873046875,2.52182173728943,0.23908919095993,0.365085393190384,0.305692613124847,0.09013282507658,0.395825415849686,0.227703988552094,0.23908919095993,0.09013282507658,0.354977458715439,0.597803831100464,0.000887732370756567,0.475752770900726,0.159746438264847,162.711563110352,0.220619276165962,0.184881597757339,0.140255004167557,0.0337337516248226,0.118479512631893,0.0485436879098415,0.0529866702854633,0.152213260531425,0.101530358195305,0.0332954376935959,0.299009263515472,0.995446801185608,0.649134278297424,0.178587362170219,0.0392789356410503,0.0643263757228851,0.143263757228851,0.166034162044525,0.211005687713623,0.336053133010864,0.0793168917298317,0.796408355236053,0.796408355236053
1470002020,"SALERNO GRAHAM CRACK","SALERNO",118,60,10,19.9,1.99,"B",22.31,"DOMINICKS  118","MORTON GROVE",60053,420403,877706,0.103791818022728,0.289442390203476,0.0406691431999207,0.224725887179375,0.0817836821079254,10.632363319397,25706.873046875,2.52182173728943,0.23908919095993,0.365085393190384,0.305692613124847,0.09013282507658,0.395825415849686,0.227703988552094,0.23908919095993,0.09013282507658,0.354977458715439,0.597803831100464,0.000887732370756567,0.475752770900726,0.159746438264847,162.711563110352,0.220619276165962,0.184881597757339,0.140255004167557,0.0337337516248226,0.118479512631893,0.0485436879098415,0.0529866702854633,0.152213260531425,0.101530358195305,0.0332954376935959,0.299009263515472,0.995446801185608,0.649134278297424,0.178587362170219,0.0392789356410503,0.0643263757228851,0.143263757228851,0.166034162044525,0.211005687713623,0.336053133010864,0.0793168917298317,0.796408355236053,0.796408355236053
1470002020,"SALERNO GRAHAM CRACK","SALERNO",118,61,8,17.84,2.23,"",30.67,"DOMINICKS  118","MORTON GROVE",60053,420403,877706,0.103791818022728,0.289442390203476,0.0406691431999207,0.224725887179375,0.0817836821079254,10.632363319397,25706.873046875,2.52182173728943,0.23908919095993,0.365085393190384,0.305692613124847,0.09013282507658,0.395825415849686,0.227703988552094,0.23908919095993,0.09013282507658,0.354977458715439,0.597803831100464,0.000887732370756567,0.475752770900726,0.159746438264847,162.711563110352,0.220619276165962,0.184881597757339,0.140255004167557,0.0337337516248226,0.118479512631893,0.0485436879098415,0.0529866702854633,0.152213260531425,0.101530358195305,0.0332954376935959,0.299009263515472,0.995446801185608,0.649134278297424,0.178587362170219,0.0392789356410503,0.0643263757228851,0.143263757228851,0.166034162044525,0.211005687713623,0.336053133010864,0.0793168917298317,0.796408355236053,0.796408355236053
1470002020,"SALERNO GRAHAM CRACK","SALERNO",118,62,12,26.76,2.23,"",30.67,"DOMINICKS  118","MORTON GROVE",60053,420403,877706,0.103791818022728,0.289442390203476,0.0406691431999207,0.224725887179375,0.0817836821079254,10.632363319397,25706.873046875,2.52182173728943,0.23908919095993,0.365085393190384,0.305692613124847,0.09013282507658,0.395825415849686,0.227703988552094,0.23908919095993,0.09013282507658,0.354977458715439,0.597803831100464,0.000887732370756567,0.475752770900726,0.159746438264847,162.711563110352,0.220619276165962,0.184881597757339,0.140255004167557,0.0337337516248226,0.118479512631893,0.0485436879098415,0.0529866702854633,0.152213260531425,0.101530358195305,0.0332954376935959,0.299009263515472,0.995446801185608,0.649134278297424,0.178587362170219,0.0392789356410503,0.0643263757228851,0.143263757228851,0.166034162044525,0.211005687713623,0.336053133010864,0.0793168917298317,0.796408355236053,0.796408355236053
1470002020,"SALERNO GRAHAM CRACK","SALERNO",118,63,5,11.15,2.23,"",30.67,"DOMINICKS  118","MORTON GROVE",60053,420403,877706,0.103791818022728,0.289442390203476,0.0406691431999207,0.224725887179375,0.0817836821079254,10.632363319397,25706.873046875,2.52182173728943,0.23908919095993,0.365085393190384,0.305692613124847,0.09013282507658,0.395825415849686,0.227703988552094,0.23908919095993,0.09013282507658,0.354977458715439,0.597803831100464,0.000887732370756567,0.475752770900726,0.159746438264847,162.711563110352,0.220619276165962,0.184881597757339,0.140255004167557,0.0337337516248226,0.118479512631893,0.0485436879098415,0.0529866702854633,0.152213260531425,0.101530358195305,0.0332954376935959,0.299009263515472,0.995446801185608,0.649134278297424,0.178587362170219,0.0392789356410503,0.0643263757228851,0.143263757228851,0.166034162044525,0.211005687713623,0.336053133010864,0.0793168917298317,0.796408355236053,0.796408355236053
1470002020,"SALERNO GRAHAM CRACK","SALERNO",118,64,12,26.76,2.23,"",30.67,"DOMINICKS  118","MORTON GROVE",60053,420403,877706,0.103791818022728,0.289442390203476,0.0406691431999207,0.224725887179375,0.0817836821079254,10.632363319397,25706.873046875,2.52182173728943,0.23908919095993,0.365085393190384,0.305692613124847,0.09013282507658,0.395825415849686,0.227703988552094,0.23908919095993,0.09013282507658,0.354977458715439,0.597803831100464,0.000887732370756567,0.475752770900726,0.159746438264847,162.711563110352,0.220619276165962,0.184881597757339,0.140255004167557,0.0337337516248226,0.118479512631893,0.0485436879098415,0.0529866702854633,0.152213260531425,0.101530358195305,0.0332954376935959,0.299009263515472,0.995446801185608,0.649134278297424,0.178587362170219,0.0392789356410503,0.0643263757228851,0.143263757228851,0.166034162044525,0.211005687713623,0.336053133010864,0.0793168917298317,0.796408355236053,0.796408355236053
1470002020,"SALERNO GRAHAM CRACK","SALERNO",118,65,11,24.53,2.23,"",30.67,"DOMINICKS  118","MORTON GROVE",60053,420403,877706,0.103791818022728,0.289442390203476,0.0406691431999207,0.224725887179375,0.0817836821079254,10.632363319397,25706.873046875,2.52182173728943,0.23908919095993,0.365085393190384,0.305692613124847,0.09013282507658,0.395825415849686,0.227703988552094,0.23908919095993,0.09013282507658,0.354977458715439,0.597803831100464,0.000887732370756567,0.475752770900726,0.159746438264847,162.711563110352,0.220619276165962,0.184881597757339,0.140255004167557,0.0337337516248226,0.118479512631893,0.0485436879098415,0.0529866702854633,0.152213260531425,0.101530358195305,0.0332954376935959,0.299009263515472,0.995446801185608,0.649134278297424,0.178587362170219,0.0392789356410503,0.0643263757228851,0.143263757228851,0.166034162044525,0.211005687713623,0.336053133010864,0.0793168917298317,0.796408355236053,0.796408355236053
1470002020,"SALERNO GRAHAM CRACK","SALERNO",118,66,10,22.3,2.23,"",30.67,"DOMINICKS  118","MORTON GROVE",60053,420403,877706,0.103791818022728,0.289442390203476,0.0406691431999207,0.224725887179375,0.0817836821079254,10.632363319397,25706.873046875,2.52182173728943,0.23908919095993,0.365085393190384,0.305692613124847,0.09013282507658,0.395825415849686,0.227703988552094,0.23908919095993,0.09013282507658,0.354977458715439,0.597803831100464,0.000887732370756567,0.475752770900726,0.159746438264847,162.711563110352,0.220619276165962,0.184881597757339,0.140255004167557,0.0337337516248226,0.118479512631893,0.0485436879098415,0.0529866702854633,0.152213260531425,0.101530358195305,0.0332954376935959,0.299009263515472,0.995446801185608,0.649134278297424,0.178587362170219,0.0392789356410503,0.0643263757228851,0.143263757228851,0.166034162044525,0.211005687713623,0.336053133010864,0.0793168917298317,0.796408355236053,0.796408355236053
1470002020,"SALERNO GRAHAM CRACK","SALERNO",118,67,13,28.99,2.23,"",30.67,"DOMINICKS  118","MORTON GROVE",60053,420403,877706,0.103791818022728,0.289442390203476,0.0406691431999207,0.224725887179375,0.0817836821079254,10.632363319397,25706.873046875,2.52182173728943,0.23908919095993,0.365085393190384,0.305692613124847,0.09013282507658,0.395825415849686,0.227703988552094,0.23908919095993,0.09013282507658,0.354977458715439,0.597803831100464,0.000887732370756567,0.475752770900726,0.159746438264847,162.711563110352,0.220619276165962,0.184881597757339,0.140255004167557,0.0337337516248226,0.118479512631893,0.0485436879098415,0.0529866702854633,0.152213260531425,0.101530358195305,0.0332954376935959,0.299009263515472,0.995446801185608,0.649134278297424,0.178587362170219,0.0392789356410503,0.0643263757228851,0.143263757228851,0.166034162044525,0.211005687713623,0.336053133010864,0.0793168917298317,0.796408355236053,0.796408355236053
1470002020,"SALERNO GRAHAM CRACK","SALERNO",118,68,8,17.84,2.23,"",30.67,"DOMINICKS  118","MORTON GROVE",60053,420403,877706,0.103791818022728,0.289442390203476,0.0406691431999207,0.224725887179375,0.0817836821079254,10.632363319397,25706.873046875,2.52182173728943,0.23908919095993,0.365085393190384,0.305692613124847,0.09013282507658,0.395825415849686,0.227703988552094,0.23908919095993,0.09013282507658,0.354977458715439,0.597803831100464,0.000887732370756567,0.475752770900726,0.159746438264847,162.711563110352,0.220619276165962,0.184881597757339,0.140255004167557,0.0337337516248226,0.118479512631893,0.0485436879098415,0.0529866702854633,0.152213260531425,0.101530358195305,0.0332954376935959,0.299009263515472,0.995446801185608,0.649134278297424,0.178587362170219,0.0392789356410503,0.0643263757228851,0.143263757228851,0.166034162044525,0.211005687713623,0.336053133010864,0.0793168917298317,0.796408355236053,0.796408355236053
1470002820,"SALERNO SALTINES","SALERNO",8,16,55,81.95,1.49,"",21.07,"DOMINICKS    8","OAK LAWN",60453,417331,877436,0.123155415058136,0.252394020557404,0.0352433286607265,0.0951732769608498,0.0751127228140831,10.5970096588135,24653.87109375,2.76960301399231,0.210821509361267,0.314417690038681,0.343011111021042,0.131749704480171,0.474760800600052,0.288683593273163,0.210821509361267,0.131749704480171,0.283074736595154,0.757211029529572,0.000390502362279221,0.0542271547019482,0.0091090239584446,97.5014266967773,0.250372141599655,0.208451971411705,0.173884809017181,0.0378051027655602,0.114791706204414,0.0678106099367142,0.0815746039152145,0.152596801519394,0.149385213851929,0.0373222194612026,0.236706227064133,0.993071615695953,0.647718667984009,0.0459968596696854,0.0513525418937206,0.0762208551168442,0.135173782706261,0.217443913221359,0.216124057769775,0.302793651819229,0.0522437319159508,0.901602983474731,0.901602983474731
1470002820,"SALERNO SALTINES","SALERNO",8,17,20,29.8,1.49,"",21.07,"DOMINICKS    8","OAK LAWN",60453,417331,877436,0.123155415058136,0.252394020557404,0.0352433286607265,0.0951732769608498,0.0751127228140831,10.5970096588135,24653.87109375,2.76960301399231,0.210821509361267,0.314417690038681,0.343011111021042,0.131749704480171,0.474760800600052,0.288683593273163,0.210821509361267,0.131749704480171,0.283074736595154,0.757211029529572,0.000390502362279221,0.0542271547019482,0.0091090239584446,97.5014266967773,0.250372141599655,0.208451971411705,0.173884809017181,0.0378051027655602,0.114791706204414,0.0678106099367142,0.0815746039152145,0.152596801519394,0.149385213851929,0.0373222194612026,0.236706227064133,0.993071615695953,0.647718667984009,0.0459968596696854,0.0513525418937206,0.0762208551168442,0.135173782706261,0.217443913221359,0.216124057769775,0.302793651819229,0.0522437319159508,0.901602983474731,0.901602983474731
1470002820,"SALERNO SALTINES","SALERNO",8,18,23,34.27,1.49,"",21.07,"DOMINICKS    8","OAK LAWN",60453,417331,877436,0.123155415058136,0.252394020557404,0.0352433286607265,0.0951732769608498,0.0751127228140831,10.5970096588135,24653.87109375,2.76960301399231,0.210821509361267,0.314417690038681,0.343011111021042,0.131749704480171,0.474760800600052,0.288683593273163,0.210821509361267,0.131749704480171,0.283074736595154,0.757211029529572,0.000390502362279221,0.0542271547019482,0.0091090239584446,97.5014266967773,0.250372141599655,0.208451971411705,0.173884809017181,0.0378051027655602,0.114791706204414,0.0678106099367142,0.0815746039152145,0.152596801519394,0.149385213851929,0.0373222194612026,0.236706227064133,0.993071615695953,0.647718667984009,0.0459968596696854,0.0513525418937206,0.0762208551168442,0.135173782706261,0.217443913221359,0.216124057769775,0.302793651819229,0.0522437319159508,0.901602983474731,0.901602983474731
1470002820,"SALERNO SALTINES","SALERNO",8,19,19,28.31,1.49,"",21.07,"DOMINICKS    8","OAK LAWN",60453,417331,877436,0.123155415058136,0.252394020557404,0.0352433286607265,0.0951732769608498,0.0751127228140831,10.5970096588135,24653.87109375,2.76960301399231,0.210821509361267,0.314417690038681,0.343011111021042,0.131749704480171,0.474760800600052,0.288683593273163,0.210821509361267,0.131749704480171,0.283074736595154,0.757211029529572,0.000390502362279221,0.0542271547019482,0.0091090239584446,97.5014266967773,0.250372141599655,0.208451971411705,0.173884809017181,0.0378051027655602,0.114791706204414,0.0678106099367142,0.0815746039152145,0.152596801519394,0.149385213851929,0.0373222194612026,0.236706227064133,0.993071615695953,0.647718667984009,0.0459968596696854,0.0513525418937206,0.0762208551168442,0.135173782706261,0.217443913221359,0.216124057769775,0.302793651819229,0.0522437319159508,0.901602983474731,0.901602983474731
1470002820,"SALERNO SALTINES","SALERNO",8,20,26,38.74,1.49,"",21.07,"DOMINICKS    8","OAK LAWN",60453,417331,877436,0.123155415058136,0.252394020557404,0.0352433286607265,0.0951732769608498,0.0751127228140831,10.5970096588135,24653.87109375,2.76960301399231,0.210821509361267,0.314417690038681,0.343011111021042,0.131749704480171,0.474760800600052,0.288683593273163,0.210821509361267,0.131749704480171,0.283074736595154,0.757211029529572,0.000390502362279221,0.0542271547019482,0.0091090239584446,97.5014266967773,0.250372141599655,0.208451971411705,0.173884809017181,0.0378051027655602,0.114791706204414,0.0678106099367142,0.0815746039152145,0.152596801519394,0.149385213851929,0.0373222194612026,0.236706227064133,0.993071615695953,0.647718667984009,0.0459968596696854,0.0513525418937206,0.0762208551168442,0.135173782706261,0.217443913221359,0.216124057769775,0.302793651819229,0.0522437319159508,0.901602983474731,0.901602983474731
