Prosjekt/dftest.csv
"UPC","DESCRIP","BRAND","STORE","WEEK","MOVE","SALES","PRICE","SALE","PROFIT","name","city","zip","lat","long","age9","age60","ethnic","educ","nocar","income","incsigma","hsizeavg","hsize1","hsize2","hsize34","hsize567","hh3plus","hh4plus","hhsingle","hhlarge","workwom","sinhouse","density","hval150","hval200","hvalmean","single","retired","unemp","wrkch5","wrkch17","nwrkch5","nwrkch17","wrkch","nwrkch","wrkwch","wrkwnch","telephn","mortgage","nwhite","poverty","shpcons","shphurr","shpavid","shpkstr","shpunft","shpbird","shopindx","shpindx"
1470002862,"SALERNO MULTI-GRAIN","SALERNO",51,16,5,8.45,1.69,"",26.04,"DOMINICKS   51","PALOS HEIGHTS",60463,416594,877775,0.132472112774849,0.176159724593163,0.0254257190972567,0.171916708350182,0.0254364088177681,10.6208391189575,24312.7265625,2.78470492362976,0.199667498469353,0.315710723400116,0.354280978441238,0.130340814590454,0.484621793031693,0.301911890506744,0.199667498469353,0.130340814590454,0.313189804553986,0.663424134254456,0.0014368761330843,0.316888988018036,0.133652150630951,143.828338623047,0.256408393383026,0.153822511434555,0.189627349376678,0.0488220266997814,0.114107295870781,0.0948055610060692,0.0942378640174866,0.162929326295853,0.189043432474136,0.0481051616370678,0.239966437220573,0.993183732032776,0.767480850219727,0.0425719320774078,0.0394014976918697,0.0570241063833237,0.142975896596909,0.233416453003883,0.266167908906937,0.274812966585159,0.0256026592105627,0.889501094818115,0.889501094818115
1470002862,"SALERNO MULTI-GRAIN","SALERNO",51,17,9,14.31,1.59,"B",21.38,"DOMINICKS   51","PALOS HEIGHTS",60463,416594,877775,0.132472112774849,0.176159724593163,0.0254257190972567,0.171916708350182,0.0254364088177681,10.6208391189575,24312.7265625,2.78470492362976,0.199667498469353,0.315710723400116,0.354280978441238,0.130340814590454,0.484621793031693,0.301911890506744,0.199667498469353,0.130340814590454,0.313189804553986,0.663424134254456,0.0014368761330843,0.316888988018036,0.133652150630951,143.828338623047,0.256408393383026,0.153822511434555,0.189627349376678,0.0488220266997814,0.114107295870781,0.0948055610060692,0.0942378640174866,0.162929326295853,0.189043432474136,0.0481051616370678,0.239966437220573,0.993183732032776,0.767480850219727,0.0425719320774078,0.0394014976918697,0.0570241063833237,0.142975896596909,0.233416453003883,0.266167908906937,0.274812966585159,0.0256026592105627,0.889501094818115,0.889501094818115
1470002862,"SALERNO MULTI-GRAIN","SALERNO",51,18,26,43.94,1.69,"",26.04,"DOMINICKS   51","PALOS HEIGHTS",60463,416594,877775,0.132472112774849,0.176159724593163,0.0254257190972567,0.171916708350182,0.0254364088177681,10.6208391189575,24312.7265625,2.78470492362976,0.199667498469353,0.315710723400116,0.354280978441238,0.130340814590454,0.484621793031693,0.301911890506744,0.199667498469353,0.130340814590454,0.313189804553986,0.663424134254456,0.0014368761330843,0.316888988018036,0.133652150630951,143.828338623047,0.256408393383026,0.153822511434555,0.189627349376678,0.0488220266997814,0.114107295870781,0.0948055610060692,0.0942378640174866,0.162929326295853,0.189043432474136,0.0481051616370678,0.239966437220573,0.993183732032776,0.767480850219727,0.0425719320774078,0.0394014976918697,0.0570241063833237,0.142975896596909,0.233416453003883,0.266167908906937,0.274812966585159,0.0256026592105627,0.889501094818115,0.889501094818115
1470002862,"SALERNO MULTI-GRAIN","SALERNO",51,19,11,18.59,1.69,"",26.04,"DOMINICKS   51","PALOS HEIGHTS",60463,416594,877775,0.132472112774849,0.176159724593163,0.0254257190972567,0.171916708350182,0.0254364088177681,10.6208391189575,24312.7265625,2.78470492362976,0.199667498469353,0.315710723400116,0.354280978441238,0.130340814590454,0.484621793031693,0.301911890506744,0.199667498469353,0.130340814590454,0.313189804553986,0.663424134254456,0.0014368761330843,0.316888988018036,0.133652150630951,143.828338623047,0.256408393383026,0.153822511434555,0.189627349376678,0.0488220266997814,0.114107295870781,0.0948055610060692,0.0942378640174866,0.162929326295853,0.189043432474136,0.0481051616370678,0.239966437220573,0.993183732032776,0.767480850219727,0.0425719320774078,0.0394014976918697,0.0570241063833237,0.142975896596909,0.233416453003883,0.266167908906937,0.274812966585159,0.0256026592105627,0.889501094818115,0.889501094818115
1470002862,"SALERNO MULTI-GRAIN","SALERNO",51,21,2,3.38,1.69,"",26.04,"DOMINICKS   51","PALOS HEIGHTS",60463,416594,877775,0.132472112774849,0.176159724593163,0.0254257190972567,0.171916708350182,0.0254364088177681,10.6208391189575,24312.7265625,2.78470492362976,0.199667498469353,0.315710723400116,0.354280978441238,0.130340814590454,0.484621793031693,0.301911890506744,0.199667498469353,0.130340814590454,0.313189804553986,0.663424134254456,0.0014368761330843,0.316888988018036,0.133652150630951,143.828338623047,0.256408393383026,0.153822511434555,0.189627349376678,0.0488220266997814,0.114107295870781,0.0948055610060692,0.0942378640174866,0.162929326295853,0.189043432474136,0.0481051616370678,0.239966437220573,0.993183732032776,0.767480850219727,0.0425719320774078,0.0394014976918697,0.0570241063833237,0.142975896596909,0.233416453003883,0.266167908906937,0.274812966585159,0.0256026592105627,0.889501094818115,0.889501094818115
1470002862,"SALERNO MULTI-GRAIN","SALERNO",51,22,6,10.14,1.69,"",26.04,"DOMINICKS   51","PALOS HEIGHTS",60463,416594,877775,0.132472112774849,0.176159724593163,0.0254257190972567,0.171916708350182,0.0254364088177681,10.6208391189575,24312.7265625,2.78470492362976,0.199667498469353,0.315710723400116,0.354280978441238,0.130340814590454,0.484621793031693,0.301911890506744,0.199667498469353,0.130340814590454,0.313189804553986,0.663424134254456,0.0014368761330843,0.316888988018036,0.133652150630951,143.828338623047,0.256408393383026,0.153822511434555,0.189627349376678,0.0488220266997814,0.114107295870781,0.0948055610060692,0.0942378640174866,0.162929326295853,0.189043432474136,0.0481051616370678,0.239966437220573,0.993183732032776,0.767480850219727,0.0425719320774078,0.0394014976918697,0.0570241063833237,0.142975896596909,0.233416453003883,0.266167908906937,0.274812966585159,0.0256026592105627,0.889501094818115,0.889501094818115
1470002862,"SALERNO MULTI-GRAIN","SALERNO",51,23,2,3.38,1.69,"",26.04,"DOMINICKS   51","PALOS HEIGHTS",60463,416594,877775,0.132472112774849,0.176159724593163,0.0254257190972567,0.171916708350182,0.0254364088177681,10.6208391189575,24312.7265625,2.78470492362976,0.199667498469353,0.315710723400116,0.354280978441238,0.130340814590454,0.484621793031693,0.301911890506744,0.199667498469353,0.130340814590454,0.313189804553986,0.663424134254456,0.0014368761330843,0.316888988018036,0.133652150630951,143.828338623047,0.256408393383026,0.153822511434555,0.189627349376678,0.0488220266997814,0.114107295870781,0.0948055610060692,0.0942378640174866,0.162929326295853,0.189043432474136,0.0481051616370678,0.239966437220573,0.993183732032776,0.767480850219727,0.0425719320774078,0.0394014976918697,0.0570241063833237,0.142975896596909,0.233416453003883,0.266167908906937,0.274812966585159,0.0256026592105627,0.889501094818115,0.889501094818115
1470002862,"SALERNO MULTI-GRAIN","SALERNO",51,24,2,3.38,1.69,"",26.04,"DOMINICKS   51","PALOS HEIGHTS",60463,416594,877775,0.132472112774849,0.176159724593163,0.0254257190972567,0.171916708350182,0.0254364088177681,10.6208391189575,24312.7265625,2.78470492362976,0.199667498469353,0.315710723400116,0.354280978441238,0.130340814590454,0.484621793031693,0.301911890506744,0.199667498469353,0.130340814590454,0.313189804553986,0.663424134254456,0.0014368761330843,0.316888988018036,0.133652150630951,143.828338623047,0.256408393383026,0.153822511434555,0.189627349376678,0.0488220266997814,0.114107295870781,0.0948055610060692,0.0942378640174866,0.162929326295853,0.189043432474136,0.0481051616370678,0.239966437220573,0.993183732032776,0.767480850219727,0.0425719320774078,0.0394014976918697,0.0570241063833237,0.142975896596909,0.233416453003883,0.266167908906937,0.274812966585159,0.0256026592105627,0.889501094818115,0.889501094818115
1470002862,"SALERNO MULTI-GRAIN","SALERNO",51,27,2,3.14,1.57,"B",20.38,"DOMINICKS   51","PALOS HEIGHTS",60463,416594,877775,0.132472112774849,0.176159724593163,0.0254257190972567,0.171916708350182,0.0254364088177681,10.6208391189575,24312.7265625,2.78470492362976,0.199667498469353,0.315710723400116,0.354280978441238,0.130340814590454,0.484621793031693,0.301911890506744,0.199667498469353,0.130340814590454,0.313189804553986,0.663424134254456,0.0014368761330843,0.316888988018036,0.133652150630951,143.828338623047,0.256408393383026,0.153822511434555,0.189627349376678,0.0488220266997814,0.114107295870781,0.0948055610060692,0.0942378640174866,0.162929326295853,0.189043432474136,0.0481051616370678,0.239966437220573,0.993183732032776,0.767480850219727,0.0425719320774078,0.0394014976918697,0.0570241063833237,0.142975896596909,0.233416453003883,0.266167908906937,0.274812966585159,0.0256026592105627,0.889501094818115,0.889501094818115
1470002862,"SALERNO MULTI-GRAIN","SALERNO",51,28,1,1.57,1.57,"B",20.38,"DOMINICKS   51","PALOS HEIGHTS",60463,416594,877775,0.132472112774849,0.176159724593163,0.0254257190972567,0.171916708350182,0.0254364088177681,10.6208391189575,24312.7265625,2.78470492362976,0.199667498469353,0.315710723400116,0.354280978441238,0.130340814590454,0.484621793031693,0.301911890506744,0.199667498469353,0.130340814590454,0.313189804553986,0.663424134254456,0.0014368761330843,0.316888988018036,0.133652150630951,143.828338623047,0.256408393383026,0.153822511434555,0.189627349376678,0.0488220266997814,0.114107295870781,0.0948055610060692,0.0942378640174866,0.162929326295853,0.189043432474136,0.0481051616370678,0.239966437220573,0.993183732032776,0.767480850219727,0.0425719320774078,0.0394014976918697,0.0570241063833237,0.142975896596909,0.233416453003883,0.266167908906937,0.274812966585159,0.0256026592105627,0.889501094818115,0.889501094818115
1470002862,"SALERNO MULTI-GRAIN","SALERNO",51,30,3,5.07,1.69,"",26.04,"DOMINICKS   51","PALOS HEIGHTS",60463,416594,877775,0.132472112774849,0.176159724593163,0.0254257190972567,0.171916708350182,0.0254364088177681,10.6208391189575,24312.7265625,2.78470492362976,0.199667498469353,0.315710723400116,0.354280978441238,0.130340814590454,0.484621793031693,0.301911890506744,0.199667498469353,0.130340814590454,0.313189804553986,0.663424134254456,0.0014368761330843,0.316888988018036,0.133652150630951,143.828338623047,0.256408393383026,0.153822511434555,0.189627349376678,0.0488220266997814,0.114107295870781,0.0948055610060692,0.0942378640174866,0.162929326295853,0.189043432474136,0.0481051616370678,0.239966437220573,0.993183732032776,0.767480850219727,0.0425719320774078,0.0394014976918697,0.0570241063833237,0.142975896596909,0.233416453003883,0.266167908906937,0.274812966585159,0.0256026592105627,0.889501094818115,0.889501094818115
1470002862,"SALERNO MULTI-GRAIN","SALERNO",51,31,4,7.32,1.83,"",31.69,"DOMINICKS   51","PALOS HEIGHTS",60463,416594,877775,0.132472112774849,0.176159724593163,0.0254257190972567,0.171916708350182,0.0254364088177681,10.6208391189575,24312.7265625,2.78470492362976,0.199667498469353,0.315710723400116,0.354280978441238,0.130340814590454,0.484621793031693,0.301911890506744,0.199667498469353,0.130340814590454,0.313189804553986,0.663424134254456,0.0014368761330843,0.316888988018036,0.133652150630951,143.828338623047,0.256408393383026,0.153822511434555,0.189627349376678,0.0488220266997814,0.114107295870781,0.0948055610060692,0.0942378640174866,0.162929326295853,0.189043432474136,0.0481051616370678,0.239966437220573,0.993183732032776,0.767480850219727,0.0425719320774078,0.0394014976918697,0.0570241063833237,0.142975896596909,0.233416453003883,0.266167908906937,0.274812966585159,0.0256026592105627,0.889501094818115,0.889501094818115
1470002862,"SALERNO MULTI-GRAIN","SALERNO",51,32,2,3.66,1.83,"",31.69,"DOMINICKS   51","PALOS HEIGHTS",60463,416594,877775,0.132472112774849,0.176159724593163,0.0254257190972567,0.171916708350182,0.0254364088177681,10.6208391189575,24312.7265625,2.78470492362976,0.199667498469353,0.315710723400116,0.354280978441238,0.130340814590454,0.484621793031693,0.301911890506744,0.199667498469353,0.130340814590454,0.313189804553986,0.663424134254456,0.0014368761330843,0.316888988018036,0.133652150630951,143.828338623047,0.256408393383026,0.153822511434555,0.189627349376678,0.0488220266997814,0.114107295870781,0.0948055610060692,0.0942378640174866,0.162929326295853,0.189043432474136,0.0481051616370678,0.239966437220573,0.993183732032776,0.767480850219727,0.0425719320774078,0.0394014976918697,0.0570241063833237,0.142975896596909,0.233416453003883,0.266167908906937,0.274812966585159,0.0256026592105627,0.889501094818115,0.889501094818115
1470002862,"SALERNO MULTI-GRAIN","SALERNO",51,33,1,1.83,1.83,"",31.69,"DOMINICKS   51","PALOS HEIGHTS",60463,416594,877775,0.132472112774849,0.176159724593163,0.0254257190972567,0.171916708350182,0.0254364088177681,10.6208391189575,24312.7265625,2.78470492362976,0.199667498469353,0.315710723400116,0.354280978441238,0.130340814590454,0.484621793031693,0.301911890506744,0.199667498469353,0.130340814590454,0.313189804553986,0.663424134254456,0.0014368761330843,0.316888988018036,0.133652150630951,143.828338623047,0.256408393383026,0.153822511434555,0.189627349376678,0.0488220266997814,0.114107295870781,0.0948055610060692,0.0942378640174866,0.162929326295853,0.189043432474136,0.0481051616370678,0.239966437220573,0.993183732032776,0.767480850219727,0.0425719320774078,0.0394014976918697,0.0570241063833237,0.142975896596909,0.233416453003883,0.266167908906937,0.274812966585159,0.0256026592105627,0.889501094818115,0.889501094818115
1470002862,"SALERNO MULTI-GRAIN","SALERNO",51,36,3,4.77,1.59,"B",21.38,"DOMINICKS   51","PALOS HEIGHTS",60463,416594,877775,0.132472112774849,0.176159724593163,0.0254257190972567,0.171916708350182,0.0254364088177681,10.6208391189575,24312.7265625,2.78470492362976,0.199667498469353,0.315710723400116,0.354280978441238,0.130340814590454,0.484621793031693,0.301911890506744,0.199667498469353,0.130340814590454,0.313189804553986,0.663424134254456,0.0014368761330843,0.316888988018036,0.133652150630951,143.828338623047,0.256408393383026,0.153822511434555,0.189627349376678,0.0488220266997814,0.114107295870781,0.0948055610060692,0.0942378640174866,0.162929326295853,0.189043432474136,0.0481051616370678,0.239966437220573,0.993183732032776,0.767480850219727,0.0425719320774078,0.0394014976918697,0.0570241063833237,0.142975896596909,0.233416453003883,0.266167908906937,0.274812966585159,0.0256026592105627,0.889501094818115,0.889501094818115
1470002862,"SALERNO MULTI-GRAIN","SALERNO",51,37,2,3.18,1.59,"B",21.38,"DOMINICKS   51","PALOS HEIGHTS",60463,416594,877775,0.132472112774849,0.176159724593163,0.0254257190972567,0.171916708350182,0.0254364088177681,10.6208391189575,24312.7265625,2.78470492362976,0.199667498469353,0.315710723400116,0.354280978441238,0.130340814590454,0.484621793031693,0.301911890506744,0.199667498469353,0.130340814590454,0.313189804553986,0.663424134254456,0.0014368761330843,0.316888988018036,0.133652150630951,143.828338623047,0.256408393383026,0.153822511434555,0.189627349376678,0.0488220266997814,0.114107295870781,0.0948055610060692,0.0942378640174866,0.162929326295853,0.189043432474136,0.0481051616370678,0.239966437220573,0.993183732032776,0.767480850219727,0.0425719320774078,0.0394014976918697,0.0570241063833237,0.142975896596909,0.233416453003883,0.266167908906937,0.274812966585159,0.0256026592105627,0.889501094818115,0.889501094818115
1470002862,"SALERNO MULTI-GRAIN","SALERNO",51,42,2,3.66,1.83,"",31.69,"DOMINICKS   51","PALOS HEIGHTS",60463,416594,877775,0.132472112774849,0.176159724593163,0.0254257190972567,0.171916708350182,0.0254364088177681,10.6208391189575,24312.7265625,2.78470492362976,0.199667498469353,0.315710723400116,0.354280978441238,0.130340814590454,0.484621793031693,0.301911890506744,0.199667498469353,0.130340814590454,0.313189804553986,0.663424134254456,0.0014368761330843,0.316888988018036,0.133652150630951,143.828338623047,0.256408393383026,0.153822511434555,0.189627349376678,0.0488220266997814,0.114107295870781,0.0948055610060692,0.0942378640174866,0.162929326295853,0.189043432474136,0.0481051616370678,0.239966437220573,0.993183732032776,0.767480850219727,0.0425719320774078,0.0394014976918697,0.0570241063833237,0.142975896596909,0.233416453003883,0.266167908906937,0.274812966585159,0.0256026592105627,0.889501094818115,0.889501094818115
1470002862,"SALERNO MULTI-GRAIN","SALERNO",51,44,1,1.83,1.83,"",31.69,"DOMINICKS   51","PALOS HEIGHTS",60463,416594,877775,0.132472112774849,0.176159724593163,0.0254257190972567,0.171916708350182,0.0254364088177681,10.6208391189575,24312.7265625,2.78470492362976,0.199667498469353,0.315710723400116,0.354280978441238,0.130340814590454,0.484621793031693,0.301911890506744,0.199667498469353,0.130340814590454,0.313189804553986,0.663424134254456,0.0014368761330843,0.316888988018036,0.133652150630951,143.828338623047,0.256408393383026,0.153822511434555,0.189627349376678,0.0488220266997814,0.114107295870781,0.0948055610060692,0.0942378640174866,0.162929326295853,0.189043432474136,0.0481051616370678,0.239966437220573,0.993183732032776,0.767480850219727,0.0425719320774078,0.0394014976918697,0.0570241063833237,0.142975896596909,0.233416453003883,0.266167908906937,0.274812966585159,0.0256026592105627,0.889501094818115,0.889501094818115
