Prosjekt/dftest.csv
"UPC","DESCRIP","BRAND","STORE","WEEK","MOVE","SALES","PRICE","SALE","PROFIT","name","city","zip","lat","long","age9","age60","ethnic","educ","nocar","income","incsigma","hsizeavg","hsize1","hsize2","hsize34","hsize567","hh3plus","hh4plus","hhsingle","hhlarge","workwom","sinhouse","density","hval150","hval200","hvalmean","single","retired","unemp","wrkch5","wrkch17","nwrkch5","nwrkch17","wrkch","nwrkch","wrkwch","wrkwnch","telephn","mortgage","nwhite","poverty","shpcons","shphurr","shpavid","shpkstr","shpunft","shpbird","shopindx","shpindx"
1470002862,"SALERNO MULTI-GRAIN","SALERNO",51,45,1,1.83,1.83,"",31.69,"DOMINICKS   51","PALOS HEIGHTS",60463,416594,877775,0.132472112774849,0.176159724593163,0.0254257190972567,0.171916708350182,0.0254364088177681,10.6208391189575,24312.7265625,2.78470492362976,0.199667498469353,0.315710723400116,0.354280978441238,0.130340814590454,0.484621793031693,0.301911890506744,0.199667498469353,0.130340814590454,0.313189804553986,0.663424134254456,0.0014368761330843,0.316888988018036,0.133652150630951,143.828338623047,0.256408393383026,0.153822511434555,0.189627349376678,0.0488220266997814,0.114107295870781,0.0948055610060692,0.0942378640174866,0.162929326295853,0.189043432474136,0.0481051616370678,0.239966437220573,0.993183732032776,0.767480850219727,0.0425719320774078,0.0394014976918697,0.0570241063833237,0.142975896596909,0.233416453003883,0.266167908906937,0.274812966585159,0.0256026592105627,0.889501094818115,0.889501094818115
1470002862,"SALERNO MULTI-GRAIN","SALERNO",51,46,1,1.83,1.83,"",31.69,"DOMINICKS   51","PALOS HEIGHTS",60463,416594,877775,0.132472112774849,0.176159724593163,0.0254257190972567,0.171916708350182,0.0254364088177681,10.6208391189575,24312.7265625,2.78470492362976,0.199667498469353,0.315710723400116,0.354280978441238,0.130340814590454,0.484621793031693,0.301911890506744,0.199667498469353,0.130340814590454,0.313189804553986,0.663424134254456,0.0014368761330843,0.316888988018036,0.133652150630951,143.828338623047,0.256408393383026,0.153822511434555,0.189627349376678,0.0488220266997814,0.114107295870781,0.0948055610060692,0.0942378640174866,0.162929326295853,0.189043432474136,0.0481051616370678,0.239966437220573,0.993183732032776,0.767480850219727,0.0425719320774078,0.0394014976918697,0.0570241063833237,0.142975896596909,0.233416453003883,0.266167908906937,0.274812966585159,0.0256026592105627,0.889501094818115,0.889501094818115
1470002862,"SALERNO MULTI-GRAIN","SALERNO",51,51,2,3.38,1.69,"B",26.04,"DOMINICKS   51","PALOS HEIGHTS",60463,416594,877775,0.132472112774849,0.176159724593163,0.0254257190972567,0.171916708350182,0.0254364088177681,10.6208391189575,24312.7265625,2.78470492362976,0.199667498469353,0.315710723400116,0.354280978441238,0.130340814590454,0.484621793031693,0.301911890506744,0.199667498469353,0.130340814590454,0.313189804553986,0.663424134254456,0.0014368761330843,0.316888988018036,0.133652150630951,143.828338623047,0.256408393383026,0.153822511434555,0.189627349376678,0.0488220266997814,0.114107295870781,0.0948055610060692,0.0942378640174866,0.162929326295853,0.189043432474136,0.0481051616370678,0.239966437220573,0.993183732032776,0.767480850219727,0.0425719320774078,0.0394014976918697,0.0570241063833237,0.142975896596909,0.233416453003883,0.266167908906937,0.274812966585159,0.0256026592105627,0.889501094818115,0.889501094818115
1470002862,"SALERNO MULTI-GRAIN","SALERNO",51,53,1,1.83,1.83,"",31.69,"DOMINICKS   51","PALOS HEIGHTS",60463,416594,877775,0.132472112774849,0.176159724593163,0.0254257190972567,0.171916708350182,0.0254364088177681,10.6208391189575,24312.7265625,2.78470492362976,0.199667498469353,0.315710723400116,0.354280978441238,0.130340814590454,0.484621793031693,0.301911890506744,0.199667498469353,0.130340814590454,0.313189804553986,0.663424134254456,0.0014368761330843,0.316888988018036,0.133652150630951,143.828338623047,0.256408393383026,0.153822511434555,0.189627349376678,0.0488220266997814,0.114107295870781,0.0948055610060692,0.0942378640174866,0.162929326295853,0.189043432474136,0.0481051616370678,0.239966437220573,0.993183732032776,0.767480850219727,0.0425719320774078,0.0394014976918697,0.0570241063833237,0.142975896596909,0.233416453003883,0.266167908906937,0.274812966585159,0.0256026592105627,0.889501094818115,0.889501094818115
1470002862,"SALERNO MULTI-GRAIN","SALERNO",51,54,1,1.83,1.83,"",31.69,"DOMINICKS   51","PALOS HEIGHTS",60463,416594,877775,0.132472112774849,0.176159724593163,0.0254257190972567,0.171916708350182,0.0254364088177681,10.6208391189575,24312.7265625,2.78470492362976,0.199667498469353,0.315710723400116,0.354280978441238,0.130340814590454,0.484621793031693,0.301911890506744,0.199667498469353,0.130340814590454,0.313189804553986,0.663424134254456,0.0014368761330843,0.316888988018036,0.133652150630951,143.828338623047,0.256408393383026,0.153822511434555,0.189627349376678,0.0488220266997814,0.114107295870781,0.0948055610060692,0.0942378640174866,0.162929326295853,0.189043432474136,0.0481051616370678,0.239966437220573,0.993183732032776,0.767480850219727,0.0425719320774078,0.0394014976918697,0.0570241063833237,0.142975896596909,0.233416453003883,0.266167908906937,0.274812966585159,0.0256026592105627,0.889501094818115,0.889501094818115
1470002862,"SALERNO MULTI-GRAIN","SALERNO",51,55,2,3.66,1.83,"",31.69,"DOMINICKS   51","PALOS HEIGHTS",60463,416594,877775,0.132472112774849,0.176159724593163,0.0254257190972567,0.171916708350182,0.0254364088177681,10.6208391189575,24312.7265625,2.78470492362976,0.199667498469353,0.315710723400116,0.354280978441238,0.130340814590454,0.484621793031693,0.301911890506744,0.199667498469353,0.130340814590454,0.313189804553986,0.663424134254456,0.0014368761330843,0.316888988018036,0.133652150630951,143.828338623047,0.256408393383026,0.153822511434555,0.189627349376678,0.0488220266997814,0.114107295870781,0.0948055610060692,0.0942378640174866,0.162929326295853,0.189043432474136,0.0481051616370678,0.239966437220573,0.993183732032776,0.767480850219727,0.0425719320774078,0.0394014976918697,0.0570241063833237,0.142975896596909,0.233416453003883,0.266167908906937,0.274812966585159,0.0256026592105627,0.889501094818115,0.889501094818115
1470002862,"SALERNO MULTI-GRAIN","SALERNO",51,56,2,3.66,1.83,"",31.69,"DOMINICKS   51","PALOS HEIGHTS",60463,416594,877775,0.132472112774849,0.176159724593163,0.0254257190972567,0.171916708350182,0.0254364088177681,10.6208391189575,24312.7265625,2.78470492362976,0.199667498469353,0.315710723400116,0.354280978441238,0.130340814590454,0.484621793031693,0.301911890506744,0.199667498469353,0.130340814590454,0.313189804553986,0.663424134254456,0.0014368761330843,0.316888988018036,0.133652150630951,143.828338623047,0.256408393383026,0.153822511434555,0.189627349376678,0.0488220266997814,0.114107295870781,0.0948055610060692,0.0942378640174866,0.162929326295853,0.189043432474136,0.0481051616370678,0.239966437220573,0.993183732032776,0.767480850219727,0.0425719320774078,0.0394014976918697,0.0570241063833237,0.142975896596909,0.233416453003883,0.266167908906937,0.274812966585159,0.0256026592105627,0.889501094818115,0.889501094818115
1470002862,"SALERNO MULTI-GRAIN","SALERNO",51,57,4,7.32,1.83,"",31.69,"DOMINICKS   51","PALOS HEIGHTS",60463,416594,877775,0.132472112774849,0.176159724593163,0.0254257190972567,0.171916708350182,0.0254364088177681,10.6208391189575,24312.7265625,2.78470492362976,0.199667498469353,0.315710723400116,0.354280978441238,0.130340814590454,0.484621793031693,0.301911890506744,0.199667498469353,0.130340814590454,0.313189804553986,0.663424134254456,0.0014368761330843,0.316888988018036,0.133652150630951,143.828338623047,0.256408393383026,0.153822511434555,0.189627349376678,0.0488220266997814,0.114107295870781,0.0948055610060692,0.0942378640174866,0.162929326295853,0.189043432474136,0.0481051616370678,0.239966437220573,0.993183732032776,0.767480850219727,0.0425719320774078,0.0394014976918697,0.0570241063833237,0.142975896596909,0.233416453003883,0.266167908906937,0.274812966585159,0.0256026592105627,0.889501094818115,0.889501094818115
1470002862,"SALERNO MULTI-GRAIN","SALERNO",51,59,1,1.83,1.83,"",31.69,"DOMINICKS   51","PALOS HEIGHTS",60463,416594,877775,0.132472112774849,0.176159724593163,0.0254257190972567,0.171916708350182,0.0254364088177681,10.6208391189575,24312.7265625,2.78470492362976,0.199667498469353,0.315710723400116,0.354280978441238,0.130340814590454,0.484621793031693,0.301911890506744,0.199667498469353,0.130340814590454,0.313189804553986,0.663424134254456,0.0014368761330843,0.316888988018036,0.133652150630951,143.828338623047,0.256408393383026,0.153822511434555,0.189627349376678,0.0488220266997814,0.114107295870781,0.0948055610060692,0.0942378640174866,0.162929326295853,0.189043432474136,0.0481051616370678,0.239966437220573,0.993183732032776,0.767480850219727,0.0425719320774078,0.0394014976918697,0.0570241063833237,0.142975896596909,0.233416453003883,0.266167908906937,0.274812966585159,0.0256026592105627,0.889501094818115,0.889501094818115
1470002862,"SALERNO MULTI-GRAIN","SALERNO",51,61,3,5.49,1.83,"",31.69,"DOMINICKS   51","PALOS HEIGHTS",60463,416594,877775,0.132472112774849,0.176159724593163,0.0254257190972567,0.171916708350182,0.0254364088177681,10.6208391189575,24312.7265625,2.78470492362976,0.199667498469353,0.315710723400116,0.354280978441238,0.130340814590454,0.484621793031693,0.301911890506744,0.199667498469353,0.130340814590454,0.313189804553986,0.663424134254456,0.0014368761330843,0.316888988018036,0.133652150630951,143.828338623047,0.256408393383026,0.153822511434555,0.189627349376678,0.0488220266997814,0.114107295870781,0.0948055610060692,0.0942378640174866,0.162929326295853,0.189043432474136,0.0481051616370678,0.239966437220573,0.993183732032776,0.767480850219727,0.0425719320774078,0.0394014976918697,0.0570241063833237,0.142975896596909,0.233416453003883,0.266167908906937,0.274812966585159,0.0256026592105627,0.889501094818115,0.889501094818115
1470002862,"SALERNO MULTI-GRAIN","SALERNO",51,64,3,5.13,1.71,"B",26.9,"DOMINICKS   51","PALOS HEIGHTS",60463,416594,877775,0.132472112774849,0.176159724593163,0.0254257190972567,0.171916708350182,0.0254364088177681,10.6208391189575,24312.7265625,2.78470492362976,0.199667498469353,0.315710723400116,0.354280978441238,0.130340814590454,0.484621793031693,0.301911890506744,0.199667498469353,0.130340814590454,0.313189804553986,0.663424134254456,0.0014368761330843,0.316888988018036,0.133652150630951,143.828338623047,0.256408393383026,0.153822511434555,0.189627349376678,0.0488220266997814,0.114107295870781,0.0948055610060692,0.0942378640174866,0.162929326295853,0.189043432474136,0.0481051616370678,0.239966437220573,0.993183732032776,0.767480850219727,0.0425719320774078,0.0394014976918697,0.0570241063833237,0.142975896596909,0.233416453003883,0.266167908906937,0.274812966585159,0.0256026592105627,0.889501094818115,0.889501094818115
1470002862,"SALERNO MULTI-GRAIN","SALERNO",51,66,1,1.83,1.83,"",31.69,"DOMINICKS   51","PALOS HEIGHTS",60463,416594,877775,0.132472112774849,0.176159724593163,0.0254257190972567,0.171916708350182,0.0254364088177681,10.6208391189575,24312.7265625,2.78470492362976,0.199667498469353,0.315710723400116,0.354280978441238,0.130340814590454,0.484621793031693,0.301911890506744,0.199667498469353,0.130340814590454,0.313189804553986,0.663424134254456,0.0014368761330843,0.316888988018036,0.133652150630951,143.828338623047,0.256408393383026,0.153822511434555,0.189627349376678,0.0488220266997814,0.114107295870781,0.0948055610060692,0.0942378640174866,0.162929326295853,0.189043432474136,0.0481051616370678,0.239966437220573,0.993183732032776,0.767480850219727,0.0425719320774078,0.0394014976918697,0.0570241063833237,0.142975896596909,0.233416453003883,0.266167908906937,0.274812966585159,0.0256026592105627,0.889501094818115,0.889501094818115
1470002862,"SALERNO MULTI-GRAIN","SALERNO",51,67,3,5.49,1.83,"",31.69,"DOMINICKS   51","PALOS HEIGHTS",60463,416594,877775,0.132472112774849,0.176159724593163,0.0254257190972567,0.171916708350182,0.0254364088177681,10.6208391189575,24312.7265625,2.78470492362976,0.199667498469353,0.315710723400116,0.354280978441238,0.130340814590454,0.484621793031693,0.301911890506744,0.199667498469353,0.130340814590454,0.313189804553986,0.663424134254456,0.0014368761330843,0.316888988018036,0.133652150630951,143.828338623047,0.256408393383026,0.153822511434555,0.189627349376678,0.0488220266997814,0.114107295870781,0.0948055610060692,0.0942378640174866,0.162929326295853,0.189043432474136,0.0481051616370678,0.239966437220573,0.993183732032776,0.767480850219727,0.0425719320774078,0.0394014976918697,0.0570241063833237,0.142975896596909,0.233416453003883,0.266167908906937,0.274812966585159,0.0256026592105627,0.889501094818115,0.889501094818115
1470002882,"SALERNO UNSALTED TOP","SALERNO",33,16,5,7.95,1.59,"",26.04,"DOMINICKS   33","CHICAGO",60657,419386,876447,0.0460709184408188,0.134169965982437,0.130127176642418,0.419688016176224,0.506223499774933,10.3459272384644,25921.609375,1.55429029464722,0.61400955915451,0.280455499887466,0.0920286029577255,0.0135063556954265,0.105534955859184,0.0405190661549568,0.61400955915451,0.0135063556954265,0.472308278083801,0.0191910602152348,0.00024846289306879,0.862559258937836,0.682464480400085,249.786727905273,0.593475520610809,0.0937556251883507,0.181752741336823,0.0301112066954374,0.0412318222224712,0.0301112066954374,0.0176218990236521,0.0713430270552635,0.0477331057190895,0.0300443843007088,0.459542512893677,0.942407011985779,0.584745764732361,0.17047081887722,0.0875380709767342,0.124867588281631,0.0263506360352039,0.0613082610070705,0.557733058929443,0.172139823436737,0.0576006360352039,0.0428126975893974,0.0428126975893974
1470002882,"SALERNO UNSALTED TOP","SALERNO",33,17,5,7.95,1.59,"",26.04,"DOMINICKS   33","CHICAGO",60657,419386,876447,0.0460709184408188,0.134169965982437,0.130127176642418,0.419688016176224,0.506223499774933,10.3459272384644,25921.609375,1.55429029464722,0.61400955915451,0.280455499887466,0.0920286029577255,0.0135063556954265,0.105534955859184,0.0405190661549568,0.61400955915451,0.0135063556954265,0.472308278083801,0.0191910602152348,0.00024846289306879,0.862559258937836,0.682464480400085,249.786727905273,0.593475520610809,0.0937556251883507,0.181752741336823,0.0301112066954374,0.0412318222224712,0.0301112066954374,0.0176218990236521,0.0713430270552635,0.0477331057190895,0.0300443843007088,0.459542512893677,0.942407011985779,0.584745764732361,0.17047081887722,0.0875380709767342,0.124867588281631,0.0263506360352039,0.0613082610070705,0.557733058929443,0.172139823436737,0.0576006360352039,0.0428126975893974,0.0428126975893974
1470002882,"SALERNO UNSALTED TOP","SALERNO",33,18,5,7.95,1.59,"",26.04,"DOMINICKS   33","CHICAGO",60657,419386,876447,0.0460709184408188,0.134169965982437,0.130127176642418,0.419688016176224,0.506223499774933,10.3459272384644,25921.609375,1.55429029464722,0.61400955915451,0.280455499887466,0.0920286029577255,0.0135063556954265,0.105534955859184,0.0405190661549568,0.61400955915451,0.0135063556954265,0.472308278083801,0.0191910602152348,0.00024846289306879,0.862559258937836,0.682464480400085,249.786727905273,0.593475520610809,0.0937556251883507,0.181752741336823,0.0301112066954374,0.0412318222224712,0.0301112066954374,0.0176218990236521,0.0713430270552635,0.0477331057190895,0.0300443843007088,0.459542512893677,0.942407011985779,0.584745764732361,0.17047081887722,0.0875380709767342,0.124867588281631,0.0263506360352039,0.0613082610070705,0.557733058929443,0.172139823436737,0.0576006360352039,0.0428126975893974,0.0428126975893974
1470002882,"SALERNO UNSALTED TOP","SALERNO",33,19,4,6.36,1.59,"",26.04,"DOMINICKS   33","CHICAGO",60657,419386,876447,0.0460709184408188,0.134169965982437,0.130127176642418,0.419688016176224,0.506223499774933,10.3459272384644,25921.609375,1.55429029464722,0.61400955915451,0.280455499887466,0.0920286029577255,0.0135063556954265,0.105534955859184,0.0405190661549568,0.61400955915451,0.0135063556954265,0.472308278083801,0.0191910602152348,0.00024846289306879,0.862559258937836,0.682464480400085,249.786727905273,0.593475520610809,0.0937556251883507,0.181752741336823,0.0301112066954374,0.0412318222224712,0.0301112066954374,0.0176218990236521,0.0713430270552635,0.0477331057190895,0.0300443843007088,0.459542512893677,0.942407011985779,0.584745764732361,0.17047081887722,0.0875380709767342,0.124867588281631,0.0263506360352039,0.0613082610070705,0.557733058929443,0.172139823436737,0.0576006360352039,0.0428126975893974,0.0428126975893974
1470002882,"SALERNO UNSALTED TOP","SALERNO",33,20,1,1.59,1.59,"",26.04,"DOMINICKS   33","CHICAGO",60657,419386,876447,0.0460709184408188,0.134169965982437,0.130127176642418,0.419688016176224,0.506223499774933,10.3459272384644,25921.609375,1.55429029464722,0.61400955915451,0.280455499887466,0.0920286029577255,0.0135063556954265,0.105534955859184,0.0405190661549568,0.61400955915451,0.0135063556954265,0.472308278083801,0.0191910602152348,0.00024846289306879,0.862559258937836,0.682464480400085,249.786727905273,0.593475520610809,0.0937556251883507,0.181752741336823,0.0301112066954374,0.0412318222224712,0.0301112066954374,0.0176218990236521,0.0713430270552635,0.0477331057190895,0.0300443843007088,0.459542512893677,0.942407011985779,0.584745764732361,0.17047081887722,0.0875380709767342,0.124867588281631,0.0263506360352039,0.0613082610070705,0.557733058929443,0.172139823436737,0.0576006360352039,0.0428126975893974,0.0428126975893974
