Prosjekt/dftest.csv
"UPC","DESCRIP","BRAND","STORE","WEEK","MOVE","SALES","PRICE","SALE","PROFIT","name","city","zip","lat","long","age9","age60","ethnic","educ","nocar","income","incsigma","hsizeavg","hsize1","hsize2","hsize34","hsize567","hh3plus","hh4plus","hhsingle","hhlarge","workwom","sinhouse","density","hval150","hval200","hvalmean","single","retired","unemp","wrkch5","wrkch17","nwrkch5","nwrkch17","wrkch","nwrkch","wrkwch","wrkwnch","telephn","mortgage","nwhite","poverty","shpcons","shphurr","shpavid","shpkstr","shpunft","shpbird","shopindx","shpindx"
1470002882,"SALERNO UNSALTED TOP","SALERNO",33,21,1,1.59,1.59,"",26.04,"DOMINICKS   33","CHICAGO",60657,419386,876447,0.0460709184408188,0.134169965982437,0.130127176642418,0.419688016176224,0.506223499774933,10.3459272384644,25921.609375,1.55429029464722,0.61400955915451,0.280455499887466,0.0920286029577255,0.0135063556954265,0.105534955859184,0.0405190661549568,0.61400955915451,0.0135063556954265,0.472308278083801,0.0191910602152348,0.00024846289306879,0.862559258937836,0.682464480400085,249.786727905273,0.593475520610809,0.0937556251883507,0.181752741336823,0.0301112066954374,0.0412318222224712,0.0301112066954374,0.0176218990236521,0.0713430270552635,0.0477331057190895,0.0300443843007088,0.459542512893677,0.942407011985779,0.584745764732361,0.17047081887722,0.0875380709767342,0.124867588281631,0.0263506360352039,0.0613082610070705,0.557733058929443,0.172139823436737,0.0576006360352039,0.0428126975893974,0.0428126975893974
1470002882,"SALERNO UNSALTED TOP","SALERNO",33,23,2,3.18,1.59,"",26.04,"DOMINICKS   33","CHICAGO",60657,419386,876447,0.0460709184408188,0.134169965982437,0.130127176642418,0.419688016176224,0.506223499774933,10.3459272384644,25921.609375,1.55429029464722,0.61400955915451,0.280455499887466,0.0920286029577255,0.0135063556954265,0.105534955859184,0.0405190661549568,0.61400955915451,0.0135063556954265,0.472308278083801,0.0191910602152348,0.00024846289306879,0.862559258937836,0.682464480400085,249.786727905273,0.593475520610809,0.0937556251883507,0.181752741336823,0.0301112066954374,0.0412318222224712,0.0301112066954374,0.0176218990236521,0.0713430270552635,0.0477331057190895,0.0300443843007088,0.459542512893677,0.942407011985779,0.584745764732361,0.17047081887722,0.0875380709767342,0.124867588281631,0.0263506360352039,0.0613082610070705,0.557733058929443,0.172139823436737,0.0576006360352039,0.0428126975893974,0.0428126975893974
1470002882,"SALERNO UNSALTED TOP","SALERNO",33,24,25,32.25,1.29,"B",8.84,"DOMINICKS   33","CHICAGO",60657,419386,876447,0.0460709184408188,0.134169965982437,0.130127176642418,0.419688016176224,0.506223499774933,10.3459272384644,25921.609375,1.55429029464722,0.61400955915451,0.280455499887466,0.0920286029577255,0.0135063556954265,0.105534955859184,0.0405190661549568,0.61400955915451,0.0135063556954265,0.472308278083801,0.0191910602152348,0.00024846289306879,0.862559258937836,0.682464480400085,249.786727905273,0.593475520610809,0.0937556251883507,0.181752741336823,0.0301112066954374,0.0412318222224712,0.0301112066954374,0.0176218990236521,0.0713430270552635,0.0477331057190895,0.0300443843007088,0.459542512893677,0.942407011985779,0.584745764732361,0.17047081887722,0.0875380709767342,0.124867588281631,0.0263506360352039,0.0613082610070705,0.557733058929443,0.172139823436737,0.0576006360352039,0.0428126975893974,0.0428126975893974
1470002882,"SALERNO UNSALTED TOP","SALERNO",33,25,4,6.36,1.59,"",26.04,"DOMINICKS   33","CHICAGO",60657,419386,876447,0.0460709184408188,0.134169965982437,0.130127176642418,0.419688016176224,0.506223499774933,10.3459272384644,25921.609375,1.55429029464722,0.61400955915451,0.280455499887466,0.0920286029577255,0.0135063556954265,0.105534955859184,0.0405190661549568,0.61400955915451,0.0135063556954265,0.472308278083801,0.0191910602152348,0.00024846289306879,0.862559258937836,0.682464480400085,249.786727905273,0.593475520610809,0.0937556251883507,0.181752741336823,0.0301112066954374,0.0412318222224712,0.0301112066954374,0.0176218990236521,0.0713430270552635,0.0477331057190895,0.0300443843007088,0.459542512893677,0.942407011985779,0.584745764732361,0.17047081887722,0.0875380709767342,0.124867588281631,0.0263506360352039,0.0613082610070705,0.557733058929443,0.172139823436737,0.0576006360352039,0.0428126975893974,0.0428126975893974
1470002882,"SALERNO UNSALTED TOP","SALERNO",33,26,7,11.13,1.59,"",26.04,"DOMINICKS   33","CHICAGO",60657,419386,876447,0.0460709184408188,0.134169965982437,0.130127176642418,0.419688016176224,0.506223499774933,10.3459272384644,25921.609375,1.55429029464722,0.61400955915451,0.280455499887466,0.0920286029577255,0.0135063556954265,0.105534955859184,0.0405190661549568,0.61400955915451,0.0135063556954265,0.472308278083801,0.0191910602152348,0.00024846289306879,0.862559258937836,0.682464480400085,249.786727905273,0.593475520610809,0.0937556251883507,0.181752741336823,0.0301112066954374,0.0412318222224712,0.0301112066954374,0.0176218990236521,0.0713430270552635,0.0477331057190895,0.0300443843007088,0.459542512893677,0.942407011985779,0.584745764732361,0.17047081887722,0.0875380709767342,0.124867588281631,0.0263506360352039,0.0613082610070705,0.557733058929443,0.172139823436737,0.0576006360352039,0.0428126975893974,0.0428126975893974
1470002882,"SALERNO UNSALTED TOP","SALERNO",33,27,2,3.18,1.59,"",26.04,"DOMINICKS   33","CHICAGO",60657,419386,876447,0.0460709184408188,0.134169965982437,0.130127176642418,0.419688016176224,0.506223499774933,10.3459272384644,25921.609375,1.55429029464722,0.61400955915451,0.280455499887466,0.0920286029577255,0.0135063556954265,0.105534955859184,0.0405190661549568,0.61400955915451,0.0135063556954265,0.472308278083801,0.0191910602152348,0.00024846289306879,0.862559258937836,0.682464480400085,249.786727905273,0.593475520610809,0.0937556251883507,0.181752741336823,0.0301112066954374,0.0412318222224712,0.0301112066954374,0.0176218990236521,0.0713430270552635,0.0477331057190895,0.0300443843007088,0.459542512893677,0.942407011985779,0.584745764732361,0.17047081887722,0.0875380709767342,0.124867588281631,0.0263506360352039,0.0613082610070705,0.557733058929443,0.172139823436737,0.0576006360352039,0.0428126975893974,0.0428126975893974
1470002882,"SALERNO UNSALTED TOP","SALERNO",33,28,3,4.77,1.59,"",26.04,"DOMINICKS   33","CHICAGO",60657,419386,876447,0.0460709184408188,0.134169965982437,0.130127176642418,0.419688016176224,0.506223499774933,10.3459272384644,25921.609375,1.55429029464722,0.61400955915451,0.280455499887466,0.0920286029577255,0.0135063556954265,0.105534955859184,0.0405190661549568,0.61400955915451,0.0135063556954265,0.472308278083801,0.0191910602152348,0.00024846289306879,0.862559258937836,0.682464480400085,249.786727905273,0.593475520610809,0.0937556251883507,0.181752741336823,0.0301112066954374,0.0412318222224712,0.0301112066954374,0.0176218990236521,0.0713430270552635,0.0477331057190895,0.0300443843007088,0.459542512893677,0.942407011985779,0.584745764732361,0.17047081887722,0.0875380709767342,0.124867588281631,0.0263506360352039,0.0613082610070705,0.557733058929443,0.172139823436737,0.0576006360352039,0.0428126975893974,0.0428126975893974
1470002882,"SALERNO UNSALTED TOP","SALERNO",33,29,5,6.45,1.29,"",8.84,"DOMINICKS   33","CHICAGO",60657,419386,876447,0.0460709184408188,0.134169965982437,0.130127176642418,0.419688016176224,0.506223499774933,10.3459272384644,25921.609375,1.55429029464722,0.61400955915451,0.280455499887466,0.0920286029577255,0.0135063556954265,0.105534955859184,0.0405190661549568,0.61400955915451,0.0135063556954265,0.472308278083801,0.0191910602152348,0.00024846289306879,0.862559258937836,0.682464480400085,249.786727905273,0.593475520610809,0.0937556251883507,0.181752741336823,0.0301112066954374,0.0412318222224712,0.0301112066954374,0.0176218990236521,0.0713430270552635,0.0477331057190895,0.0300443843007088,0.459542512893677,0.942407011985779,0.584745764732361,0.17047081887722,0.0875380709767342,0.124867588281631,0.0263506360352039,0.0613082610070705,0.557733058929443,0.172139823436737,0.0576006360352039,0.0428126975893974,0.0428126975893974
1470002882,"SALERNO UNSALTED TOP","SALERNO",33,30,1,1.59,1.59,"",26.04,"DOMINICKS   33","CHICAGO",60657,419386,876447,0.0460709184408188,0.134169965982437,0.130127176642418,0.419688016176224,0.506223499774933,10.3459272384644,25921.609375,1.55429029464722,0.61400955915451,0.280455499887466,0.0920286029577255,0.0135063556954265,0.105534955859184,0.0405190661549568,0.61400955915451,0.0135063556954265,0.472308278083801,0.0191910602152348,0.00024846289306879,0.862559258937836,0.682464480400085,249.786727905273,0.593475520610809,0.0937556251883507,0.181752741336823,0.0301112066954374,0.0412318222224712,0.0301112066954374,0.0176218990236521,0.0713430270552635,0.0477331057190895,0.0300443843007088,0.459542512893677,0.942407011985779,0.584745764732361,0.17047081887722,0.0875380709767342,0.124867588281631,0.0263506360352039,0.0613082610070705,0.557733058929443,0.172139823436737,0.0576006360352039,0.0428126975893974,0.0428126975893974
1470002882,"SALERNO UNSALTED TOP","SALERNO",33,31,1,1.59,1.59,"",26.04,"DOMINICKS   33","CHICAGO",60657,419386,876447,0.0460709184408188,0.134169965982437,0.130127176642418,0.419688016176224,0.506223499774933,10.3459272384644,25921.609375,1.55429029464722,0.61400955915451,0.280455499887466,0.0920286029577255,0.0135063556954265,0.105534955859184,0.0405190661549568,0.61400955915451,0.0135063556954265,0.472308278083801,0.0191910602152348,0.00024846289306879,0.862559258937836,0.682464480400085,249.786727905273,0.593475520610809,0.0937556251883507,0.181752741336823,0.0301112066954374,0.0412318222224712,0.0301112066954374,0.0176218990236521,0.0713430270552635,0.0477331057190895,0.0300443843007088,0.459542512893677,0.942407011985779,0.584745764732361,0.17047081887722,0.0875380709767342,0.124867588281631,0.0263506360352039,0.0613082610070705,0.557733058929443,0.172139823436737,0.0576006360352039,0.0428126975893974,0.0428126975893974
1470002882,"SALERNO UNSALTED TOP","SALERNO",33,34,68,108.12,1.59,"",26.04,"DOMINICKS   33","CHICAGO",60657,419386,876447,0.0460709184408188,0.134169965982437,0.130127176642418,0.419688016176224,0.506223499774933,10.3459272384644,25921.609375,1.55429029464722,0.61400955915451,0.280455499887466,0.0920286029577255,0.0135063556954265,0.105534955859184,0.0405190661549568,0.61400955915451,0.0135063556954265,0.472308278083801,0.0191910602152348,0.00024846289306879,0.862559258937836,0.682464480400085,249.786727905273,0.593475520610809,0.0937556251883507,0.181752741336823,0.0301112066954374,0.0412318222224712,0.0301112066954374,0.0176218990236521,0.0713430270552635,0.0477331057190895,0.0300443843007088,0.459542512893677,0.942407011985779,0.584745764732361,0.17047081887722,0.0875380709767342,0.124867588281631,0.0263506360352039,0.0613082610070705,0.557733058929443,0.172139823436737,0.0576006360352039,0.0428126975893974,0.0428126975893974
1470002882,"SALERNO UNSALTED TOP","SALERNO",33,35,3,4.77,1.59,"",26.04,"DOMINICKS   33","CHICAGO",60657,419386,876447,0.0460709184408188,0.134169965982437,0.130127176642418,0.419688016176224,0.506223499774933,10.3459272384644,25921.609375,1.55429029464722,0.61400955915451,0.280455499887466,0.0920286029577255,0.0135063556954265,0.105534955859184,0.0405190661549568,0.61400955915451,0.0135063556954265,0.472308278083801,0.0191910602152348,0.00024846289306879,0.862559258937836,0.682464480400085,249.786727905273,0.593475520610809,0.0937556251883507,0.181752741336823,0.0301112066954374,0.0412318222224712,0.0301112066954374,0.0176218990236521,0.0713430270552635,0.0477331057190895,0.0300443843007088,0.459542512893677,0.942407011985779,0.584745764732361,0.17047081887722,0.0875380709767342,0.124867588281631,0.0263506360352039,0.0613082610070705,0.557733058929443,0.172139823436737,0.0576006360352039,0.0428126975893974,0.0428126975893974
1470002882,"SALERNO UNSALTED TOP","SALERNO",33,36,1,1.59,1.59,"",26.04,"DOMINICKS   33","CHICAGO",60657,419386,876447,0.0460709184408188,0.134169965982437,0.130127176642418,0.419688016176224,0.506223499774933,10.3459272384644,25921.609375,1.55429029464722,0.61400955915451,0.280455499887466,0.0920286029577255,0.0135063556954265,0.105534955859184,0.0405190661549568,0.61400955915451,0.0135063556954265,0.472308278083801,0.0191910602152348,0.00024846289306879,0.862559258937836,0.682464480400085,249.786727905273,0.593475520610809,0.0937556251883507,0.181752741336823,0.0301112066954374,0.0412318222224712,0.0301112066954374,0.0176218990236521,0.0713430270552635,0.0477331057190895,0.0300443843007088,0.459542512893677,0.942407011985779,0.584745764732361,0.17047081887722,0.0875380709767342,0.124867588281631,0.0263506360352039,0.0613082610070705,0.557733058929443,0.172139823436737,0.0576006360352039,0.0428126975893974,0.0428126975893974
1470002882,"SALERNO UNSALTED TOP","SALERNO",33,37,1,1.59,1.59,"",26.04,"DOMINICKS   33","CHICAGO",60657,419386,876447,0.0460709184408188,0.134169965982437,0.130127176642418,0.419688016176224,0.506223499774933,10.3459272384644,25921.609375,1.55429029464722,0.61400955915451,0.280455499887466,0.0920286029577255,0.0135063556954265,0.105534955859184,0.0405190661549568,0.61400955915451,0.0135063556954265,0.472308278083801,0.0191910602152348,0.00024846289306879,0.862559258937836,0.682464480400085,249.786727905273,0.593475520610809,0.0937556251883507,0.181752741336823,0.0301112066954374,0.0412318222224712,0.0301112066954374,0.0176218990236521,0.0713430270552635,0.0477331057190895,0.0300443843007088,0.459542512893677,0.942407011985779,0.584745764732361,0.17047081887722,0.0875380709767342,0.124867588281631,0.0263506360352039,0.0613082610070705,0.557733058929443,0.172139823436737,0.0576006360352039,0.0428126975893974,0.0428126975893974
1470002882,"SALERNO UNSALTED TOP","SALERNO",33,38,5,6.95,1.39,"B",15.4,"DOMINICKS   33","CHICAGO",60657,419386,876447,0.0460709184408188,0.134169965982437,0.130127176642418,0.419688016176224,0.506223499774933,10.3459272384644,25921.609375,1.55429029464722,0.61400955915451,0.280455499887466,0.0920286029577255,0.0135063556954265,0.105534955859184,0.0405190661549568,0.61400955915451,0.0135063556954265,0.472308278083801,0.0191910602152348,0.00024846289306879,0.862559258937836,0.682464480400085,249.786727905273,0.593475520610809,0.0937556251883507,0.181752741336823,0.0301112066954374,0.0412318222224712,0.0301112066954374,0.0176218990236521,0.0713430270552635,0.0477331057190895,0.0300443843007088,0.459542512893677,0.942407011985779,0.584745764732361,0.17047081887722,0.0875380709767342,0.124867588281631,0.0263506360352039,0.0613082610070705,0.557733058929443,0.172139823436737,0.0576006360352039,0.0428126975893974,0.0428126975893974
1470002882,"SALERNO UNSALTED TOP","SALERNO",33,39,1,1.39,1.39,"B",15.4,"DOMINICKS   33","CHICAGO",60657,419386,876447,0.0460709184408188,0.134169965982437,0.130127176642418,0.419688016176224,0.506223499774933,10.3459272384644,25921.609375,1.55429029464722,0.61400955915451,0.280455499887466,0.0920286029577255,0.0135063556954265,0.105534955859184,0.0405190661549568,0.61400955915451,0.0135063556954265,0.472308278083801,0.0191910602152348,0.00024846289306879,0.862559258937836,0.682464480400085,249.786727905273,0.593475520610809,0.0937556251883507,0.181752741336823,0.0301112066954374,0.0412318222224712,0.0301112066954374,0.0176218990236521,0.0713430270552635,0.0477331057190895,0.0300443843007088,0.459542512893677,0.942407011985779,0.584745764732361,0.17047081887722,0.0875380709767342,0.124867588281631,0.0263506360352039,0.0613082610070705,0.557733058929443,0.172139823436737,0.0576006360352039,0.0428126975893974,0.0428126975893974
1470002882,"SALERNO UNSALTED TOP","SALERNO",33,40,4,5.56,1.39,"B",15.4,"DOMINICKS   33","CHICAGO",60657,419386,876447,0.0460709184408188,0.134169965982437,0.130127176642418,0.419688016176224,0.506223499774933,10.3459272384644,25921.609375,1.55429029464722,0.61400955915451,0.280455499887466,0.0920286029577255,0.0135063556954265,0.105534955859184,0.0405190661549568,0.61400955915451,0.0135063556954265,0.472308278083801,0.0191910602152348,0.00024846289306879,0.862559258937836,0.682464480400085,249.786727905273,0.593475520610809,0.0937556251883507,0.181752741336823,0.0301112066954374,0.0412318222224712,0.0301112066954374,0.0176218990236521,0.0713430270552635,0.0477331057190895,0.0300443843007088,0.459542512893677,0.942407011985779,0.584745764732361,0.17047081887722,0.0875380709767342,0.124867588281631,0.0263506360352039,0.0613082610070705,0.557733058929443,0.172139823436737,0.0576006360352039,0.0428126975893974,0.0428126975893974
1470002882,"SALERNO UNSALTED TOP","SALERNO",33,41,2,3.18,1.59,"",26.04,"DOMINICKS   33","CHICAGO",60657,419386,876447,0.0460709184408188,0.134169965982437,0.130127176642418,0.419688016176224,0.506223499774933,10.3459272384644,25921.609375,1.55429029464722,0.61400955915451,0.280455499887466,0.0920286029577255,0.0135063556954265,0.105534955859184,0.0405190661549568,0.61400955915451,0.0135063556954265,0.472308278083801,0.0191910602152348,0.00024846289306879,0.862559258937836,0.682464480400085,249.786727905273,0.593475520610809,0.0937556251883507,0.181752741336823,0.0301112066954374,0.0412318222224712,0.0301112066954374,0.0176218990236521,0.0713430270552635,0.0477331057190895,0.0300443843007088,0.459542512893677,0.942407011985779,0.584745764732361,0.17047081887722,0.0875380709767342,0.124867588281631,0.0263506360352039,0.0613082610070705,0.557733058929443,0.172139823436737,0.0576006360352039,0.0428126975893974,0.0428126975893974
