Prosjekt/dftest.csv
"UPC","DESCRIP","BRAND","STORE","WEEK","MOVE","SALES","PRICE","SALE","PROFIT","name","city","zip","lat","long","age9","age60","ethnic","educ","nocar","income","incsigma","hsizeavg","hsize1","hsize2","hsize34","hsize567","hh3plus","hh4plus","hhsingle","hhlarge","workwom","sinhouse","density","hval150","hval200","hvalmean","single","retired","unemp","wrkch5","wrkch17","nwrkch5","nwrkch17","wrkch","nwrkch","wrkwch","wrkwnch","telephn","mortgage","nwhite","poverty","shpcons","shphurr","shpavid","shpkstr","shpunft","shpbird","shopindx","shpindx"
1470002882,"SALERNO UNSALTED TOP","SALERNO",33,42,4,6.36,1.59,"",26.04,"DOMINICKS   33","CHICAGO",60657,419386,876447,0.0460709184408188,0.134169965982437,0.130127176642418,0.419688016176224,0.506223499774933,10.3459272384644,25921.609375,1.55429029464722,0.61400955915451,0.280455499887466,0.0920286029577255,0.0135063556954265,0.105534955859184,0.0405190661549568,0.61400955915451,0.0135063556954265,0.472308278083801,0.0191910602152348,0.00024846289306879,0.862559258937836,0.682464480400085,249.786727905273,0.593475520610809,0.0937556251883507,0.181752741336823,0.0301112066954374,0.0412318222224712,0.0301112066954374,0.0176218990236521,0.0713430270552635,0.0477331057190895,0.0300443843007088,0.459542512893677,0.942407011985779,0.584745764732361,0.17047081887722,0.0875380709767342,0.124867588281631,0.0263506360352039,0.0613082610070705,0.557733058929443,0.172139823436737,0.0576006360352039,0.0428126975893974,0.0428126975893974
1470002882,"SALERNO UNSALTED TOP","SALERNO",33,43,2,3.18,1.59,"B",26.04,"DOMINICKS   33","CHICAGO",60657,419386,876447,0.0460709184408188,0.134169965982437,0.130127176642418,0.419688016176224,0.506223499774933,10.3459272384644,25921.609375,1.55429029464722,0.61400955915451,0.280455499887466,0.0920286029577255,0.0135063556954265,0.105534955859184,0.0405190661549568,0.61400955915451,0.0135063556954265,0.472308278083801,0.0191910602152348,0.00024846289306879,0.862559258937836,0.682464480400085,249.786727905273,0.593475520610809,0.0937556251883507,0.181752741336823,0.0301112066954374,0.0412318222224712,0.0301112066954374,0.0176218990236521,0.0713430270552635,0.0477331057190895,0.0300443843007088,0.459542512893677,0.942407011985779,0.584745764732361,0.17047081887722,0.0875380709767342,0.124867588281631,0.0263506360352039,0.0613082610070705,0.557733058929443,0.172139823436737,0.0576006360352039,0.0428126975893974,0.0428126975893974
1470002882,"SALERNO UNSALTED TOP","SALERNO",33,44,1,1.59,1.59,"",26.04,"DOMINICKS   33","CHICAGO",60657,419386,876447,0.0460709184408188,0.134169965982437,0.130127176642418,0.419688016176224,0.506223499774933,10.3459272384644,25921.609375,1.55429029464722,0.61400955915451,0.280455499887466,0.0920286029577255,0.0135063556954265,0.105534955859184,0.0405190661549568,0.61400955915451,0.0135063556954265,0.472308278083801,0.0191910602152348,0.00024846289306879,0.862559258937836,0.682464480400085,249.786727905273,0.593475520610809,0.0937556251883507,0.181752741336823,0.0301112066954374,0.0412318222224712,0.0301112066954374,0.0176218990236521,0.0713430270552635,0.0477331057190895,0.0300443843007088,0.459542512893677,0.942407011985779,0.584745764732361,0.17047081887722,0.0875380709767342,0.124867588281631,0.0263506360352039,0.0613082610070705,0.557733058929443,0.172139823436737,0.0576006360352039,0.0428126975893974,0.0428126975893974
1470002882,"SALERNO UNSALTED TOP","SALERNO",33,45,7,11.13,1.59,"",26.04,"DOMINICKS   33","CHICAGO",60657,419386,876447,0.0460709184408188,0.134169965982437,0.130127176642418,0.419688016176224,0.506223499774933,10.3459272384644,25921.609375,1.55429029464722,0.61400955915451,0.280455499887466,0.0920286029577255,0.0135063556954265,0.105534955859184,0.0405190661549568,0.61400955915451,0.0135063556954265,0.472308278083801,0.0191910602152348,0.00024846289306879,0.862559258937836,0.682464480400085,249.786727905273,0.593475520610809,0.0937556251883507,0.181752741336823,0.0301112066954374,0.0412318222224712,0.0301112066954374,0.0176218990236521,0.0713430270552635,0.0477331057190895,0.0300443843007088,0.459542512893677,0.942407011985779,0.584745764732361,0.17047081887722,0.0875380709767342,0.124867588281631,0.0263506360352039,0.0613082610070705,0.557733058929443,0.172139823436737,0.0576006360352039,0.0428126975893974,0.0428126975893974
1470002882,"SALERNO UNSALTED TOP","SALERNO",33,46,5,7.95,1.59,"",26.04,"DOMINICKS   33","CHICAGO",60657,419386,876447,0.0460709184408188,0.134169965982437,0.130127176642418,0.419688016176224,0.506223499774933,10.3459272384644,25921.609375,1.55429029464722,0.61400955915451,0.280455499887466,0.0920286029577255,0.0135063556954265,0.105534955859184,0.0405190661549568,0.61400955915451,0.0135063556954265,0.472308278083801,0.0191910602152348,0.00024846289306879,0.862559258937836,0.682464480400085,249.786727905273,0.593475520610809,0.0937556251883507,0.181752741336823,0.0301112066954374,0.0412318222224712,0.0301112066954374,0.0176218990236521,0.0713430270552635,0.0477331057190895,0.0300443843007088,0.459542512893677,0.942407011985779,0.584745764732361,0.17047081887722,0.0875380709767342,0.124867588281631,0.0263506360352039,0.0613082610070705,0.557733058929443,0.172139823436737,0.0576006360352039,0.0428126975893974,0.0428126975893974
1470002882,"SALERNO UNSALTED TOP","SALERNO",33,47,8,12.72,1.59,"",26.04,"DOMINICKS   33","CHICAGO",60657,419386,876447,0.0460709184408188,0.134169965982437,0.130127176642418,0.419688016176224,0.506223499774933,10.3459272384644,25921.609375,1.55429029464722,0.61400955915451,0.280455499887466,0.0920286029577255,0.0135063556954265,0.105534955859184,0.0405190661549568,0.61400955915451,0.0135063556954265,0.472308278083801,0.0191910602152348,0.00024846289306879,0.862559258937836,0.682464480400085,249.786727905273,0.593475520610809,0.0937556251883507,0.181752741336823,0.0301112066954374,0.0412318222224712,0.0301112066954374,0.0176218990236521,0.0713430270552635,0.0477331057190895,0.0300443843007088,0.459542512893677,0.942407011985779,0.584745764732361,0.17047081887722,0.0875380709767342,0.124867588281631,0.0263506360352039,0.0613082610070705,0.557733058929443,0.172139823436737,0.0576006360352039,0.0428126975893974,0.0428126975893974
1470002882,"SALERNO UNSALTED TOP","SALERNO",33,48,2,3.18,1.59,"",26.04,"DOMINICKS   33","CHICAGO",60657,419386,876447,0.0460709184408188,0.134169965982437,0.130127176642418,0.419688016176224,0.506223499774933,10.3459272384644,25921.609375,1.55429029464722,0.61400955915451,0.280455499887466,0.0920286029577255,0.0135063556954265,0.105534955859184,0.0405190661549568,0.61400955915451,0.0135063556954265,0.472308278083801,0.0191910602152348,0.00024846289306879,0.862559258937836,0.682464480400085,249.786727905273,0.593475520610809,0.0937556251883507,0.181752741336823,0.0301112066954374,0.0412318222224712,0.0301112066954374,0.0176218990236521,0.0713430270552635,0.0477331057190895,0.0300443843007088,0.459542512893677,0.942407011985779,0.584745764732361,0.17047081887722,0.0875380709767342,0.124867588281631,0.0263506360352039,0.0613082610070705,0.557733058929443,0.172139823436737,0.0576006360352039,0.0428126975893974,0.0428126975893974
1470002882,"SALERNO UNSALTED TOP","SALERNO",33,49,1,1.59,1.59,"",26.04,"DOMINICKS   33","CHICAGO",60657,419386,876447,0.0460709184408188,0.134169965982437,0.130127176642418,0.419688016176224,0.506223499774933,10.3459272384644,25921.609375,1.55429029464722,0.61400955915451,0.280455499887466,0.0920286029577255,0.0135063556954265,0.105534955859184,0.0405190661549568,0.61400955915451,0.0135063556954265,0.472308278083801,0.0191910602152348,0.00024846289306879,0.862559258937836,0.682464480400085,249.786727905273,0.593475520610809,0.0937556251883507,0.181752741336823,0.0301112066954374,0.0412318222224712,0.0301112066954374,0.0176218990236521,0.0713430270552635,0.0477331057190895,0.0300443843007088,0.459542512893677,0.942407011985779,0.584745764732361,0.17047081887722,0.0875380709767342,0.124867588281631,0.0263506360352039,0.0613082610070705,0.557733058929443,0.172139823436737,0.0576006360352039,0.0428126975893974,0.0428126975893974
1470002882,"SALERNO UNSALTED TOP","SALERNO",33,50,2,3.18,1.59,"",26.04,"DOMINICKS   33","CHICAGO",60657,419386,876447,0.0460709184408188,0.134169965982437,0.130127176642418,0.419688016176224,0.506223499774933,10.3459272384644,25921.609375,1.55429029464722,0.61400955915451,0.280455499887466,0.0920286029577255,0.0135063556954265,0.105534955859184,0.0405190661549568,0.61400955915451,0.0135063556954265,0.472308278083801,0.0191910602152348,0.00024846289306879,0.862559258937836,0.682464480400085,249.786727905273,0.593475520610809,0.0937556251883507,0.181752741336823,0.0301112066954374,0.0412318222224712,0.0301112066954374,0.0176218990236521,0.0713430270552635,0.0477331057190895,0.0300443843007088,0.459542512893677,0.942407011985779,0.584745764732361,0.17047081887722,0.0875380709767342,0.124867588281631,0.0263506360352039,0.0613082610070705,0.557733058929443,0.172139823436737,0.0576006360352039,0.0428126975893974,0.0428126975893974
1470002882,"SALERNO UNSALTED TOP","SALERNO",33,51,1,1.59,1.59,"",26.04,"DOMINICKS   33","CHICAGO",60657,419386,876447,0.0460709184408188,0.134169965982437,0.130127176642418,0.419688016176224,0.506223499774933,10.3459272384644,25921.609375,1.55429029464722,0.61400955915451,0.280455499887466,0.0920286029577255,0.0135063556954265,0.105534955859184,0.0405190661549568,0.61400955915451,0.0135063556954265,0.472308278083801,0.0191910602152348,0.00024846289306879,0.862559258937836,0.682464480400085,249.786727905273,0.593475520610809,0.0937556251883507,0.181752741336823,0.0301112066954374,0.0412318222224712,0.0301112066954374,0.0176218990236521,0.0713430270552635,0.0477331057190895,0.0300443843007088,0.459542512893677,0.942407011985779,0.584745764732361,0.17047081887722,0.0875380709767342,0.124867588281631,0.0263506360352039,0.0613082610070705,0.557733058929443,0.172139823436737,0.0576006360352039,0.0428126975893974,0.0428126975893974
1470002882,"SALERNO UNSALTED TOP","SALERNO",33,52,2,3.18,1.59,"",26.04,"DOMINICKS   33","CHICAGO",60657,419386,876447,0.0460709184408188,0.134169965982437,0.130127176642418,0.419688016176224,0.506223499774933,10.3459272384644,25921.609375,1.55429029464722,0.61400955915451,0.280455499887466,0.0920286029577255,0.0135063556954265,0.105534955859184,0.0405190661549568,0.61400955915451,0.0135063556954265,0.472308278083801,0.0191910602152348,0.00024846289306879,0.862559258937836,0.682464480400085,249.786727905273,0.593475520610809,0.0937556251883507,0.181752741336823,0.0301112066954374,0.0412318222224712,0.0301112066954374,0.0176218990236521,0.0713430270552635,0.0477331057190895,0.0300443843007088,0.459542512893677,0.942407011985779,0.584745764732361,0.17047081887722,0.0875380709767342,0.124867588281631,0.0263506360352039,0.0613082610070705,0.557733058929443,0.172139823436737,0.0576006360352039,0.0428126975893974,0.0428126975893974
1470002882,"SALERNO UNSALTED TOP","SALERNO",33,53,4,6.36,1.59,"",26.04,"DOMINICKS   33","CHICAGO",60657,419386,876447,0.0460709184408188,0.134169965982437,0.130127176642418,0.419688016176224,0.506223499774933,10.3459272384644,25921.609375,1.55429029464722,0.61400955915451,0.280455499887466,0.0920286029577255,0.0135063556954265,0.105534955859184,0.0405190661549568,0.61400955915451,0.0135063556954265,0.472308278083801,0.0191910602152348,0.00024846289306879,0.862559258937836,0.682464480400085,249.786727905273,0.593475520610809,0.0937556251883507,0.181752741336823,0.0301112066954374,0.0412318222224712,0.0301112066954374,0.0176218990236521,0.0713430270552635,0.0477331057190895,0.0300443843007088,0.459542512893677,0.942407011985779,0.584745764732361,0.17047081887722,0.0875380709767342,0.124867588281631,0.0263506360352039,0.0613082610070705,0.557733058929443,0.172139823436737,0.0576006360352039,0.0428126975893974,0.0428126975893974
1470002882,"SALERNO UNSALTED TOP","SALERNO",33,54,3,4.77,1.59,"",26.04,"DOMINICKS   33","CHICAGO",60657,419386,876447,0.0460709184408188,0.134169965982437,0.130127176642418,0.419688016176224,0.506223499774933,10.3459272384644,25921.609375,1.55429029464722,0.61400955915451,0.280455499887466,0.0920286029577255,0.0135063556954265,0.105534955859184,0.0405190661549568,0.61400955915451,0.0135063556954265,0.472308278083801,0.0191910602152348,0.00024846289306879,0.862559258937836,0.682464480400085,249.786727905273,0.593475520610809,0.0937556251883507,0.181752741336823,0.0301112066954374,0.0412318222224712,0.0301112066954374,0.0176218990236521,0.0713430270552635,0.0477331057190895,0.0300443843007088,0.459542512893677,0.942407011985779,0.584745764732361,0.17047081887722,0.0875380709767342,0.124867588281631,0.0263506360352039,0.0613082610070705,0.557733058929443,0.172139823436737,0.0576006360352039,0.0428126975893974,0.0428126975893974
1470002882,"SALERNO UNSALTED TOP","SALERNO",33,55,5,7.95,1.59,"",26.04,"DOMINICKS   33","CHICAGO",60657,419386,876447,0.0460709184408188,0.134169965982437,0.130127176642418,0.419688016176224,0.506223499774933,10.3459272384644,25921.609375,1.55429029464722,0.61400955915451,0.280455499887466,0.0920286029577255,0.0135063556954265,0.105534955859184,0.0405190661549568,0.61400955915451,0.0135063556954265,0.472308278083801,0.0191910602152348,0.00024846289306879,0.862559258937836,0.682464480400085,249.786727905273,0.593475520610809,0.0937556251883507,0.181752741336823,0.0301112066954374,0.0412318222224712,0.0301112066954374,0.0176218990236521,0.0713430270552635,0.0477331057190895,0.0300443843007088,0.459542512893677,0.942407011985779,0.584745764732361,0.17047081887722,0.0875380709767342,0.124867588281631,0.0263506360352039,0.0613082610070705,0.557733058929443,0.172139823436737,0.0576006360352039,0.0428126975893974,0.0428126975893974
1470002882,"SALERNO UNSALTED TOP","SALERNO",33,56,4,5.36,1.34,"B",12.24,"DOMINICKS   33","CHICAGO",60657,419386,876447,0.0460709184408188,0.134169965982437,0.130127176642418,0.419688016176224,0.506223499774933,10.3459272384644,25921.609375,1.55429029464722,0.61400955915451,0.280455499887466,0.0920286029577255,0.0135063556954265,0.105534955859184,0.0405190661549568,0.61400955915451,0.0135063556954265,0.472308278083801,0.0191910602152348,0.00024846289306879,0.862559258937836,0.682464480400085,249.786727905273,0.593475520610809,0.0937556251883507,0.181752741336823,0.0301112066954374,0.0412318222224712,0.0301112066954374,0.0176218990236521,0.0713430270552635,0.0477331057190895,0.0300443843007088,0.459542512893677,0.942407011985779,0.584745764732361,0.17047081887722,0.0875380709767342,0.124867588281631,0.0263506360352039,0.0613082610070705,0.557733058929443,0.172139823436737,0.0576006360352039,0.0428126975893974,0.0428126975893974
1470002882,"SALERNO UNSALTED TOP","SALERNO",33,57,1,1.34,1.34,"B",12.24,"DOMINICKS   33","CHICAGO",60657,419386,876447,0.0460709184408188,0.134169965982437,0.130127176642418,0.419688016176224,0.506223499774933,10.3459272384644,25921.609375,1.55429029464722,0.61400955915451,0.280455499887466,0.0920286029577255,0.0135063556954265,0.105534955859184,0.0405190661549568,0.61400955915451,0.0135063556954265,0.472308278083801,0.0191910602152348,0.00024846289306879,0.862559258937836,0.682464480400085,249.786727905273,0.593475520610809,0.0937556251883507,0.181752741336823,0.0301112066954374,0.0412318222224712,0.0301112066954374,0.0176218990236521,0.0713430270552635,0.0477331057190895,0.0300443843007088,0.459542512893677,0.942407011985779,0.584745764732361,0.17047081887722,0.0875380709767342,0.124867588281631,0.0263506360352039,0.0613082610070705,0.557733058929443,0.172139823436737,0.0576006360352039,0.0428126975893974,0.0428126975893974
1470002882,"SALERNO UNSALTED TOP","SALERNO",33,58,15,17.85,1.19,"B",1.18,"DOMINICKS   33","CHICAGO",60657,419386,876447,0.0460709184408188,0.134169965982437,0.130127176642418,0.419688016176224,0.506223499774933,10.3459272384644,25921.609375,1.55429029464722,0.61400955915451,0.280455499887466,0.0920286029577255,0.0135063556954265,0.105534955859184,0.0405190661549568,0.61400955915451,0.0135063556954265,0.472308278083801,0.0191910602152348,0.00024846289306879,0.862559258937836,0.682464480400085,249.786727905273,0.593475520610809,0.0937556251883507,0.181752741336823,0.0301112066954374,0.0412318222224712,0.0301112066954374,0.0176218990236521,0.0713430270552635,0.0477331057190895,0.0300443843007088,0.459542512893677,0.942407011985779,0.584745764732361,0.17047081887722,0.0875380709767342,0.124867588281631,0.0263506360352039,0.0613082610070705,0.557733058929443,0.172139823436737,0.0576006360352039,0.0428126975893974,0.0428126975893974
1470002882,"SALERNO UNSALTED TOP","SALERNO",33,60,2,3.18,1.59,"",26.04,"DOMINICKS   33","CHICAGO",60657,419386,876447,0.0460709184408188,0.134169965982437,0.130127176642418,0.419688016176224,0.506223499774933,10.3459272384644,25921.609375,1.55429029464722,0.61400955915451,0.280455499887466,0.0920286029577255,0.0135063556954265,0.105534955859184,0.0405190661549568,0.61400955915451,0.0135063556954265,0.472308278083801,0.0191910602152348,0.00024846289306879,0.862559258937836,0.682464480400085,249.786727905273,0.593475520610809,0.0937556251883507,0.181752741336823,0.0301112066954374,0.0412318222224712,0.0301112066954374,0.0176218990236521,0.0713430270552635,0.0477331057190895,0.0300443843007088,0.459542512893677,0.942407011985779,0.584745764732361,0.17047081887722,0.0875380709767342,0.124867588281631,0.0263506360352039,0.0613082610070705,0.557733058929443,0.172139823436737,0.0576006360352039,0.0428126975893974,0.0428126975893974
