Prosjekt/dftest.csv
"UPC","DESCRIP","BRAND","STORE","WEEK","MOVE","SALES","PRICE","SALE","PROFIT","name","city","zip","lat","long","age9","age60","ethnic","educ","nocar","income","incsigma","hsizeavg","hsize1","hsize2","hsize34","hsize567","hh3plus","hh4plus","hhsingle","hhlarge","workwom","sinhouse","density","hval150","hval200","hvalmean","single","retired","unemp","wrkch5","wrkch17","nwrkch5","nwrkch17","wrkch","nwrkch","wrkwch","wrkwnch","telephn","mortgage","nwhite","poverty","shpcons","shphurr","shpavid","shpkstr","shpunft","shpbird","shopindx","shpindx"
1470002882,"SALERNO UNSALTED TOP","SALERNO",33,61,3,4.77,1.59,"",26.04,"DOMINICKS   33","CHICAGO",60657,419386,876447,0.0460709184408188,0.134169965982437,0.130127176642418,0.419688016176224,0.506223499774933,10.3459272384644,25921.609375,1.55429029464722,0.61400955915451,0.280455499887466,0.0920286029577255,0.0135063556954265,0.105534955859184,0.0405190661549568,0.61400955915451,0.0135063556954265,0.472308278083801,0.0191910602152348,0.00024846289306879,0.862559258937836,0.682464480400085,249.786727905273,0.593475520610809,0.0937556251883507,0.181752741336823,0.0301112066954374,0.0412318222224712,0.0301112066954374,0.0176218990236521,0.0713430270552635,0.0477331057190895,0.0300443843007088,0.459542512893677,0.942407011985779,0.584745764732361,0.17047081887722,0.0875380709767342,0.124867588281631,0.0263506360352039,0.0613082610070705,0.557733058929443,0.172139823436737,0.0576006360352039,0.0428126975893974,0.0428126975893974
1470002882,"SALERNO UNSALTED TOP","SALERNO",33,62,4,6.36,1.59,"",26.04,"DOMINICKS   33","CHICAGO",60657,419386,876447,0.0460709184408188,0.134169965982437,0.130127176642418,0.419688016176224,0.506223499774933,10.3459272384644,25921.609375,1.55429029464722,0.61400955915451,0.280455499887466,0.0920286029577255,0.0135063556954265,0.105534955859184,0.0405190661549568,0.61400955915451,0.0135063556954265,0.472308278083801,0.0191910602152348,0.00024846289306879,0.862559258937836,0.682464480400085,249.786727905273,0.593475520610809,0.0937556251883507,0.181752741336823,0.0301112066954374,0.0412318222224712,0.0301112066954374,0.0176218990236521,0.0713430270552635,0.0477331057190895,0.0300443843007088,0.459542512893677,0.942407011985779,0.584745764732361,0.17047081887722,0.0875380709767342,0.124867588281631,0.0263506360352039,0.0613082610070705,0.557733058929443,0.172139823436737,0.0576006360352039,0.0428126975893974,0.0428126975893974
1470002882,"SALERNO UNSALTED TOP","SALERNO",33,63,3,4.77,1.59,"",26.04,"DOMINICKS   33","CHICAGO",60657,419386,876447,0.0460709184408188,0.134169965982437,0.130127176642418,0.419688016176224,0.506223499774933,10.3459272384644,25921.609375,1.55429029464722,0.61400955915451,0.280455499887466,0.0920286029577255,0.0135063556954265,0.105534955859184,0.0405190661549568,0.61400955915451,0.0135063556954265,0.472308278083801,0.0191910602152348,0.00024846289306879,0.862559258937836,0.682464480400085,249.786727905273,0.593475520610809,0.0937556251883507,0.181752741336823,0.0301112066954374,0.0412318222224712,0.0301112066954374,0.0176218990236521,0.0713430270552635,0.0477331057190895,0.0300443843007088,0.459542512893677,0.942407011985779,0.584745764732361,0.17047081887722,0.0875380709767342,0.124867588281631,0.0263506360352039,0.0613082610070705,0.557733058929443,0.172139823436737,0.0576006360352039,0.0428126975893974,0.0428126975893974
1470002882,"SALERNO UNSALTED TOP","SALERNO",33,64,4,6.36,1.59,"",26.04,"DOMINICKS   33","CHICAGO",60657,419386,876447,0.0460709184408188,0.134169965982437,0.130127176642418,0.419688016176224,0.506223499774933,10.3459272384644,25921.609375,1.55429029464722,0.61400955915451,0.280455499887466,0.0920286029577255,0.0135063556954265,0.105534955859184,0.0405190661549568,0.61400955915451,0.0135063556954265,0.472308278083801,0.0191910602152348,0.00024846289306879,0.862559258937836,0.682464480400085,249.786727905273,0.593475520610809,0.0937556251883507,0.181752741336823,0.0301112066954374,0.0412318222224712,0.0301112066954374,0.0176218990236521,0.0713430270552635,0.0477331057190895,0.0300443843007088,0.459542512893677,0.942407011985779,0.584745764732361,0.17047081887722,0.0875380709767342,0.124867588281631,0.0263506360352039,0.0613082610070705,0.557733058929443,0.172139823436737,0.0576006360352039,0.0428126975893974,0.0428126975893974
1470002882,"SALERNO UNSALTED TOP","SALERNO",33,65,5,6.45,1.29,"B",2.71,"DOMINICKS   33","CHICAGO",60657,419386,876447,0.0460709184408188,0.134169965982437,0.130127176642418,0.419688016176224,0.506223499774933,10.3459272384644,25921.609375,1.55429029464722,0.61400955915451,0.280455499887466,0.0920286029577255,0.0135063556954265,0.105534955859184,0.0405190661549568,0.61400955915451,0.0135063556954265,0.472308278083801,0.0191910602152348,0.00024846289306879,0.862559258937836,0.682464480400085,249.786727905273,0.593475520610809,0.0937556251883507,0.181752741336823,0.0301112066954374,0.0412318222224712,0.0301112066954374,0.0176218990236521,0.0713430270552635,0.0477331057190895,0.0300443843007088,0.459542512893677,0.942407011985779,0.584745764732361,0.17047081887722,0.0875380709767342,0.124867588281631,0.0263506360352039,0.0613082610070705,0.557733058929443,0.172139823436737,0.0576006360352039,0.0428126975893974,0.0428126975893974
1470002882,"SALERNO UNSALTED TOP","SALERNO",33,66,8,10.32,1.29,"B",2.71,"DOMINICKS   33","CHICAGO",60657,419386,876447,0.0460709184408188,0.134169965982437,0.130127176642418,0.419688016176224,0.506223499774933,10.3459272384644,25921.609375,1.55429029464722,0.61400955915451,0.280455499887466,0.0920286029577255,0.0135063556954265,0.105534955859184,0.0405190661549568,0.61400955915451,0.0135063556954265,0.472308278083801,0.0191910602152348,0.00024846289306879,0.862559258937836,0.682464480400085,249.786727905273,0.593475520610809,0.0937556251883507,0.181752741336823,0.0301112066954374,0.0412318222224712,0.0301112066954374,0.0176218990236521,0.0713430270552635,0.0477331057190895,0.0300443843007088,0.459542512893677,0.942407011985779,0.584745764732361,0.17047081887722,0.0875380709767342,0.124867588281631,0.0263506360352039,0.0613082610070705,0.557733058929443,0.172139823436737,0.0576006360352039,0.0428126975893974,0.0428126975893974
1470002882,"SALERNO UNSALTED TOP","SALERNO",33,67,3,3.87,1.29,"B",2.71,"DOMINICKS   33","CHICAGO",60657,419386,876447,0.0460709184408188,0.134169965982437,0.130127176642418,0.419688016176224,0.506223499774933,10.3459272384644,25921.609375,1.55429029464722,0.61400955915451,0.280455499887466,0.0920286029577255,0.0135063556954265,0.105534955859184,0.0405190661549568,0.61400955915451,0.0135063556954265,0.472308278083801,0.0191910602152348,0.00024846289306879,0.862559258937836,0.682464480400085,249.786727905273,0.593475520610809,0.0937556251883507,0.181752741336823,0.0301112066954374,0.0412318222224712,0.0301112066954374,0.0176218990236521,0.0713430270552635,0.0477331057190895,0.0300443843007088,0.459542512893677,0.942407011985779,0.584745764732361,0.17047081887722,0.0875380709767342,0.124867588281631,0.0263506360352039,0.0613082610070705,0.557733058929443,0.172139823436737,0.0576006360352039,0.0428126975893974,0.0428126975893974
1470002882,"SALERNO UNSALTED TOP","SALERNO",33,68,3,3.87,1.29,"B",2.71,"DOMINICKS   33","CHICAGO",60657,419386,876447,0.0460709184408188,0.134169965982437,0.130127176642418,0.419688016176224,0.506223499774933,10.3459272384644,25921.609375,1.55429029464722,0.61400955915451,0.280455499887466,0.0920286029577255,0.0135063556954265,0.105534955859184,0.0405190661549568,0.61400955915451,0.0135063556954265,0.472308278083801,0.0191910602152348,0.00024846289306879,0.862559258937836,0.682464480400085,249.786727905273,0.593475520610809,0.0937556251883507,0.181752741336823,0.0301112066954374,0.0412318222224712,0.0301112066954374,0.0176218990236521,0.0713430270552635,0.0477331057190895,0.0300443843007088,0.459542512893677,0.942407011985779,0.584745764732361,0.17047081887722,0.0875380709767342,0.124867588281631,0.0263506360352039,0.0613082610070705,0.557733058929443,0.172139823436737,0.0576006360352039,0.0428126975893974,0.0428126975893974
1470002882,"SALERNO UNSALTED TOP","SALERNO",86,16,10,14.9,1.49,"",21.07,"DOMINICKS   86","CHICAGO",60618,419419,876886,0.141758516430855,0.13875637948513,0.4278664290905,0.0967639163136482,0.353421211242676,10.0889711380005,21345.9765625,2.52955937385559,0.323741763830185,0.288375020027161,0.269226759672165,0.118656478822231,0.387883216142654,0.235743433237076,0.323741763830185,0.118656478822231,0.29320678114891,0.13529072701931,0.000183418320375495,0.210053861141205,0.0816876143217087,117.930877685547,0.384547710418701,0.168956935405731,0.244589909911156,0.0671634152531624,0.0986016094684601,0.0846177414059639,0.0603245906531811,0.165765032172203,0.144942328333855,0.0662771984934807,0.218372285366058,0.90698891878128,0.454894423484802,0.465084731578827,0.152662962675095,0.214375391602516,0.0716677159070969,0.181732580065727,0.304666250944138,0.174199625849724,0.0533584430813789,0.256850451231003,0.256850451231003
1470002882,"SALERNO UNSALTED TOP","SALERNO",86,17,5,7.45,1.49,"",21.07,"DOMINICKS   86","CHICAGO",60618,419419,876886,0.141758516430855,0.13875637948513,0.4278664290905,0.0967639163136482,0.353421211242676,10.0889711380005,21345.9765625,2.52955937385559,0.323741763830185,0.288375020027161,0.269226759672165,0.118656478822231,0.387883216142654,0.235743433237076,0.323741763830185,0.118656478822231,0.29320678114891,0.13529072701931,0.000183418320375495,0.210053861141205,0.0816876143217087,117.930877685547,0.384547710418701,0.168956935405731,0.244589909911156,0.0671634152531624,0.0986016094684601,0.0846177414059639,0.0603245906531811,0.165765032172203,0.144942328333855,0.0662771984934807,0.218372285366058,0.90698891878128,0.454894423484802,0.465084731578827,0.152662962675095,0.214375391602516,0.0716677159070969,0.181732580065727,0.304666250944138,0.174199625849724,0.0533584430813789,0.256850451231003,0.256850451231003
1470002882,"SALERNO UNSALTED TOP","SALERNO",86,18,3,4.47,1.49,"",21.07,"DOMINICKS   86","CHICAGO",60618,419419,876886,0.141758516430855,0.13875637948513,0.4278664290905,0.0967639163136482,0.353421211242676,10.0889711380005,21345.9765625,2.52955937385559,0.323741763830185,0.288375020027161,0.269226759672165,0.118656478822231,0.387883216142654,0.235743433237076,0.323741763830185,0.118656478822231,0.29320678114891,0.13529072701931,0.000183418320375495,0.210053861141205,0.0816876143217087,117.930877685547,0.384547710418701,0.168956935405731,0.244589909911156,0.0671634152531624,0.0986016094684601,0.0846177414059639,0.0603245906531811,0.165765032172203,0.144942328333855,0.0662771984934807,0.218372285366058,0.90698891878128,0.454894423484802,0.465084731578827,0.152662962675095,0.214375391602516,0.0716677159070969,0.181732580065727,0.304666250944138,0.174199625849724,0.0533584430813789,0.256850451231003,0.256850451231003
1470002882,"SALERNO UNSALTED TOP","SALERNO",86,19,2,2.98,1.49,"",21.07,"DOMINICKS   86","CHICAGO",60618,419419,876886,0.141758516430855,0.13875637948513,0.4278664290905,0.0967639163136482,0.353421211242676,10.0889711380005,21345.9765625,2.52955937385559,0.323741763830185,0.288375020027161,0.269226759672165,0.118656478822231,0.387883216142654,0.235743433237076,0.323741763830185,0.118656478822231,0.29320678114891,0.13529072701931,0.000183418320375495,0.210053861141205,0.0816876143217087,117.930877685547,0.384547710418701,0.168956935405731,0.244589909911156,0.0671634152531624,0.0986016094684601,0.0846177414059639,0.0603245906531811,0.165765032172203,0.144942328333855,0.0662771984934807,0.218372285366058,0.90698891878128,0.454894423484802,0.465084731578827,0.152662962675095,0.214375391602516,0.0716677159070969,0.181732580065727,0.304666250944138,0.174199625849724,0.0533584430813789,0.256850451231003,0.256850451231003
1470002882,"SALERNO UNSALTED TOP","SALERNO",86,20,9,13.41,1.49,"",21.07,"DOMINICKS   86","CHICAGO",60618,419419,876886,0.141758516430855,0.13875637948513,0.4278664290905,0.0967639163136482,0.353421211242676,10.0889711380005,21345.9765625,2.52955937385559,0.323741763830185,0.288375020027161,0.269226759672165,0.118656478822231,0.387883216142654,0.235743433237076,0.323741763830185,0.118656478822231,0.29320678114891,0.13529072701931,0.000183418320375495,0.210053861141205,0.0816876143217087,117.930877685547,0.384547710418701,0.168956935405731,0.244589909911156,0.0671634152531624,0.0986016094684601,0.0846177414059639,0.0603245906531811,0.165765032172203,0.144942328333855,0.0662771984934807,0.218372285366058,0.90698891878128,0.454894423484802,0.465084731578827,0.152662962675095,0.214375391602516,0.0716677159070969,0.181732580065727,0.304666250944138,0.174199625849724,0.0533584430813789,0.256850451231003,0.256850451231003
1470002882,"SALERNO UNSALTED TOP","SALERNO",86,21,7,10.43,1.49,"",21.07,"DOMINICKS   86","CHICAGO",60618,419419,876886,0.141758516430855,0.13875637948513,0.4278664290905,0.0967639163136482,0.353421211242676,10.0889711380005,21345.9765625,2.52955937385559,0.323741763830185,0.288375020027161,0.269226759672165,0.118656478822231,0.387883216142654,0.235743433237076,0.323741763830185,0.118656478822231,0.29320678114891,0.13529072701931,0.000183418320375495,0.210053861141205,0.0816876143217087,117.930877685547,0.384547710418701,0.168956935405731,0.244589909911156,0.0671634152531624,0.0986016094684601,0.0846177414059639,0.0603245906531811,0.165765032172203,0.144942328333855,0.0662771984934807,0.218372285366058,0.90698891878128,0.454894423484802,0.465084731578827,0.152662962675095,0.214375391602516,0.0716677159070969,0.181732580065727,0.304666250944138,0.174199625849724,0.0533584430813789,0.256850451231003,0.256850451231003
1470002882,"SALERNO UNSALTED TOP","SALERNO",86,22,6,8.94,1.49,"",21.07,"DOMINICKS   86","CHICAGO",60618,419419,876886,0.141758516430855,0.13875637948513,0.4278664290905,0.0967639163136482,0.353421211242676,10.0889711380005,21345.9765625,2.52955937385559,0.323741763830185,0.288375020027161,0.269226759672165,0.118656478822231,0.387883216142654,0.235743433237076,0.323741763830185,0.118656478822231,0.29320678114891,0.13529072701931,0.000183418320375495,0.210053861141205,0.0816876143217087,117.930877685547,0.384547710418701,0.168956935405731,0.244589909911156,0.0671634152531624,0.0986016094684601,0.0846177414059639,0.0603245906531811,0.165765032172203,0.144942328333855,0.0662771984934807,0.218372285366058,0.90698891878128,0.454894423484802,0.465084731578827,0.152662962675095,0.214375391602516,0.0716677159070969,0.181732580065727,0.304666250944138,0.174199625849724,0.0533584430813789,0.256850451231003,0.256850451231003
1470002882,"SALERNO UNSALTED TOP","SALERNO",86,23,12,17.88,1.49,"",21.07,"DOMINICKS   86","CHICAGO",60618,419419,876886,0.141758516430855,0.13875637948513,0.4278664290905,0.0967639163136482,0.353421211242676,10.0889711380005,21345.9765625,2.52955937385559,0.323741763830185,0.288375020027161,0.269226759672165,0.118656478822231,0.387883216142654,0.235743433237076,0.323741763830185,0.118656478822231,0.29320678114891,0.13529072701931,0.000183418320375495,0.210053861141205,0.0816876143217087,117.930877685547,0.384547710418701,0.168956935405731,0.244589909911156,0.0671634152531624,0.0986016094684601,0.0846177414059639,0.0603245906531811,0.165765032172203,0.144942328333855,0.0662771984934807,0.218372285366058,0.90698891878128,0.454894423484802,0.465084731578827,0.152662962675095,0.214375391602516,0.0716677159070969,0.181732580065727,0.304666250944138,0.174199625849724,0.0533584430813789,0.256850451231003,0.256850451231003
1470002882,"SALERNO UNSALTED TOP","SALERNO",86,24,26,33.54,1.29,"B",8.84,"DOMINICKS   86","CHICAGO",60618,419419,876886,0.141758516430855,0.13875637948513,0.4278664290905,0.0967639163136482,0.353421211242676,10.0889711380005,21345.9765625,2.52955937385559,0.323741763830185,0.288375020027161,0.269226759672165,0.118656478822231,0.387883216142654,0.235743433237076,0.323741763830185,0.118656478822231,0.29320678114891,0.13529072701931,0.000183418320375495,0.210053861141205,0.0816876143217087,117.930877685547,0.384547710418701,0.168956935405731,0.244589909911156,0.0671634152531624,0.0986016094684601,0.0846177414059639,0.0603245906531811,0.165765032172203,0.144942328333855,0.0662771984934807,0.218372285366058,0.90698891878128,0.454894423484802,0.465084731578827,0.152662962675095,0.214375391602516,0.0716677159070969,0.181732580065727,0.304666250944138,0.174199625849724,0.0533584430813789,0.256850451231003,0.256850451231003
1470002882,"SALERNO UNSALTED TOP","SALERNO",86,25,10,14.9,1.49,"",21.07,"DOMINICKS   86","CHICAGO",60618,419419,876886,0.141758516430855,0.13875637948513,0.4278664290905,0.0967639163136482,0.353421211242676,10.0889711380005,21345.9765625,2.52955937385559,0.323741763830185,0.288375020027161,0.269226759672165,0.118656478822231,0.387883216142654,0.235743433237076,0.323741763830185,0.118656478822231,0.29320678114891,0.13529072701931,0.000183418320375495,0.210053861141205,0.0816876143217087,117.930877685547,0.384547710418701,0.168956935405731,0.244589909911156,0.0671634152531624,0.0986016094684601,0.0846177414059639,0.0603245906531811,0.165765032172203,0.144942328333855,0.0662771984934807,0.218372285366058,0.90698891878128,0.454894423484802,0.465084731578827,0.152662962675095,0.214375391602516,0.0716677159070969,0.181732580065727,0.304666250944138,0.174199625849724,0.0533584430813789,0.256850451231003,0.256850451231003
