Prosjekt/dftest.csv
"UPC","DESCRIP","BRAND","STORE","WEEK","MOVE","SALES","PRICE","SALE","PROFIT","name","city","zip","lat","long","age9","age60","ethnic","educ","nocar","income","incsigma","hsizeavg","hsize1","hsize2","hsize34","hsize567","hh3plus","hh4plus","hhsingle","hhlarge","workwom","sinhouse","density","hval150","hval200","hvalmean","single","retired","unemp","wrkch5","wrkch17","nwrkch5","nwrkch17","wrkch","nwrkch","wrkwch","wrkwnch","telephn","mortgage","nwhite","poverty","shpcons","shphurr","shpavid","shpkstr","shpunft","shpbird","shopindx","shpindx"
1470002882,"SALERNO UNSALTED TOP","SALERNO",86,26,12,17.88,1.49,"",21.07,"DOMINICKS   86","CHICAGO",60618,419419,876886,0.141758516430855,0.13875637948513,0.4278664290905,0.0967639163136482,0.353421211242676,10.0889711380005,21345.9765625,2.52955937385559,0.323741763830185,0.288375020027161,0.269226759672165,0.118656478822231,0.387883216142654,0.235743433237076,0.323741763830185,0.118656478822231,0.29320678114891,0.13529072701931,0.000183418320375495,0.210053861141205,0.0816876143217087,117.930877685547,0.384547710418701,0.168956935405731,0.244589909911156,0.0671634152531624,0.0986016094684601,0.0846177414059639,0.0603245906531811,0.165765032172203,0.144942328333855,0.0662771984934807,0.218372285366058,0.90698891878128,0.454894423484802,0.465084731578827,0.152662962675095,0.214375391602516,0.0716677159070969,0.181732580065727,0.304666250944138,0.174199625849724,0.0533584430813789,0.256850451231003,0.256850451231003
1470002882,"SALERNO UNSALTED TOP","SALERNO",86,27,10,14.9,1.49,"",21.07,"DOMINICKS   86","CHICAGO",60618,419419,876886,0.141758516430855,0.13875637948513,0.4278664290905,0.0967639163136482,0.353421211242676,10.0889711380005,21345.9765625,2.52955937385559,0.323741763830185,0.288375020027161,0.269226759672165,0.118656478822231,0.387883216142654,0.235743433237076,0.323741763830185,0.118656478822231,0.29320678114891,0.13529072701931,0.000183418320375495,0.210053861141205,0.0816876143217087,117.930877685547,0.384547710418701,0.168956935405731,0.244589909911156,0.0671634152531624,0.0986016094684601,0.0846177414059639,0.0603245906531811,0.165765032172203,0.144942328333855,0.0662771984934807,0.218372285366058,0.90698891878128,0.454894423484802,0.465084731578827,0.152662962675095,0.214375391602516,0.0716677159070969,0.181732580065727,0.304666250944138,0.174199625849724,0.0533584430813789,0.256850451231003,0.256850451231003
1470002882,"SALERNO UNSALTED TOP","SALERNO",86,28,8,11.92,1.49,"",21.07,"DOMINICKS   86","CHICAGO",60618,419419,876886,0.141758516430855,0.13875637948513,0.4278664290905,0.0967639163136482,0.353421211242676,10.0889711380005,21345.9765625,2.52955937385559,0.323741763830185,0.288375020027161,0.269226759672165,0.118656478822231,0.387883216142654,0.235743433237076,0.323741763830185,0.118656478822231,0.29320678114891,0.13529072701931,0.000183418320375495,0.210053861141205,0.0816876143217087,117.930877685547,0.384547710418701,0.168956935405731,0.244589909911156,0.0671634152531624,0.0986016094684601,0.0846177414059639,0.0603245906531811,0.165765032172203,0.144942328333855,0.0662771984934807,0.218372285366058,0.90698891878128,0.454894423484802,0.465084731578827,0.152662962675095,0.214375391602516,0.0716677159070969,0.181732580065727,0.304666250944138,0.174199625849724,0.0533584430813789,0.256850451231003,0.256850451231003
1470002882,"SALERNO UNSALTED TOP","SALERNO",86,29,15,19.35,1.29,"",8.84,"DOMINICKS   86","CHICAGO",60618,419419,876886,0.141758516430855,0.13875637948513,0.4278664290905,0.0967639163136482,0.353421211242676,10.0889711380005,21345.9765625,2.52955937385559,0.323741763830185,0.288375020027161,0.269226759672165,0.118656478822231,0.387883216142654,0.235743433237076,0.323741763830185,0.118656478822231,0.29320678114891,0.13529072701931,0.000183418320375495,0.210053861141205,0.0816876143217087,117.930877685547,0.384547710418701,0.168956935405731,0.244589909911156,0.0671634152531624,0.0986016094684601,0.0846177414059639,0.0603245906531811,0.165765032172203,0.144942328333855,0.0662771984934807,0.218372285366058,0.90698891878128,0.454894423484802,0.465084731578827,0.152662962675095,0.214375391602516,0.0716677159070969,0.181732580065727,0.304666250944138,0.174199625849724,0.0533584430813789,0.256850451231003,0.256850451231003
1470002882,"SALERNO UNSALTED TOP","SALERNO",86,30,3,4.47,1.49,"",21.07,"DOMINICKS   86","CHICAGO",60618,419419,876886,0.141758516430855,0.13875637948513,0.4278664290905,0.0967639163136482,0.353421211242676,10.0889711380005,21345.9765625,2.52955937385559,0.323741763830185,0.288375020027161,0.269226759672165,0.118656478822231,0.387883216142654,0.235743433237076,0.323741763830185,0.118656478822231,0.29320678114891,0.13529072701931,0.000183418320375495,0.210053861141205,0.0816876143217087,117.930877685547,0.384547710418701,0.168956935405731,0.244589909911156,0.0671634152531624,0.0986016094684601,0.0846177414059639,0.0603245906531811,0.165765032172203,0.144942328333855,0.0662771984934807,0.218372285366058,0.90698891878128,0.454894423484802,0.465084731578827,0.152662962675095,0.214375391602516,0.0716677159070969,0.181732580065727,0.304666250944138,0.174199625849724,0.0533584430813789,0.256850451231003,0.256850451231003
1470002882,"SALERNO UNSALTED TOP","SALERNO",86,31,2,2.98,1.49,"",21.07,"DOMINICKS   86","CHICAGO",60618,419419,876886,0.141758516430855,0.13875637948513,0.4278664290905,0.0967639163136482,0.353421211242676,10.0889711380005,21345.9765625,2.52955937385559,0.323741763830185,0.288375020027161,0.269226759672165,0.118656478822231,0.387883216142654,0.235743433237076,0.323741763830185,0.118656478822231,0.29320678114891,0.13529072701931,0.000183418320375495,0.210053861141205,0.0816876143217087,117.930877685547,0.384547710418701,0.168956935405731,0.244589909911156,0.0671634152531624,0.0986016094684601,0.0846177414059639,0.0603245906531811,0.165765032172203,0.144942328333855,0.0662771984934807,0.218372285366058,0.90698891878128,0.454894423484802,0.465084731578827,0.152662962675095,0.214375391602516,0.0716677159070969,0.181732580065727,0.304666250944138,0.174199625849724,0.0533584430813789,0.256850451231003,0.256850451231003
1470002882,"SALERNO UNSALTED TOP","SALERNO",86,32,4,5.96,1.49,"",21.07,"DOMINICKS   86","CHICAGO",60618,419419,876886,0.141758516430855,0.13875637948513,0.4278664290905,0.0967639163136482,0.353421211242676,10.0889711380005,21345.9765625,2.52955937385559,0.323741763830185,0.288375020027161,0.269226759672165,0.118656478822231,0.387883216142654,0.235743433237076,0.323741763830185,0.118656478822231,0.29320678114891,0.13529072701931,0.000183418320375495,0.210053861141205,0.0816876143217087,117.930877685547,0.384547710418701,0.168956935405731,0.244589909911156,0.0671634152531624,0.0986016094684601,0.0846177414059639,0.0603245906531811,0.165765032172203,0.144942328333855,0.0662771984934807,0.218372285366058,0.90698891878128,0.454894423484802,0.465084731578827,0.152662962675095,0.214375391602516,0.0716677159070969,0.181732580065727,0.304666250944138,0.174199625849724,0.0533584430813789,0.256850451231003,0.256850451231003
1470002882,"SALERNO UNSALTED TOP","SALERNO",86,33,4,5.96,1.49,"",21.07,"DOMINICKS   86","CHICAGO",60618,419419,876886,0.141758516430855,0.13875637948513,0.4278664290905,0.0967639163136482,0.353421211242676,10.0889711380005,21345.9765625,2.52955937385559,0.323741763830185,0.288375020027161,0.269226759672165,0.118656478822231,0.387883216142654,0.235743433237076,0.323741763830185,0.118656478822231,0.29320678114891,0.13529072701931,0.000183418320375495,0.210053861141205,0.0816876143217087,117.930877685547,0.384547710418701,0.168956935405731,0.244589909911156,0.0671634152531624,0.0986016094684601,0.0846177414059639,0.0603245906531811,0.165765032172203,0.144942328333855,0.0662771984934807,0.218372285366058,0.90698891878128,0.454894423484802,0.465084731578827,0.152662962675095,0.214375391602516,0.0716677159070969,0.181732580065727,0.304666250944138,0.174199625849724,0.0533584430813789,0.256850451231003,0.256850451231003
1470002882,"SALERNO UNSALTED TOP","SALERNO",86,34,129,192.21,1.49,"",21.07,"DOMINICKS   86","CHICAGO",60618,419419,876886,0.141758516430855,0.13875637948513,0.4278664290905,0.0967639163136482,0.353421211242676,10.0889711380005,21345.9765625,2.52955937385559,0.323741763830185,0.288375020027161,0.269226759672165,0.118656478822231,0.387883216142654,0.235743433237076,0.323741763830185,0.118656478822231,0.29320678114891,0.13529072701931,0.000183418320375495,0.210053861141205,0.0816876143217087,117.930877685547,0.384547710418701,0.168956935405731,0.244589909911156,0.0671634152531624,0.0986016094684601,0.0846177414059639,0.0603245906531811,0.165765032172203,0.144942328333855,0.0662771984934807,0.218372285366058,0.90698891878128,0.454894423484802,0.465084731578827,0.152662962675095,0.214375391602516,0.0716677159070969,0.181732580065727,0.304666250944138,0.174199625849724,0.0533584430813789,0.256850451231003,0.256850451231003
1470002882,"SALERNO UNSALTED TOP","SALERNO",86,35,6,8.94,1.49,"",21.07,"DOMINICKS   86","CHICAGO",60618,419419,876886,0.141758516430855,0.13875637948513,0.4278664290905,0.0967639163136482,0.353421211242676,10.0889711380005,21345.9765625,2.52955937385559,0.323741763830185,0.288375020027161,0.269226759672165,0.118656478822231,0.387883216142654,0.235743433237076,0.323741763830185,0.118656478822231,0.29320678114891,0.13529072701931,0.000183418320375495,0.210053861141205,0.0816876143217087,117.930877685547,0.384547710418701,0.168956935405731,0.244589909911156,0.0671634152531624,0.0986016094684601,0.0846177414059639,0.0603245906531811,0.165765032172203,0.144942328333855,0.0662771984934807,0.218372285366058,0.90698891878128,0.454894423484802,0.465084731578827,0.152662962675095,0.214375391602516,0.0716677159070969,0.181732580065727,0.304666250944138,0.174199625849724,0.0533584430813789,0.256850451231003,0.256850451231003
1470002882,"SALERNO UNSALTED TOP","SALERNO",86,36,2,2.98,1.49,"",21.07,"DOMINICKS   86","CHICAGO",60618,419419,876886,0.141758516430855,0.13875637948513,0.4278664290905,0.0967639163136482,0.353421211242676,10.0889711380005,21345.9765625,2.52955937385559,0.323741763830185,0.288375020027161,0.269226759672165,0.118656478822231,0.387883216142654,0.235743433237076,0.323741763830185,0.118656478822231,0.29320678114891,0.13529072701931,0.000183418320375495,0.210053861141205,0.0816876143217087,117.930877685547,0.384547710418701,0.168956935405731,0.244589909911156,0.0671634152531624,0.0986016094684601,0.0846177414059639,0.0603245906531811,0.165765032172203,0.144942328333855,0.0662771984934807,0.218372285366058,0.90698891878128,0.454894423484802,0.465084731578827,0.152662962675095,0.214375391602516,0.0716677159070969,0.181732580065727,0.304666250944138,0.174199625849724,0.0533584430813789,0.256850451231003,0.256850451231003
1470002882,"SALERNO UNSALTED TOP","SALERNO",86,37,8,11.92,1.49,"",21.07,"DOMINICKS   86","CHICAGO",60618,419419,876886,0.141758516430855,0.13875637948513,0.4278664290905,0.0967639163136482,0.353421211242676,10.0889711380005,21345.9765625,2.52955937385559,0.323741763830185,0.288375020027161,0.269226759672165,0.118656478822231,0.387883216142654,0.235743433237076,0.323741763830185,0.118656478822231,0.29320678114891,0.13529072701931,0.000183418320375495,0.210053861141205,0.0816876143217087,117.930877685547,0.384547710418701,0.168956935405731,0.244589909911156,0.0671634152531624,0.0986016094684601,0.0846177414059639,0.0603245906531811,0.165765032172203,0.144942328333855,0.0662771984934807,0.218372285366058,0.90698891878128,0.454894423484802,0.465084731578827,0.152662962675095,0.214375391602516,0.0716677159070969,0.181732580065727,0.304666250944138,0.174199625849724,0.0533584430813789,0.256850451231003,0.256850451231003
1470002882,"SALERNO UNSALTED TOP","SALERNO",86,38,21,29.19,1.39,"B",15.4,"DOMINICKS   86","CHICAGO",60618,419419,876886,0.141758516430855,0.13875637948513,0.4278664290905,0.0967639163136482,0.353421211242676,10.0889711380005,21345.9765625,2.52955937385559,0.323741763830185,0.288375020027161,0.269226759672165,0.118656478822231,0.387883216142654,0.235743433237076,0.323741763830185,0.118656478822231,0.29320678114891,0.13529072701931,0.000183418320375495,0.210053861141205,0.0816876143217087,117.930877685547,0.384547710418701,0.168956935405731,0.244589909911156,0.0671634152531624,0.0986016094684601,0.0846177414059639,0.0603245906531811,0.165765032172203,0.144942328333855,0.0662771984934807,0.218372285366058,0.90698891878128,0.454894423484802,0.465084731578827,0.152662962675095,0.214375391602516,0.0716677159070969,0.181732580065727,0.304666250944138,0.174199625849724,0.0533584430813789,0.256850451231003,0.256850451231003
1470002882,"SALERNO UNSALTED TOP","SALERNO",86,39,3,4.17,1.39,"B",15.4,"DOMINICKS   86","CHICAGO",60618,419419,876886,0.141758516430855,0.13875637948513,0.4278664290905,0.0967639163136482,0.353421211242676,10.0889711380005,21345.9765625,2.52955937385559,0.323741763830185,0.288375020027161,0.269226759672165,0.118656478822231,0.387883216142654,0.235743433237076,0.323741763830185,0.118656478822231,0.29320678114891,0.13529072701931,0.000183418320375495,0.210053861141205,0.0816876143217087,117.930877685547,0.384547710418701,0.168956935405731,0.244589909911156,0.0671634152531624,0.0986016094684601,0.0846177414059639,0.0603245906531811,0.165765032172203,0.144942328333855,0.0662771984934807,0.218372285366058,0.90698891878128,0.454894423484802,0.465084731578827,0.152662962675095,0.214375391602516,0.0716677159070969,0.181732580065727,0.304666250944138,0.174199625849724,0.0533584430813789,0.256850451231003,0.256850451231003
1470002882,"SALERNO UNSALTED TOP","SALERNO",86,40,10,13.9,1.39,"B",15.4,"DOMINICKS   86","CHICAGO",60618,419419,876886,0.141758516430855,0.13875637948513,0.4278664290905,0.0967639163136482,0.353421211242676,10.0889711380005,21345.9765625,2.52955937385559,0.323741763830185,0.288375020027161,0.269226759672165,0.118656478822231,0.387883216142654,0.235743433237076,0.323741763830185,0.118656478822231,0.29320678114891,0.13529072701931,0.000183418320375495,0.210053861141205,0.0816876143217087,117.930877685547,0.384547710418701,0.168956935405731,0.244589909911156,0.0671634152531624,0.0986016094684601,0.0846177414059639,0.0603245906531811,0.165765032172203,0.144942328333855,0.0662771984934807,0.218372285366058,0.90698891878128,0.454894423484802,0.465084731578827,0.152662962675095,0.214375391602516,0.0716677159070969,0.181732580065727,0.304666250944138,0.174199625849724,0.0533584430813789,0.256850451231003,0.256850451231003
1470002882,"SALERNO UNSALTED TOP","SALERNO",86,41,12,17.88,1.49,"",21.07,"DOMINICKS   86","CHICAGO",60618,419419,876886,0.141758516430855,0.13875637948513,0.4278664290905,0.0967639163136482,0.353421211242676,10.0889711380005,21345.9765625,2.52955937385559,0.323741763830185,0.288375020027161,0.269226759672165,0.118656478822231,0.387883216142654,0.235743433237076,0.323741763830185,0.118656478822231,0.29320678114891,0.13529072701931,0.000183418320375495,0.210053861141205,0.0816876143217087,117.930877685547,0.384547710418701,0.168956935405731,0.244589909911156,0.0671634152531624,0.0986016094684601,0.0846177414059639,0.0603245906531811,0.165765032172203,0.144942328333855,0.0662771984934807,0.218372285366058,0.90698891878128,0.454894423484802,0.465084731578827,0.152662962675095,0.214375391602516,0.0716677159070969,0.181732580065727,0.304666250944138,0.174199625849724,0.0533584430813789,0.256850451231003,0.256850451231003
1470002882,"SALERNO UNSALTED TOP","SALERNO",86,42,4,5.96,1.49,"",21.07,"DOMINICKS   86","CHICAGO",60618,419419,876886,0.141758516430855,0.13875637948513,0.4278664290905,0.0967639163136482,0.353421211242676,10.0889711380005,21345.9765625,2.52955937385559,0.323741763830185,0.288375020027161,0.269226759672165,0.118656478822231,0.387883216142654,0.235743433237076,0.323741763830185,0.118656478822231,0.29320678114891,0.13529072701931,0.000183418320375495,0.210053861141205,0.0816876143217087,117.930877685547,0.384547710418701,0.168956935405731,0.244589909911156,0.0671634152531624,0.0986016094684601,0.0846177414059639,0.0603245906531811,0.165765032172203,0.144942328333855,0.0662771984934807,0.218372285366058,0.90698891878128,0.454894423484802,0.465084731578827,0.152662962675095,0.214375391602516,0.0716677159070969,0.181732580065727,0.304666250944138,0.174199625849724,0.0533584430813789,0.256850451231003,0.256850451231003
1470002882,"SALERNO UNSALTED TOP","SALERNO",86,43,8,11.92,1.49,"B",21.07,"DOMINICKS   86","CHICAGO",60618,419419,876886,0.141758516430855,0.13875637948513,0.4278664290905,0.0967639163136482,0.353421211242676,10.0889711380005,21345.9765625,2.52955937385559,0.323741763830185,0.288375020027161,0.269226759672165,0.118656478822231,0.387883216142654,0.235743433237076,0.323741763830185,0.118656478822231,0.29320678114891,0.13529072701931,0.000183418320375495,0.210053861141205,0.0816876143217087,117.930877685547,0.384547710418701,0.168956935405731,0.244589909911156,0.0671634152531624,0.0986016094684601,0.0846177414059639,0.0603245906531811,0.165765032172203,0.144942328333855,0.0662771984934807,0.218372285366058,0.90698891878128,0.454894423484802,0.465084731578827,0.152662962675095,0.214375391602516,0.0716677159070969,0.181732580065727,0.304666250944138,0.174199625849724,0.0533584430813789,0.256850451231003,0.256850451231003
