Prosjekt/dftest.csv
"UPC","DESCRIP","BRAND","STORE","WEEK","MOVE","SALES","PRICE","SALE","PROFIT","name","city","zip","lat","long","age9","age60","ethnic","educ","nocar","income","incsigma","hsizeavg","hsize1","hsize2","hsize34","hsize567","hh3plus","hh4plus","hhsingle","hhlarge","workwom","sinhouse","density","hval150","hval200","hvalmean","single","retired","unemp","wrkch5","wrkch17","nwrkch5","nwrkch17","wrkch","nwrkch","wrkwch","wrkwnch","telephn","mortgage","nwhite","poverty","shpcons","shphurr","shpavid","shpkstr","shpunft","shpbird","shopindx","shpindx"
1470002882,"SALERNO UNSALTED TOP","SALERNO",86,44,7,10.43,1.49,"",21.07,"DOMINICKS   86","CHICAGO",60618,419419,876886,0.141758516430855,0.13875637948513,0.4278664290905,0.0967639163136482,0.353421211242676,10.0889711380005,21345.9765625,2.52955937385559,0.323741763830185,0.288375020027161,0.269226759672165,0.118656478822231,0.387883216142654,0.235743433237076,0.323741763830185,0.118656478822231,0.29320678114891,0.13529072701931,0.000183418320375495,0.210053861141205,0.0816876143217087,117.930877685547,0.384547710418701,0.168956935405731,0.244589909911156,0.0671634152531624,0.0986016094684601,0.0846177414059639,0.0603245906531811,0.165765032172203,0.144942328333855,0.0662771984934807,0.218372285366058,0.90698891878128,0.454894423484802,0.465084731578827,0.152662962675095,0.214375391602516,0.0716677159070969,0.181732580065727,0.304666250944138,0.174199625849724,0.0533584430813789,0.256850451231003,0.256850451231003
1470002882,"SALERNO UNSALTED TOP","SALERNO",86,45,3,4.47,1.49,"",21.07,"DOMINICKS   86","CHICAGO",60618,419419,876886,0.141758516430855,0.13875637948513,0.4278664290905,0.0967639163136482,0.353421211242676,10.0889711380005,21345.9765625,2.52955937385559,0.323741763830185,0.288375020027161,0.269226759672165,0.118656478822231,0.387883216142654,0.235743433237076,0.323741763830185,0.118656478822231,0.29320678114891,0.13529072701931,0.000183418320375495,0.210053861141205,0.0816876143217087,117.930877685547,0.384547710418701,0.168956935405731,0.244589909911156,0.0671634152531624,0.0986016094684601,0.0846177414059639,0.0603245906531811,0.165765032172203,0.144942328333855,0.0662771984934807,0.218372285366058,0.90698891878128,0.454894423484802,0.465084731578827,0.152662962675095,0.214375391602516,0.0716677159070969,0.181732580065727,0.304666250944138,0.174199625849724,0.0533584430813789,0.256850451231003,0.256850451231003
1470002882,"SALERNO UNSALTED TOP","SALERNO",86,46,7,10.43,1.49,"",21.07,"DOMINICKS   86","CHICAGO",60618,419419,876886,0.141758516430855,0.13875637948513,0.4278664290905,0.0967639163136482,0.353421211242676,10.0889711380005,21345.9765625,2.52955937385559,0.323741763830185,0.288375020027161,0.269226759672165,0.118656478822231,0.387883216142654,0.235743433237076,0.323741763830185,0.118656478822231,0.29320678114891,0.13529072701931,0.000183418320375495,0.210053861141205,0.0816876143217087,117.930877685547,0.384547710418701,0.168956935405731,0.244589909911156,0.0671634152531624,0.0986016094684601,0.0846177414059639,0.0603245906531811,0.165765032172203,0.144942328333855,0.0662771984934807,0.218372285366058,0.90698891878128,0.454894423484802,0.465084731578827,0.152662962675095,0.214375391602516,0.0716677159070969,0.181732580065727,0.304666250944138,0.174199625849724,0.0533584430813789,0.256850451231003,0.256850451231003
1470002882,"SALERNO UNSALTED TOP","SALERNO",86,47,9,13.41,1.49,"",21.07,"DOMINICKS   86","CHICAGO",60618,419419,876886,0.141758516430855,0.13875637948513,0.4278664290905,0.0967639163136482,0.353421211242676,10.0889711380005,21345.9765625,2.52955937385559,0.323741763830185,0.288375020027161,0.269226759672165,0.118656478822231,0.387883216142654,0.235743433237076,0.323741763830185,0.118656478822231,0.29320678114891,0.13529072701931,0.000183418320375495,0.210053861141205,0.0816876143217087,117.930877685547,0.384547710418701,0.168956935405731,0.244589909911156,0.0671634152531624,0.0986016094684601,0.0846177414059639,0.0603245906531811,0.165765032172203,0.144942328333855,0.0662771984934807,0.218372285366058,0.90698891878128,0.454894423484802,0.465084731578827,0.152662962675095,0.214375391602516,0.0716677159070969,0.181732580065727,0.304666250944138,0.174199625849724,0.0533584430813789,0.256850451231003,0.256850451231003
1470002882,"SALERNO UNSALTED TOP","SALERNO",86,48,7,10.43,1.49,"",21.07,"DOMINICKS   86","CHICAGO",60618,419419,876886,0.141758516430855,0.13875637948513,0.4278664290905,0.0967639163136482,0.353421211242676,10.0889711380005,21345.9765625,2.52955937385559,0.323741763830185,0.288375020027161,0.269226759672165,0.118656478822231,0.387883216142654,0.235743433237076,0.323741763830185,0.118656478822231,0.29320678114891,0.13529072701931,0.000183418320375495,0.210053861141205,0.0816876143217087,117.930877685547,0.384547710418701,0.168956935405731,0.244589909911156,0.0671634152531624,0.0986016094684601,0.0846177414059639,0.0603245906531811,0.165765032172203,0.144942328333855,0.0662771984934807,0.218372285366058,0.90698891878128,0.454894423484802,0.465084731578827,0.152662962675095,0.214375391602516,0.0716677159070969,0.181732580065727,0.304666250944138,0.174199625849724,0.0533584430813789,0.256850451231003,0.256850451231003
1470002882,"SALERNO UNSALTED TOP","SALERNO",86,49,7,10.43,1.49,"",21.07,"DOMINICKS   86","CHICAGO",60618,419419,876886,0.141758516430855,0.13875637948513,0.4278664290905,0.0967639163136482,0.353421211242676,10.0889711380005,21345.9765625,2.52955937385559,0.323741763830185,0.288375020027161,0.269226759672165,0.118656478822231,0.387883216142654,0.235743433237076,0.323741763830185,0.118656478822231,0.29320678114891,0.13529072701931,0.000183418320375495,0.210053861141205,0.0816876143217087,117.930877685547,0.384547710418701,0.168956935405731,0.244589909911156,0.0671634152531624,0.0986016094684601,0.0846177414059639,0.0603245906531811,0.165765032172203,0.144942328333855,0.0662771984934807,0.218372285366058,0.90698891878128,0.454894423484802,0.465084731578827,0.152662962675095,0.214375391602516,0.0716677159070969,0.181732580065727,0.304666250944138,0.174199625849724,0.0533584430813789,0.256850451231003,0.256850451231003
1470002882,"SALERNO UNSALTED TOP","SALERNO",86,50,9,13.41,1.49,"",21.07,"DOMINICKS   86","CHICAGO",60618,419419,876886,0.141758516430855,0.13875637948513,0.4278664290905,0.0967639163136482,0.353421211242676,10.0889711380005,21345.9765625,2.52955937385559,0.323741763830185,0.288375020027161,0.269226759672165,0.118656478822231,0.387883216142654,0.235743433237076,0.323741763830185,0.118656478822231,0.29320678114891,0.13529072701931,0.000183418320375495,0.210053861141205,0.0816876143217087,117.930877685547,0.384547710418701,0.168956935405731,0.244589909911156,0.0671634152531624,0.0986016094684601,0.0846177414059639,0.0603245906531811,0.165765032172203,0.144942328333855,0.0662771984934807,0.218372285366058,0.90698891878128,0.454894423484802,0.465084731578827,0.152662962675095,0.214375391602516,0.0716677159070969,0.181732580065727,0.304666250944138,0.174199625849724,0.0533584430813789,0.256850451231003,0.256850451231003
1470002882,"SALERNO UNSALTED TOP","SALERNO",86,51,8,11.92,1.49,"",21.07,"DOMINICKS   86","CHICAGO",60618,419419,876886,0.141758516430855,0.13875637948513,0.4278664290905,0.0967639163136482,0.353421211242676,10.0889711380005,21345.9765625,2.52955937385559,0.323741763830185,0.288375020027161,0.269226759672165,0.118656478822231,0.387883216142654,0.235743433237076,0.323741763830185,0.118656478822231,0.29320678114891,0.13529072701931,0.000183418320375495,0.210053861141205,0.0816876143217087,117.930877685547,0.384547710418701,0.168956935405731,0.244589909911156,0.0671634152531624,0.0986016094684601,0.0846177414059639,0.0603245906531811,0.165765032172203,0.144942328333855,0.0662771984934807,0.218372285366058,0.90698891878128,0.454894423484802,0.465084731578827,0.152662962675095,0.214375391602516,0.0716677159070969,0.181732580065727,0.304666250944138,0.174199625849724,0.0533584430813789,0.256850451231003,0.256850451231003
1470002882,"SALERNO UNSALTED TOP","SALERNO",86,52,6,8.94,1.49,"",21.07,"DOMINICKS   86","CHICAGO",60618,419419,876886,0.141758516430855,0.13875637948513,0.4278664290905,0.0967639163136482,0.353421211242676,10.0889711380005,21345.9765625,2.52955937385559,0.323741763830185,0.288375020027161,0.269226759672165,0.118656478822231,0.387883216142654,0.235743433237076,0.323741763830185,0.118656478822231,0.29320678114891,0.13529072701931,0.000183418320375495,0.210053861141205,0.0816876143217087,117.930877685547,0.384547710418701,0.168956935405731,0.244589909911156,0.0671634152531624,0.0986016094684601,0.0846177414059639,0.0603245906531811,0.165765032172203,0.144942328333855,0.0662771984934807,0.218372285366058,0.90698891878128,0.454894423484802,0.465084731578827,0.152662962675095,0.214375391602516,0.0716677159070969,0.181732580065727,0.304666250944138,0.174199625849724,0.0533584430813789,0.256850451231003,0.256850451231003
1470002882,"SALERNO UNSALTED TOP","SALERNO",86,53,7,10.43,1.49,"",21.07,"DOMINICKS   86","CHICAGO",60618,419419,876886,0.141758516430855,0.13875637948513,0.4278664290905,0.0967639163136482,0.353421211242676,10.0889711380005,21345.9765625,2.52955937385559,0.323741763830185,0.288375020027161,0.269226759672165,0.118656478822231,0.387883216142654,0.235743433237076,0.323741763830185,0.118656478822231,0.29320678114891,0.13529072701931,0.000183418320375495,0.210053861141205,0.0816876143217087,117.930877685547,0.384547710418701,0.168956935405731,0.244589909911156,0.0671634152531624,0.0986016094684601,0.0846177414059639,0.0603245906531811,0.165765032172203,0.144942328333855,0.0662771984934807,0.218372285366058,0.90698891878128,0.454894423484802,0.465084731578827,0.152662962675095,0.214375391602516,0.0716677159070969,0.181732580065727,0.304666250944138,0.174199625849724,0.0533584430813789,0.256850451231003,0.256850451231003
1470002882,"SALERNO UNSALTED TOP","SALERNO",86,54,5,7.45,1.49,"",21.07,"DOMINICKS   86","CHICAGO",60618,419419,876886,0.141758516430855,0.13875637948513,0.4278664290905,0.0967639163136482,0.353421211242676,10.0889711380005,21345.9765625,2.52955937385559,0.323741763830185,0.288375020027161,0.269226759672165,0.118656478822231,0.387883216142654,0.235743433237076,0.323741763830185,0.118656478822231,0.29320678114891,0.13529072701931,0.000183418320375495,0.210053861141205,0.0816876143217087,117.930877685547,0.384547710418701,0.168956935405731,0.244589909911156,0.0671634152531624,0.0986016094684601,0.0846177414059639,0.0603245906531811,0.165765032172203,0.144942328333855,0.0662771984934807,0.218372285366058,0.90698891878128,0.454894423484802,0.465084731578827,0.152662962675095,0.214375391602516,0.0716677159070969,0.181732580065727,0.304666250944138,0.174199625849724,0.0533584430813789,0.256850451231003,0.256850451231003
1470002882,"SALERNO UNSALTED TOP","SALERNO",86,55,3,4.47,1.49,"",21.07,"DOMINICKS   86","CHICAGO",60618,419419,876886,0.141758516430855,0.13875637948513,0.4278664290905,0.0967639163136482,0.353421211242676,10.0889711380005,21345.9765625,2.52955937385559,0.323741763830185,0.288375020027161,0.269226759672165,0.118656478822231,0.387883216142654,0.235743433237076,0.323741763830185,0.118656478822231,0.29320678114891,0.13529072701931,0.000183418320375495,0.210053861141205,0.0816876143217087,117.930877685547,0.384547710418701,0.168956935405731,0.244589909911156,0.0671634152531624,0.0986016094684601,0.0846177414059639,0.0603245906531811,0.165765032172203,0.144942328333855,0.0662771984934807,0.218372285366058,0.90698891878128,0.454894423484802,0.465084731578827,0.152662962675095,0.214375391602516,0.0716677159070969,0.181732580065727,0.304666250944138,0.174199625849724,0.0533584430813789,0.256850451231003,0.256850451231003
1470002882,"SALERNO UNSALTED TOP","SALERNO",86,56,2,2.68,1.34,"B",12.24,"DOMINICKS   86","CHICAGO",60618,419419,876886,0.141758516430855,0.13875637948513,0.4278664290905,0.0967639163136482,0.353421211242676,10.0889711380005,21345.9765625,2.52955937385559,0.323741763830185,0.288375020027161,0.269226759672165,0.118656478822231,0.387883216142654,0.235743433237076,0.323741763830185,0.118656478822231,0.29320678114891,0.13529072701931,0.000183418320375495,0.210053861141205,0.0816876143217087,117.930877685547,0.384547710418701,0.168956935405731,0.244589909911156,0.0671634152531624,0.0986016094684601,0.0846177414059639,0.0603245906531811,0.165765032172203,0.144942328333855,0.0662771984934807,0.218372285366058,0.90698891878128,0.454894423484802,0.465084731578827,0.152662962675095,0.214375391602516,0.0716677159070969,0.181732580065727,0.304666250944138,0.174199625849724,0.0533584430813789,0.256850451231003,0.256850451231003
1470002882,"SALERNO UNSALTED TOP","SALERNO",86,57,9,12.06,1.34,"B",12.24,"DOMINICKS   86","CHICAGO",60618,419419,876886,0.141758516430855,0.13875637948513,0.4278664290905,0.0967639163136482,0.353421211242676,10.0889711380005,21345.9765625,2.52955937385559,0.323741763830185,0.288375020027161,0.269226759672165,0.118656478822231,0.387883216142654,0.235743433237076,0.323741763830185,0.118656478822231,0.29320678114891,0.13529072701931,0.000183418320375495,0.210053861141205,0.0816876143217087,117.930877685547,0.384547710418701,0.168956935405731,0.244589909911156,0.0671634152531624,0.0986016094684601,0.0846177414059639,0.0603245906531811,0.165765032172203,0.144942328333855,0.0662771984934807,0.218372285366058,0.90698891878128,0.454894423484802,0.465084731578827,0.152662962675095,0.214375391602516,0.0716677159070969,0.181732580065727,0.304666250944138,0.174199625849724,0.0533584430813789,0.256850451231003,0.256850451231003
1470002882,"SALERNO UNSALTED TOP","SALERNO",86,58,12,14.28,1.19,"B",1.18,"DOMINICKS   86","CHICAGO",60618,419419,876886,0.141758516430855,0.13875637948513,0.4278664290905,0.0967639163136482,0.353421211242676,10.0889711380005,21345.9765625,2.52955937385559,0.323741763830185,0.288375020027161,0.269226759672165,0.118656478822231,0.387883216142654,0.235743433237076,0.323741763830185,0.118656478822231,0.29320678114891,0.13529072701931,0.000183418320375495,0.210053861141205,0.0816876143217087,117.930877685547,0.384547710418701,0.168956935405731,0.244589909911156,0.0671634152531624,0.0986016094684601,0.0846177414059639,0.0603245906531811,0.165765032172203,0.144942328333855,0.0662771984934807,0.218372285366058,0.90698891878128,0.454894423484802,0.465084731578827,0.152662962675095,0.214375391602516,0.0716677159070969,0.181732580065727,0.304666250944138,0.174199625849724,0.0533584430813789,0.256850451231003,0.256850451231003
1470002882,"SALERNO UNSALTED TOP","SALERNO",86,59,4,5.96,1.49,"",21.07,"DOMINICKS   86","CHICAGO",60618,419419,876886,0.141758516430855,0.13875637948513,0.4278664290905,0.0967639163136482,0.353421211242676,10.0889711380005,21345.9765625,2.52955937385559,0.323741763830185,0.288375020027161,0.269226759672165,0.118656478822231,0.387883216142654,0.235743433237076,0.323741763830185,0.118656478822231,0.29320678114891,0.13529072701931,0.000183418320375495,0.210053861141205,0.0816876143217087,117.930877685547,0.384547710418701,0.168956935405731,0.244589909911156,0.0671634152531624,0.0986016094684601,0.0846177414059639,0.0603245906531811,0.165765032172203,0.144942328333855,0.0662771984934807,0.218372285366058,0.90698891878128,0.454894423484802,0.465084731578827,0.152662962675095,0.214375391602516,0.0716677159070969,0.181732580065727,0.304666250944138,0.174199625849724,0.0533584430813789,0.256850451231003,0.256850451231003
1470002882,"SALERNO UNSALTED TOP","SALERNO",86,60,6,8.94,1.49,"",21.07,"DOMINICKS   86","CHICAGO",60618,419419,876886,0.141758516430855,0.13875637948513,0.4278664290905,0.0967639163136482,0.353421211242676,10.0889711380005,21345.9765625,2.52955937385559,0.323741763830185,0.288375020027161,0.269226759672165,0.118656478822231,0.387883216142654,0.235743433237076,0.323741763830185,0.118656478822231,0.29320678114891,0.13529072701931,0.000183418320375495,0.210053861141205,0.0816876143217087,117.930877685547,0.384547710418701,0.168956935405731,0.244589909911156,0.0671634152531624,0.0986016094684601,0.0846177414059639,0.0603245906531811,0.165765032172203,0.144942328333855,0.0662771984934807,0.218372285366058,0.90698891878128,0.454894423484802,0.465084731578827,0.152662962675095,0.214375391602516,0.0716677159070969,0.181732580065727,0.304666250944138,0.174199625849724,0.0533584430813789,0.256850451231003,0.256850451231003
1470002882,"SALERNO UNSALTED TOP","SALERNO",86,61,2,3.38,1.69,"",30.41,"DOMINICKS   86","CHICAGO",60618,419419,876886,0.141758516430855,0.13875637948513,0.4278664290905,0.0967639163136482,0.353421211242676,10.0889711380005,21345.9765625,2.52955937385559,0.323741763830185,0.288375020027161,0.269226759672165,0.118656478822231,0.387883216142654,0.235743433237076,0.323741763830185,0.118656478822231,0.29320678114891,0.13529072701931,0.000183418320375495,0.210053861141205,0.0816876143217087,117.930877685547,0.384547710418701,0.168956935405731,0.244589909911156,0.0671634152531624,0.0986016094684601,0.0846177414059639,0.0603245906531811,0.165765032172203,0.144942328333855,0.0662771984934807,0.218372285366058,0.90698891878128,0.454894423484802,0.465084731578827,0.152662962675095,0.214375391602516,0.0716677159070969,0.181732580065727,0.304666250944138,0.174199625849724,0.0533584430813789,0.256850451231003,0.256850451231003
1470002882,"SALERNO UNSALTED TOP","SALERNO",86,62,5,8.45,1.69,"",30.41,"DOMINICKS   86","CHICAGO",60618,419419,876886,0.141758516430855,0.13875637948513,0.4278664290905,0.0967639163136482,0.353421211242676,10.0889711380005,21345.9765625,2.52955937385559,0.323741763830185,0.288375020027161,0.269226759672165,0.118656478822231,0.387883216142654,0.235743433237076,0.323741763830185,0.118656478822231,0.29320678114891,0.13529072701931,0.000183418320375495,0.210053861141205,0.0816876143217087,117.930877685547,0.384547710418701,0.168956935405731,0.244589909911156,0.0671634152531624,0.0986016094684601,0.0846177414059639,0.0603245906531811,0.165765032172203,0.144942328333855,0.0662771984934807,0.218372285366058,0.90698891878128,0.454894423484802,0.465084731578827,0.152662962675095,0.214375391602516,0.0716677159070969,0.181732580065727,0.304666250944138,0.174199625849724,0.0533584430813789,0.256850451231003,0.256850451231003
1470002882,"SALERNO UNSALTED TOP","SALERNO",86,64,4,6.76,1.69,"",30.41,"DOMINICKS   86","CHICAGO",60618,419419,876886,0.141758516430855,0.13875637948513,0.4278664290905,0.0967639163136482,0.353421211242676,10.0889711380005,21345.9765625,2.52955937385559,0.323741763830185,0.288375020027161,0.269226759672165,0.118656478822231,0.387883216142654,0.235743433237076,0.323741763830185,0.118656478822231,0.29320678114891,0.13529072701931,0.000183418320375495,0.210053861141205,0.0816876143217087,117.930877685547,0.384547710418701,0.168956935405731,0.244589909911156,0.0671634152531624,0.0986016094684601,0.0846177414059639,0.0603245906531811,0.165765032172203,0.144942328333855,0.0662771984934807,0.218372285366058,0.90698891878128,0.454894423484802,0.465084731578827,0.152662962675095,0.214375391602516,0.0716677159070969,0.181732580065727,0.304666250944138,0.174199625849724,0.0533584430813789,0.256850451231003,0.256850451231003
1470002882,"SALERNO UNSALTED TOP","SALERNO",86,65,11,14.19,1.29,"B",2.71,"DOMINICKS   86","CHICAGO",60618,419419,876886,0.141758516430855,0.13875637948513,0.4278664290905,0.0967639163136482,0.353421211242676,10.0889711380005,21345.9765625,2.52955937385559,0.323741763830185,0.288375020027161,0.269226759672165,0.118656478822231,0.387883216142654,0.235743433237076,0.323741763830185,0.118656478822231,0.29320678114891,0.13529072701931,0.000183418320375495,0.210053861141205,0.0816876143217087,117.930877685547,0.384547710418701,0.168956935405731,0.244589909911156,0.0671634152531624,0.0986016094684601,0.0846177414059639,0.0603245906531811,0.165765032172203,0.144942328333855,0.0662771984934807,0.218372285366058,0.90698891878128,0.454894423484802,0.465084731578827,0.152662962675095,0.214375391602516,0.0716677159070969,0.181732580065727,0.304666250944138,0.174199625849724,0.0533584430813789,0.256850451231003,0.256850451231003
1470002882,"SALERNO UNSALTED TOP","SALERNO",86,66,12,15.48,1.29,"B",2.71,"DOMINICKS   86","CHICAGO",60618,419419,876886,0.141758516430855,0.13875637948513,0.4278664290905,0.0967639163136482,0.353421211242676,10.0889711380005,21345.9765625,2.52955937385559,0.323741763830185,0.288375020027161,0.269226759672165,0.118656478822231,0.387883216142654,0.235743433237076,0.323741763830185,0.118656478822231,0.29320678114891,0.13529072701931,0.000183418320375495,0.210053861141205,0.0816876143217087,117.930877685547,0.384547710418701,0.168956935405731,0.244589909911156,0.0671634152531624,0.0986016094684601,0.0846177414059639,0.0603245906531811,0.165765032172203,0.144942328333855,0.0662771984934807,0.218372285366058,0.90698891878128,0.454894423484802,0.465084731578827,0.152662962675095,0.214375391602516,0.0716677159070969,0.181732580065727,0.304666250944138,0.174199625849724,0.0533584430813789,0.256850451231003,0.256850451231003
1470002882,"SALERNO UNSALTED TOP","SALERNO",86,67,2,2.58,1.29,"B",2.71,"DOMINICKS   86","CHICAGO",60618,419419,876886,0.141758516430855,0.13875637948513,0.4278664290905,0.0967639163136482,0.353421211242676,10.0889711380005,21345.9765625,2.52955937385559,0.323741763830185,0.288375020027161,0.269226759672165,0.118656478822231,0.387883216142654,0.235743433237076,0.323741763830185,0.118656478822231,0.29320678114891,0.13529072701931,0.000183418320375495,0.210053861141205,0.0816876143217087,117.930877685547,0.384547710418701,0.168956935405731,0.244589909911156,0.0671634152531624,0.0986016094684601,0.0846177414059639,0.0603245906531811,0.165765032172203,0.144942328333855,0.0662771984934807,0.218372285366058,0.90698891878128,0.454894423484802,0.465084731578827,0.152662962675095,0.214375391602516,0.0716677159070969,0.181732580065727,0.304666250944138,0.174199625849724,0.0533584430813789,0.256850451231003,0.256850451231003
1470002882,"SALERNO UNSALTED TOP","SALERNO",86,68,10,12.9,1.29,"B",2.71,"DOMINICKS   86","CHICAGO",60618,419419,876886,0.141758516430855,0.13875637948513,0.4278664290905,0.0967639163136482,0.353421211242676,10.0889711380005,21345.9765625,2.52955937385559,0.323741763830185,0.288375020027161,0.269226759672165,0.118656478822231,0.387883216142654,0.235743433237076,0.323741763830185,0.118656478822231,0.29320678114891,0.13529072701931,0.000183418320375495,0.210053861141205,0.0816876143217087,117.930877685547,0.384547710418701,0.168956935405731,0.244589909911156,0.0671634152531624,0.0986016094684601,0.0846177414059639,0.0603245906531811,0.165765032172203,0.144942328333855,0.0662771984934807,0.218372285366058,0.90698891878128,0.454894423484802,0.465084731578827,0.152662962675095,0.214375391602516,0.0716677159070969,0.181732580065727,0.304666250944138,0.174199625849724,0.0533584430813789,0.256850451231003,0.256850451231003
